{
  "file": "_scss-forward-source.scss",
  "languageId": "scss",
  "strategyNames": [
    "findHexRGBA",
    "findColorFunctions",
    "findHwb",
    "findTailwindThemeColors",
    "findNamedColors",
    "findRgbNoFunction",
    "findHslNoFunction",
    "findCssVars",
    "findScssVars"
  ],
  "matches": [
    {
      "index": 0,
      "line": 3,
      "column": 25,
      "text": "#0891b2",
      "range": [
        65,
        72
      ],
      "color": "rgb(8, 145, 178)",
      "render": {
        "backgroundColor": "rgb(8, 145, 178)",
        "color": "#000000",
        "border": "3px solid rgb(8, 145, 178)",
        "overviewRulerColor": "rgb(8, 145, 178)"
      }
    },
    {
      "index": 1,
      "line": 4,
      "column": 31,
      "text": "coral",
      "range": [
        104,
        109
      ],
      "color": "rgb(255, 127, 80)",
      "render": {
        "backgroundColor": "rgb(255, 127, 80)",
        "color": "#000000",
        "border": "3px solid rgb(255, 127, 80)",
        "overviewRulerColor": "rgb(255, 127, 80)"
      }
    }
  ]
}