{
  "file": "css.css",
  "languageId": "css",
  "strategyNames": [
    "findHexRGBA",
    "findColorFunctions",
    "findHwb",
    "findTailwindThemeColors",
    "findNamedColors",
    "findRgbNoFunction",
    "findHslNoFunction",
    "findCssVars"
  ],
  "matches": [
    {
      "index": 0,
      "line": 7,
      "column": 10,
      "text": "#f00",
      "range": [
        159,
        163
      ],
      "color": "rgb(255, 0, 0)",
      "render": {
        "backgroundColor": "rgb(255, 0, 0)",
        "color": "#000000",
        "border": null,
        "overviewRulerColor": "rgb(255, 0, 0)"
      }
    },
    {
      "index": 1,
      "line": 8,
      "column": 15,
      "text": "#0f0",
      "range": [
        179,
        183
      ],
      "color": "rgb(0, 255, 0)",
      "render": {
        "backgroundColor": "rgb(0, 255, 0)",
        "color": "#000000",
        "border": null,
        "overviewRulerColor": "rgb(0, 255, 0)"
      }
    },
    {
      "index": 2,
      "line": 9,
      "column": 17,
      "text": "#00f",
      "range": [
        201,
        205
      ],
      "color": "rgb(0, 0, 255)",
      "render": {
        "backgroundColor": "rgb(0, 0, 255)",
        "color": "#FFFFFF",
        "border": null,
        "overviewRulerColor": "rgb(0, 0, 255)"
      }
    },
    {
      "index": 3,
      "line": 14,
      "column": 10,
      "text": "#ff0000",
      "range": [
        256,
        263
      ],
      "color": "rgb(255, 0, 0)",
      "render": {
        "backgroundColor": "rgb(255, 0, 0)",
        "color": "#000000",
        "border": null,
        "overviewRulerColor": "rgb(255, 0, 0)"
      }
    },
    {
      "index": 4,
      "line": 15,
      "column": 15,
      "text": "#00ff00",
      "range": [
        279,
        286
      ],
      "color": "rgb(0, 255, 0)",
      "render": {
        "backgroundColor": "rgb(0, 255, 0)",
        "color": "#000000",
        "border": null,
        "overviewRulerColor": "rgb(0, 255, 0)"
      }
    },
    {
      "index": 5,
      "line": 16,
      "column": 17,
      "text": "#0000ff",
      "range": [
        304,
        311
      ],
      "color": "rgb(0, 0, 255)",
      "render": {
        "backgroundColor": "rgb(0, 0, 255)",
        "color": "#FFFFFF",
        "border": null,
        "overviewRulerColor": "rgb(0, 0, 255)"
      }
    },
    {
      "index": 6,
      "line": 21,
      "column": 10,
      "text": "#f00f",
      "range": [
        377,
        382
      ],
      "color": "rgb(255, 0, 0)",
      "render": {
        "backgroundColor": "rgb(255, 0, 0)",
        "color": "#000000",
        "border": null,
        "overviewRulerColor": "rgb(255, 0, 0)"
      }
    },
    {
      "index": 7,
      "line": 22,
      "column": 15,
      "text": "#0f0c",
      "range": [
        398,
        403
      ],
      "color": "rgba(0, 255, 0, 0.8)",
      "render": {
        "backgroundColor": "rgb(0, 255, 0)",
        "color": "#000000",
        "border": null,
        "overviewRulerColor": "rgb(0, 255, 0)"
      }
    },
    {
      "index": 8,
      "line": 23,
      "column": 17,
      "text": "#00f8",
      "range": [
        421,
        426
      ],
      "color": "rgba(0, 0, 255, 0.533)",
      "render": {
        "backgroundColor": "rgb(0, 0, 255)",
        "color": "#FFFFFF",
        "border": null,
        "overviewRulerColor": "rgb(0, 0, 255)"
      }
    },
    {
      "index": 9,
      "line": 28,
      "column": 10,
      "text": "#ff000080",
      "range": [
        496,
        505
      ],
      "color": "rgba(255, 0, 0, 0.502)",
      "render": {
        "backgroundColor": "rgb(255, 0, 0)",
        "color": "#000000",
        "border": null,
        "overviewRulerColor": "rgb(255, 0, 0)"
      }
    },
    {
      "index": 10,
      "line": 29,
      "column": 15,
      "text": "#00ff00cc",
      "range": [
        521,
        530
      ],
      "color": "rgba(0, 255, 0, 0.8)",
      "render": {
        "backgroundColor": "rgb(0, 255, 0)",
        "color": "#000000",
        "border": null,
        "overviewRulerColor": "rgb(0, 255, 0)"
      }
    },
    {
      "index": 11,
      "line": 30,
      "column": 17,
      "text": "#0000ffff",
      "range": [
        548,
        557
      ],
      "color": "rgb(0, 0, 255)",
      "render": {
        "backgroundColor": "rgb(0, 0, 255)",
        "color": "#FFFFFF",
        "border": null,
        "overviewRulerColor": "rgb(0, 0, 255)"
      }
    },
    {
      "index": 12,
      "line": 35,
      "column": 10,
      "text": "0xff0000",
      "range": [
        601,
        609
      ],
      "color": "rgb(255, 0, 0)",
      "render": {
        "backgroundColor": "rgb(255, 0, 0)",
        "color": "#000000",
        "border": null,
        "overviewRulerColor": "rgb(255, 0, 0)"
      }
    },
    {
      "index": 13,
      "line": 36,
      "column": 15,
      "text": "0x00ff00",
      "range": [
        625,
        633
      ],
      "color": "rgb(0, 255, 0)",
      "render": {
        "backgroundColor": "rgb(0, 255, 0)",
        "color": "#000000",
        "border": null,
        "overviewRulerColor": "rgb(0, 255, 0)"
      }
    },
    {
      "index": 14,
      "line": 45,
      "column": 10,
      "text": "rgb(255, 0, 0)",
      "range": [
        811,
        825
      ],
      "color": "rgb(255, 0, 0)",
      "render": {
        "backgroundColor": "rgb(255, 0, 0)",
        "color": "#000000",
        "border": null,
        "overviewRulerColor": "rgb(255, 0, 0)"
      }
    },
    {
      "index": 15,
      "line": 46,
      "column": 15,
      "text": "rgb(0, 128, 255)",
      "range": [
        841,
        857
      ],
      "color": "rgb(0, 128, 255)",
      "render": {
        "backgroundColor": "rgb(0, 128, 255)",
        "color": "#000000",
        "border": null,
        "overviewRulerColor": "rgb(0, 128, 255)"
      }
    },
    {
      "index": 16,
      "line": 51,
      "column": 10,
      "text": "rgba(255, 0, 0, 1)",
      "range": [
        911,
        929
      ],
      "color": "rgb(255, 0, 0)",
      "render": {
        "backgroundColor": "rgb(255, 0, 0)",
        "color": "#000000",
        "border": null,
        "overviewRulerColor": "rgb(255, 0, 0)"
      }
    },
    {
      "index": 17,
      "line": 52,
      "column": 15,
      "text": "rgba(0, 128, 255, 0.5)",
      "range": [
        945,
        967
      ],
      "color": "rgba(0, 128, 255, 0.5)",
      "render": {
        "backgroundColor": "rgb(0, 128, 255)",
        "color": "#000000",
        "border": null,
        "overviewRulerColor": "rgb(0, 128, 255)"
      }
    },
    {
      "index": 18,
      "line": 57,
      "column": 10,
      "text": "rgb(255 0 0)",
      "range": [
        1019,
        1031
      ],
      "color": "rgb(255, 0, 0)",
      "render": {
        "backgroundColor": "rgb(255, 0, 0)",
        "color": "#000000",
        "border": null,
        "overviewRulerColor": "rgb(255, 0, 0)"
      }
    },
    {
      "index": 19,
      "line": 58,
      "column": 15,
      "text": "rgb(0 128 255)",
      "range": [
        1047,
        1061
      ],
      "color": "rgb(0, 128, 255)",
      "render": {
        "backgroundColor": "rgb(0, 128, 255)",
        "color": "#000000",
        "border": null,
        "overviewRulerColor": "rgb(0, 128, 255)"
      }
    },
    {
      "index": 20,
      "line": 63,
      "column": 10,
      "text": "rgb(255 0 0 / 1)",
      "range": [
        1129,
        1145
      ],
      "color": "rgb(255, 0, 0)",
      "render": {
        "backgroundColor": "rgb(255, 0, 0)",
        "color": "#000000",
        "border": null,
        "overviewRulerColor": "rgb(255, 0, 0)"
      }
    },
    {
      "index": 21,
      "line": 63,
      "column": 14,
      "text": "255 0 0",
      "range": [
        1133,
        1140
      ],
      "color": "rgb(255, 0, 0)",
      "render": {
        "backgroundColor": "rgb(255, 0, 0)",
        "color": "#000000",
        "border": null,
        "overviewRulerColor": "rgb(255, 0, 0)"
      }
    },
    {
      "index": 22,
      "line": 64,
      "column": 15,
      "text": "rgb(0 128 255 / 0.5)",
      "range": [
        1161,
        1181
      ],
      "color": "rgba(0, 128, 255, 0.5)",
      "render": {
        "backgroundColor": "rgb(0, 128, 255)",
        "color": "#000000",
        "border": null,
        "overviewRulerColor": "rgb(0, 128, 255)"
      }
    },
    {
      "index": 23,
      "line": 64,
      "column": 19,
      "text": "0 128 255",
      "range": [
        1165,
        1174
      ],
      "color": "rgb(0, 128, 255)",
      "render": {
        "backgroundColor": "rgb(0, 128, 255)",
        "color": "#000000",
        "border": null,
        "overviewRulerColor": "rgb(0, 128, 255)"
      }
    },
    {
      "index": 24,
      "line": 69,
      "column": 10,
      "text": "rgb(100%, 0%, 0%)",
      "range": [
        1239,
        1256
      ],
      "color": "rgb(255, 0, 0)",
      "render": {
        "backgroundColor": "rgb(255, 0, 0)",
        "color": "#000000",
        "border": null,
        "overviewRulerColor": "rgb(255, 0, 0)"
      }
    },
    {
      "index": 25,
      "line": 70,
      "column": 15,
      "text": "rgb(0%, 50%, 100%)",
      "range": [
        1272,
        1290
      ],
      "color": "rgb(0, 128, 255)",
      "render": {
        "backgroundColor": "rgb(0, 128, 255)",
        "color": "#000000",
        "border": null,
        "overviewRulerColor": "rgb(0, 128, 255)"
      }
    },
    {
      "index": 26,
      "line": 79,
      "column": 10,
      "text": "hsl(0, 100%, 50%)",
      "range": [
        1468,
        1485
      ],
      "color": "rgb(255, 0, 0)",
      "render": {
        "backgroundColor": "rgb(255, 0, 0)",
        "color": "#000000",
        "border": null,
        "overviewRulerColor": "rgb(255, 0, 0)"
      }
    },
    {
      "index": 27,
      "line": 80,
      "column": 15,
      "text": "hsl(210, 50%, 50%)",
      "range": [
        1501,
        1519
      ],
      "color": "rgb(64, 127, 191)",
      "render": {
        "backgroundColor": "rgb(64, 127, 191)",
        "color": "#000000",
        "border": null,
        "overviewRulerColor": "rgb(64, 127, 191)"
      }
    },
    {
      "index": 28,
      "line": 85,
      "column": 10,
      "text": "hsla(0, 100%, 50%, 1)",
      "range": [
        1573,
        1594
      ],
      "color": "rgb(255, 0, 0)",
      "render": {
        "backgroundColor": "rgb(255, 0, 0)",
        "color": "#000000",
        "border": null,
        "overviewRulerColor": "rgb(255, 0, 0)"
      }
    },
    {
      "index": 29,
      "line": 86,
      "column": 15,
      "text": "hsla(210, 50%, 50%, 0.5)",
      "range": [
        1610,
        1634
      ],
      "color": "rgba(64, 127, 191, 0.5)",
      "render": {
        "backgroundColor": "rgb(64, 127, 191)",
        "color": "#000000",
        "border": null,
        "overviewRulerColor": "rgb(64, 127, 191)"
      }
    },
    {
      "index": 30,
      "line": 91,
      "column": 10,
      "text": "hsl(0 100% 50%)",
      "range": [
        1686,
        1701
      ],
      "color": "rgb(255, 0, 0)",
      "render": {
        "backgroundColor": "rgb(255, 0, 0)",
        "color": "#000000",
        "border": null,
        "overviewRulerColor": "rgb(255, 0, 0)"
      }
    },
    {
      "index": 31,
      "line": 92,
      "column": 15,
      "text": "hsl(210 50% 50%)",
      "range": [
        1717,
        1733
      ],
      "color": "rgb(64, 127, 191)",
      "render": {
        "backgroundColor": "rgb(64, 127, 191)",
        "color": "#000000",
        "border": null,
        "overviewRulerColor": "rgb(64, 127, 191)"
      }
    },
    {
      "index": 32,
      "line": 97,
      "column": 10,
      "text": "hsl(0 100% 50% / 1)",
      "range": [
        1801,
        1820
      ],
      "color": "rgb(255, 0, 0)",
      "render": {
        "backgroundColor": "rgb(255, 0, 0)",
        "color": "#000000",
        "border": null,
        "overviewRulerColor": "rgb(255, 0, 0)"
      }
    },
    {
      "index": 33,
      "line": 97,
      "column": 14,
      "text": "0 100% 50%",
      "range": [
        1805,
        1815
      ],
      "color": "rgb(255, 0, 0)",
      "render": {
        "backgroundColor": "rgb(255, 0, 0)",
        "color": "#000000",
        "border": null,
        "overviewRulerColor": "rgb(255, 0, 0)"
      }
    },
    {
      "index": 34,
      "line": 98,
      "column": 15,
      "text": "hsl(210 50% 50% / 0.5)",
      "range": [
        1836,
        1858
      ],
      "color": "rgba(64, 127, 191, 0.5)",
      "render": {
        "backgroundColor": "rgb(64, 127, 191)",
        "color": "#000000",
        "border": null,
        "overviewRulerColor": "rgb(64, 127, 191)"
      }
    },
    {
      "index": 35,
      "line": 98,
      "column": 19,
      "text": "210 50% 50%",
      "range": [
        1840,
        1851
      ],
      "color": "rgb(64, 127, 191)",
      "render": {
        "backgroundColor": "rgb(64, 127, 191)",
        "color": "#000000",
        "border": null,
        "overviewRulerColor": "rgb(64, 127, 191)"
      }
    },
    {
      "index": 36,
      "line": 103,
      "column": 10,
      "text": "hsl(0deg, 100%, 50%)",
      "range": [
        1915,
        1935
      ],
      "color": "rgb(255, 0, 0)",
      "render": {
        "backgroundColor": "rgb(255, 0, 0)",
        "color": "#000000",
        "border": null,
        "overviewRulerColor": "rgb(255, 0, 0)"
      }
    },
    {
      "index": 37,
      "line": 104,
      "column": 15,
      "text": "hsl(120deg 100% 50%)",
      "range": [
        1951,
        1971
      ],
      "color": "rgb(0, 255, 0)",
      "render": {
        "backgroundColor": "rgb(0, 255, 0)",
        "color": "#000000",
        "border": null,
        "overviewRulerColor": "rgb(0, 255, 0)"
      }
    },
    {
      "index": 38,
      "line": 109,
      "column": 10,
      "text": "hsl(0.333turn 100% 50%)",
      "range": [
        2041,
        2064
      ],
      "color": "rgb(1, 255, 0)",
      "render": {
        "backgroundColor": "rgb(1, 255, 0)",
        "color": "#000000",
        "border": null,
        "overviewRulerColor": "rgb(1, 255, 0)"
      }
    },
    {
      "index": 39,
      "line": 110,
      "column": 15,
      "text": "hsl(133.333grad 100% 50%)",
      "range": [
        2080,
        2105
      ],
      "color": "rgb(0, 255, 0)",
      "render": {
        "backgroundColor": "rgb(0, 255, 0)",
        "color": "#000000",
        "border": null,
        "overviewRulerColor": "rgb(0, 255, 0)"
      }
    },
    {
      "index": 40,
      "line": 111,
      "column": 17,
      "text": "hsl(2.094rad 100% 50%)",
      "range": [
        2123,
        2145
      ],
      "color": "rgb(0, 255, 0)",
      "render": {
        "backgroundColor": "rgb(0, 255, 0)",
        "color": "#000000",
        "border": null,
        "overviewRulerColor": "rgb(0, 255, 0)"
      }
    },
    {
      "index": 41,
      "line": 120,
      "column": 10,
      "text": "hwb(0, 0%, 0%)",
      "range": [
        2315,
        2329
      ],
      "color": "rgb(255, 0, 0)",
      "render": {
        "backgroundColor": "rgb(255, 0, 0)",
        "color": "#000000",
        "border": null,
        "overviewRulerColor": "rgb(255, 0, 0)"
      }
    },
    {
      "index": 42,
      "line": 121,
      "column": 15,
      "text": "hwb(210, 20%, 30%)",
      "range": [
        2345,
        2363
      ],
      "color": "rgb(51, 115, 179)",
      "render": {
        "backgroundColor": "rgb(51, 115, 179)",
        "color": "#FFFFFF",
        "border": null,
        "overviewRulerColor": "rgb(51, 115, 179)"
      }
    },
    {
      "index": 43,
      "line": 126,
      "column": 10,
      "text": "hwb(0 0% 0%)",
      "range": [
        2415,
        2427
      ],
      "color": "rgb(255, 0, 0)",
      "render": {
        "backgroundColor": "rgb(255, 0, 0)",
        "color": "#000000",
        "border": null,
        "overviewRulerColor": "rgb(255, 0, 0)"
      }
    },
    {
      "index": 44,
      "line": 127,
      "column": 15,
      "text": "hwb(210 20% 30%)",
      "range": [
        2443,
        2459
      ],
      "color": "rgb(51, 115, 179)",
      "render": {
        "backgroundColor": "rgb(51, 115, 179)",
        "color": "#FFFFFF",
        "border": null,
        "overviewRulerColor": "rgb(51, 115, 179)"
      }
    },
    {
      "index": 45,
      "line": 132,
      "column": 10,
      "text": "hwb(0, 0%, 0%, 0.5)",
      "range": [
        2509,
        2528
      ],
      "color": "rgba(255, 0, 0, 0.5)",
      "render": {
        "backgroundColor": "rgb(255, 0, 0)",
        "color": "#000000",
        "border": null,
        "overviewRulerColor": "rgb(255, 0, 0)"
      }
    },
    {
      "index": 46,
      "line": 133,
      "column": 15,
      "text": "hwb(210 20% 30% / 0.8)",
      "range": [
        2544,
        2566
      ],
      "color": "rgba(51, 115, 179, 0.8)",
      "render": {
        "backgroundColor": "rgb(51, 115, 179)",
        "color": "#FFFFFF",
        "border": null,
        "overviewRulerColor": "rgb(51, 115, 179)"
      }
    },
    {
      "index": 47,
      "line": 133,
      "column": 19,
      "text": "210 20% 30%",
      "range": [
        2548,
        2559
      ],
      "color": "rgb(61, 76, 92)",
      "render": {
        "backgroundColor": "rgb(61, 76, 92)",
        "color": "#FFFFFF",
        "border": null,
        "overviewRulerColor": "rgb(61, 76, 92)"
      }
    },
    {
      "index": 48,
      "line": 138,
      "column": 10,
      "text": "hwb(0deg, 0%, 0%)",
      "range": [
        2623,
        2640
      ],
      "color": "rgb(255, 0, 0)",
      "render": {
        "backgroundColor": "rgb(255, 0, 0)",
        "color": "#000000",
        "border": null,
        "overviewRulerColor": "rgb(255, 0, 0)"
      }
    },
    {
      "index": 49,
      "line": 139,
      "column": 15,
      "text": "hwb(120deg 20% 30%)",
      "range": [
        2656,
        2675
      ],
      "color": "rgb(51, 179, 51)",
      "render": {
        "backgroundColor": "rgb(51, 179, 51)",
        "color": "#000000",
        "border": null,
        "overviewRulerColor": "rgb(51, 179, 51)"
      }
    },
    {
      "index": 50,
      "line": 144,
      "column": 10,
      "text": "hwb(0.333turn 20% 30%)",
      "range": [
        2745,
        2767
      ],
      "color": "rgb(52, 179, 51)",
      "render": {
        "backgroundColor": "rgb(52, 179, 51)",
        "color": "#000000",
        "border": null,
        "overviewRulerColor": "rgb(52, 179, 51)"
      }
    },
    {
      "index": 51,
      "line": 145,
      "column": 15,
      "text": "hwb(133.333grad 20% 30%)",
      "range": [
        2783,
        2807
      ],
      "color": "rgb(51, 179, 51)",
      "render": {
        "backgroundColor": "rgb(51, 179, 51)",
        "color": "#000000",
        "border": null,
        "overviewRulerColor": "rgb(51, 179, 51)"
      }
    },
    {
      "index": 52,
      "line": 146,
      "column": 17,
      "text": "hwb(2.094rad 20% 30%)",
      "range": [
        2825,
        2846
      ],
      "color": "rgb(51, 179, 51)",
      "render": {
        "backgroundColor": "rgb(51, 179, 51)",
        "color": "#000000",
        "border": null,
        "overviewRulerColor": "rgb(51, 179, 51)"
      }
    },
    {
      "index": 53,
      "line": 155,
      "column": 10,
      "text": "lch(50, 30, 0)",
      "range": [
        3016,
        3030
      ],
      "color": "rgb(253, 178, 200)",
      "render": {
        "backgroundColor": "rgb(253, 178, 200)",
        "color": "#000000",
        "border": null,
        "overviewRulerColor": "rgb(253, 178, 200)"
      }
    },
    {
      "index": 54,
      "line": 156,
      "column": 15,
      "text": "lch(70, 40, 120)",
      "range": [
        3046,
        3062
      ],
      "color": "rgb(210, 233, 156)",
      "render": {
        "backgroundColor": "rgb(210, 233, 156)",
        "color": "#000000",
        "border": null,
        "overviewRulerColor": "rgb(210, 233, 156)"
      }
    },
    {
      "index": 55,
      "line": 161,
      "column": 10,
      "text": "lcha(50, 30, 0, 0.5)",
      "range": [
        3108,
        3128
      ],
      "color": "rgba(253, 178, 200, 0.5)",
      "render": {
        "backgroundColor": "rgb(253, 178, 200)",
        "color": "#000000",
        "border": null,
        "overviewRulerColor": "rgb(253, 178, 200)"
      }
    },
    {
      "index": 56,
      "line": 162,
      "column": 15,
      "text": "lch(70 40 120 / 0.8)",
      "range": [
        3144,
        3164
      ],
      "color": "rgba(210, 233, 156, 0.8)",
      "render": {
        "backgroundColor": "rgb(210, 233, 156)",
        "color": "#000000",
        "border": null,
        "overviewRulerColor": "rgb(210, 233, 156)"
      }
    },
    {
      "index": 57,
      "line": 162,
      "column": 19,
      "text": "70 40 120",
      "range": [
        3148,
        3157
      ],
      "color": "rgb(70, 40, 120)",
      "render": {
        "backgroundColor": "rgb(70, 40, 120)",
        "color": "#FFFFFF",
        "border": null,
        "overviewRulerColor": "rgb(70, 40, 120)"
      }
    },
    {
      "index": 58,
      "line": 167,
      "column": 10,
      "text": "lch(50 30 0deg)",
      "range": [
        3221,
        3236
      ],
      "color": "rgb(253, 178, 200)",
      "render": {
        "backgroundColor": "rgb(253, 178, 200)",
        "color": "#000000",
        "border": null,
        "overviewRulerColor": "rgb(253, 178, 200)"
      }
    },
    {
      "index": 59,
      "line": 168,
      "column": 15,
      "text": "lch(70 40 120deg)",
      "range": [
        3252,
        3269
      ],
      "color": "rgb(210, 233, 156)",
      "render": {
        "backgroundColor": "rgb(210, 233, 156)",
        "color": "#000000",
        "border": null,
        "overviewRulerColor": "rgb(210, 233, 156)"
      }
    },
    {
      "index": 60,
      "line": 173,
      "column": 10,
      "text": "lch(70 40 0.333turn)",
      "range": [
        3339,
        3359
      ],
      "color": "rgb(210, 233, 156)",
      "render": {
        "backgroundColor": "rgb(210, 233, 156)",
        "color": "#000000",
        "border": null,
        "overviewRulerColor": "rgb(210, 233, 156)"
      }
    },
    {
      "index": 61,
      "line": 174,
      "column": 15,
      "text": "lch(70 40 133.333grad)",
      "range": [
        3375,
        3397
      ],
      "color": "rgb(210, 233, 156)",
      "render": {
        "backgroundColor": "rgb(210, 233, 156)",
        "color": "#000000",
        "border": null,
        "overviewRulerColor": "rgb(210, 233, 156)"
      }
    },
    {
      "index": 62,
      "line": 175,
      "column": 17,
      "text": "lch(70 40 2.094rad)",
      "range": [
        3415,
        3434
      ],
      "color": "rgb(210, 233, 156)",
      "render": {
        "backgroundColor": "rgb(210, 233, 156)",
        "color": "#000000",
        "border": null,
        "overviewRulerColor": "rgb(210, 233, 156)"
      }
    },
    {
      "index": 63,
      "line": 184,
      "column": 10,
      "text": "oklch(0.5, 0.15, 0)",
      "range": [
        3591,
        3610
      ],
      "color": "rgb(163, 52, 96)",
      "render": {
        "backgroundColor": "rgb(163, 52, 96)",
        "color": "#FFFFFF",
        "border": null,
        "overviewRulerColor": "rgb(163, 52, 96)"
      }
    },
    {
      "index": 64,
      "line": 185,
      "column": 15,
      "text": "oklch(0.7, 0.2, 200)",
      "range": [
        3626,
        3646
      ],
      "color": "rgb(0, 192, 207)",
      "render": {
        "backgroundColor": "rgb(0, 192, 207)",
        "color": "#000000",
        "border": null,
        "overviewRulerColor": "rgb(0, 192, 207)"
      }
    },
    {
      "index": 65,
      "line": 190,
      "column": 10,
      "text": "oklcha(0.5, 0.15, 0, 0.5)",
      "range": [
        3696,
        3721
      ],
      "color": "rgba(163, 52, 96, 0.5)",
      "render": {
        "backgroundColor": "rgb(163, 52, 96)",
        "color": "#FFFFFF",
        "border": null,
        "overviewRulerColor": "rgb(163, 52, 96)"
      }
    },
    {
      "index": 66,
      "line": 191,
      "column": 15,
      "text": "oklch(0.7 0.2 200 / 0.8)",
      "range": [
        3737,
        3761
      ],
      "color": "rgba(0, 192, 207, 0.8)",
      "render": {
        "backgroundColor": "rgb(0, 192, 207)",
        "color": "#000000",
        "border": null,
        "overviewRulerColor": "rgb(0, 192, 207)"
      }
    },
    {
      "index": 67,
      "line": 191,
      "column": 21,
      "text": "0.7 0.2 200",
      "range": [
        3743,
        3754
      ],
      "color": "rgb(1, 0, 200)",
      "render": {
        "backgroundColor": "rgb(1, 0, 200)",
        "color": "#FFFFFF",
        "border": null,
        "overviewRulerColor": "rgb(1, 0, 200)"
      }
    },
    {
      "index": 68,
      "line": 196,
      "column": 10,
      "text": "oklch(0.5 0.15 0deg)",
      "range": [
        3822,
        3842
      ],
      "color": "rgb(163, 52, 96)",
      "render": {
        "backgroundColor": "rgb(163, 52, 96)",
        "color": "#FFFFFF",
        "border": null,
        "overviewRulerColor": "rgb(163, 52, 96)"
      }
    },
    {
      "index": 69,
      "line": 197,
      "column": 15,
      "text": "oklch(0.7 0.2 200deg)",
      "range": [
        3858,
        3879
      ],
      "color": "rgb(0, 192, 207)",
      "render": {
        "backgroundColor": "rgb(0, 192, 207)",
        "color": "#000000",
        "border": null,
        "overviewRulerColor": "rgb(0, 192, 207)"
      }
    },
    {
      "index": 70,
      "line": 202,
      "column": 10,
      "text": "oklch(0.7 0.2 0.333turn)",
      "range": [
        3953,
        3977
      ],
      "color": "rgb(144, 174, 0)",
      "render": {
        "backgroundColor": "rgb(144, 174, 0)",
        "color": "#000000",
        "border": null,
        "overviewRulerColor": "rgb(144, 174, 0)"
      }
    },
    {
      "index": 71,
      "line": 203,
      "column": 15,
      "text": "oklch(0.7 0.2 133.333grad)",
      "range": [
        3993,
        4019
      ],
      "color": "rgb(144, 174, 0)",
      "render": {
        "backgroundColor": "rgb(144, 174, 0)",
        "color": "#000000",
        "border": null,
        "overviewRulerColor": "rgb(144, 174, 0)"
      }
    },
    {
      "index": 72,
      "line": 204,
      "column": 17,
      "text": "oklch(0.7 0.2 2.094rad)",
      "range": [
        4037,
        4060
      ],
      "color": "rgb(144, 174, 0)",
      "render": {
        "backgroundColor": "rgb(144, 174, 0)",
        "color": "#000000",
        "border": null,
        "overviewRulerColor": "rgb(144, 174, 0)"
      }
    },
    {
      "index": 73,
      "line": 213,
      "column": 10,
      "text": "lab(50, 0, 0)",
      "range": [
        4211,
        4224
      ],
      "color": "rgb(199, 199, 199)",
      "render": {
        "backgroundColor": "rgb(199, 199, 199)",
        "color": "#000000",
        "border": null,
        "overviewRulerColor": "rgb(199, 199, 199)"
      }
    },
    {
      "index": 74,
      "line": 214,
      "column": 15,
      "text": "lab(70, 20, -30)",
      "range": [
        4240,
        4256
      ],
      "color": "rgb(234, 213, 255)",
      "render": {
        "backgroundColor": "rgb(234, 213, 255)",
        "color": "#000000",
        "border": null,
        "overviewRulerColor": "rgb(234, 213, 255)"
      }
    },
    {
      "index": 75,
      "line": 219,
      "column": 10,
      "text": "laba(50, 0, 0, 0.5)",
      "range": [
        4302,
        4321
      ],
      "color": "rgba(199, 199, 199, 0.5)",
      "render": {
        "backgroundColor": "rgb(199, 199, 199)",
        "color": "#000000",
        "border": null,
        "overviewRulerColor": "rgb(199, 199, 199)"
      }
    },
    {
      "index": 76,
      "line": 220,
      "column": 15,
      "text": "lab(70 20 -30 / 0.8)",
      "range": [
        4337,
        4357
      ],
      "color": "rgba(234, 213, 255, 0.8)",
      "render": {
        "backgroundColor": "rgb(234, 213, 255)",
        "color": "#000000",
        "border": null,
        "overviewRulerColor": "rgb(234, 213, 255)"
      }
    },
    {
      "index": 77,
      "line": 229,
      "column": 10,
      "text": "oklab(0.5, 0, 0)",
      "range": [
        4514,
        4530
      ],
      "color": "rgb(99, 99, 99)",
      "render": {
        "backgroundColor": "rgb(99, 99, 99)",
        "color": "#FFFFFF",
        "border": null,
        "overviewRulerColor": "rgb(99, 99, 99)"
      }
    },
    {
      "index": 78,
      "line": 230,
      "column": 15,
      "text": "oklab(0.7, 0.1, -0.05)",
      "range": [
        4546,
        4568
      ],
      "color": "rgb(200, 131, 188)",
      "render": {
        "backgroundColor": "rgb(200, 131, 188)",
        "color": "#000000",
        "border": null,
        "overviewRulerColor": "rgb(200, 131, 188)"
      }
    },
    {
      "index": 79,
      "line": 235,
      "column": 10,
      "text": "oklaba(0.5, 0, 0, 0.5)",
      "range": [
        4618,
        4640
      ],
      "color": "rgba(99, 99, 99, 0.5)",
      "render": {
        "backgroundColor": "rgb(99, 99, 99)",
        "color": "#FFFFFF",
        "border": null,
        "overviewRulerColor": "rgb(99, 99, 99)"
      }
    },
    {
      "index": 80,
      "line": 236,
      "column": 15,
      "text": "oklab(0.7 0.1 -0.05 / 0.8)",
      "range": [
        4656,
        4682
      ],
      "color": "rgba(200, 131, 188, 0.8)",
      "render": {
        "backgroundColor": "rgb(200, 131, 188)",
        "color": "#000000",
        "border": null,
        "overviewRulerColor": "rgb(200, 131, 188)"
      }
    },
    {
      "index": 81,
      "line": 245,
      "column": 10,
      "text": "red",
      "range": [
        4854,
        4857
      ],
      "color": "rgb(255, 0, 0)",
      "render": {
        "backgroundColor": "rgb(255, 0, 0)",
        "color": "#000000",
        "border": null,
        "overviewRulerColor": "rgb(255, 0, 0)"
      }
    },
    {
      "index": 82,
      "line": 246,
      "column": 15,
      "text": "blue",
      "range": [
        4873,
        4877
      ],
      "color": "rgb(0, 0, 255)",
      "render": {
        "backgroundColor": "rgb(0, 0, 255)",
        "color": "#FFFFFF",
        "border": null,
        "overviewRulerColor": "rgb(0, 0, 255)"
      }
    },
    {
      "index": 83,
      "line": 247,
      "column": 17,
      "text": "green",
      "range": [
        4895,
        4900
      ],
      "color": "rgb(0, 128, 0)",
      "render": {
        "backgroundColor": "rgb(0, 128, 0)",
        "color": "#FFFFFF",
        "border": null,
        "overviewRulerColor": "rgb(0, 128, 0)"
      }
    },
    {
      "index": 84,
      "line": 252,
      "column": 10,
      "text": "red",
      "range": [
        5013,
        5016
      ],
      "color": "rgb(255, 0, 0)",
      "render": {
        "backgroundColor": "rgb(255, 0, 0)",
        "color": "#000000",
        "border": null,
        "overviewRulerColor": "rgb(255, 0, 0)"
      }
    },
    {
      "index": 85,
      "line": 263,
      "column": 10,
      "text": "color(display-p3 1 0.2 0.1)",
      "range": [
        5250,
        5277
      ],
      "color": "rgb(255, 0, 0)",
      "render": {
        "backgroundColor": "rgb(255, 0, 0)",
        "color": "#000000",
        "border": null,
        "overviewRulerColor": "rgb(255, 0, 0)"
      }
    },
    {
      "index": 86,
      "line": 263,
      "column": 25,
      "text": "3 1 0.2",
      "range": [
        5265,
        5272
      ],
      "color": "rgb(3, 1, 0)",
      "render": {
        "backgroundColor": "rgb(3, 1, 0)",
        "color": "#FFFFFF",
        "border": null,
        "overviewRulerColor": "rgb(3, 1, 0)"
      }
    },
    {
      "index": 87,
      "line": 264,
      "column": 15,
      "text": "color(rec2020 0.8 0.2 0.1 / 0.75)",
      "range": [
        5293,
        5326
      ],
      "color": "rgba(255, 0, 22, 0.75)",
      "render": {
        "backgroundColor": "rgb(255, 0, 22)",
        "color": "#000000",
        "border": null,
        "overviewRulerColor": "rgb(255, 0, 22)"
      }
    },
    {
      "index": 88,
      "line": 265,
      "column": 17,
      "text": "color(prophoto-rgb 0.7 0.3 0.2)",
      "range": [
        5344,
        5375
      ],
      "color": "rgb(252, 39, 58)",
      "render": {
        "backgroundColor": "rgb(252, 39, 58)",
        "color": "#000000",
        "border": null,
        "overviewRulerColor": "rgb(252, 39, 58)"
      }
    },
    {
      "index": 89,
      "line": 266,
      "column": 18,
      "text": "color(xyz 0.4 0.3 0.2)",
      "range": [
        5394,
        5416
      ],
      "color": "rgb(223, 119, 115)",
      "render": {
        "backgroundColor": "rgb(223, 119, 115)",
        "color": "#000000",
        "border": null,
        "overviewRulerColor": "rgb(223, 119, 115)"
      }
    },
    {
      "index": 90,
      "line": 271,
      "column": 10,
      "text": "color(srgb 1 0.2 0.1)",
      "range": [
        5493,
        5514
      ],
      "color": "rgb(255, 51, 26)",
      "render": {
        "backgroundColor": "rgb(255, 51, 26)",
        "color": "#000000",
        "border": null,
        "overviewRulerColor": "rgb(255, 51, 26)"
      }
    },
    {
      "index": 91,
      "line": 272,
      "column": 15,
      "text": "color(srgb-linear 0.8 0.2 0.1)",
      "range": [
        5530,
        5560
      ],
      "color": "rgb(231, 124, 89)",
      "render": {
        "backgroundColor": "rgb(231, 124, 89)",
        "color": "#000000",
        "border": null,
        "overviewRulerColor": "rgb(231, 124, 89)"
      }
    },
    {
      "index": 92,
      "line": 273,
      "column": 17,
      "text": "color(a98-rgb 0.6 0.2 0.9)",
      "range": [
        5578,
        5604
      ],
      "color": "rgb(178, 48, 234)",
      "render": {
        "backgroundColor": "rgb(178, 48, 234)",
        "color": "#FFFFFF",
        "border": null,
        "overviewRulerColor": "rgb(178, 48, 234)"
      }
    },
    {
      "index": 93,
      "line": 274,
      "column": 18,
      "text": "color(xyz-d50 0.4 0.3 0.2 / 0.7)",
      "range": [
        5623,
        5655
      ],
      "color": "rgba(214, 121, 135, 0.7)",
      "render": {
        "backgroundColor": "rgb(214, 121, 135)",
        "color": "#000000",
        "border": null,
        "overviewRulerColor": "rgb(214, 121, 135)"
      }
    },
    {
      "index": 94,
      "line": 274,
      "column": 29,
      "text": "50 0.4 0.3",
      "range": [
        5634,
        5644
      ],
      "color": "rgb(50, 0, 0)",
      "render": {
        "backgroundColor": "rgb(50, 0, 0)",
        "color": "#FFFFFF",
        "border": null,
        "overviewRulerColor": "rgb(50, 0, 0)"
      }
    },
    {
      "index": 95,
      "line": 275,
      "column": 26,
      "text": "color(xyz-d65 0.4 0.3 0.2)",
      "range": [
        5682,
        5708
      ],
      "color": "rgb(223, 119, 115)",
      "render": {
        "backgroundColor": "rgb(223, 119, 115)",
        "color": "#000000",
        "border": null,
        "overviewRulerColor": "rgb(223, 119, 115)"
      }
    },
    {
      "index": 96,
      "line": 275,
      "column": 37,
      "text": "65 0.4 0.3",
      "range": [
        5693,
        5703
      ],
      "color": "rgb(65, 0, 0)",
      "render": {
        "backgroundColor": "rgb(65, 0, 0)",
        "color": "#FFFFFF",
        "border": null,
        "overviewRulerColor": "rgb(65, 0, 0)"
      }
    },
    {
      "index": 97,
      "line": 279,
      "column": 4,
      "text": "0xff6600",
      "range": [
        5765,
        5773
      ],
      "color": "rgb(255, 102, 0)",
      "render": {
        "backgroundColor": "rgb(255, 102, 0)",
        "color": "#000000",
        "border": null,
        "overviewRulerColor": "rgb(255, 102, 0)"
      }
    },
    {
      "index": 98,
      "line": 286,
      "column": 10,
      "text": "rebeccapurple",
      "range": [
        5860,
        5873
      ],
      "color": "rgb(102, 51, 153)",
      "render": {
        "backgroundColor": "rgb(102, 51, 153)",
        "color": "#FFFFFF",
        "border": null,
        "overviewRulerColor": "rgb(102, 51, 153)"
      }
    },
    {
      "index": 99,
      "line": 287,
      "column": 15,
      "text": "cornflowerblue",
      "range": [
        5889,
        5903
      ],
      "color": "rgb(100, 149, 237)",
      "render": {
        "backgroundColor": "rgb(100, 149, 237)",
        "color": "#000000",
        "border": null,
        "overviewRulerColor": "rgb(100, 149, 237)"
      }
    },
    {
      "index": 100,
      "line": 288,
      "column": 17,
      "text": "darkorange",
      "range": [
        5921,
        5931
      ],
      "color": "rgb(255, 140, 0)",
      "render": {
        "backgroundColor": "rgb(255, 140, 0)",
        "color": "#000000",
        "border": null,
        "overviewRulerColor": "rgb(255, 140, 0)"
      }
    },
    {
      "index": 101,
      "line": 293,
      "column": 10,
      "text": "coral",
      "range": [
        5983,
        5988
      ],
      "color": "rgb(255, 127, 80)",
      "render": {
        "backgroundColor": "rgb(255, 127, 80)",
        "color": "#000000",
        "border": null,
        "overviewRulerColor": "rgb(255, 127, 80)"
      }
    },
    {
      "index": 102,
      "line": 294,
      "column": 15,
      "text": "teal",
      "range": [
        6004,
        6008
      ],
      "color": "rgb(0, 128, 128)",
      "render": {
        "backgroundColor": "rgb(0, 128, 128)",
        "color": "#FFFFFF",
        "border": null,
        "overviewRulerColor": "rgb(0, 128, 128)"
      }
    },
    {
      "index": 103,
      "line": 295,
      "column": 17,
      "text": "crimson",
      "range": [
        6026,
        6033
      ],
      "color": "rgb(220, 20, 60)",
      "render": {
        "backgroundColor": "rgb(220, 20, 60)",
        "color": "#FFFFFF",
        "border": null,
        "overviewRulerColor": "rgb(220, 20, 60)"
      }
    },
    {
      "index": 104,
      "line": 300,
      "column": 10,
      "text": "gray",
      "range": [
        6081,
        6085
      ],
      "color": "rgb(128, 128, 128)",
      "render": {
        "backgroundColor": "rgb(128, 128, 128)",
        "color": "#000000",
        "border": null,
        "overviewRulerColor": "rgb(128, 128, 128)"
      }
    },
    {
      "index": 105,
      "line": 301,
      "column": 15,
      "text": "grey",
      "range": [
        6101,
        6105
      ],
      "color": "rgb(128, 128, 128)",
      "render": {
        "backgroundColor": "rgb(128, 128, 128)",
        "color": "#000000",
        "border": null,
        "overviewRulerColor": "rgb(128, 128, 128)"
      }
    },
    {
      "index": 106,
      "line": 302,
      "column": 17,
      "text": "darkgray",
      "range": [
        6123,
        6131
      ],
      "color": "rgb(169, 169, 169)",
      "render": {
        "backgroundColor": "rgb(169, 169, 169)",
        "color": "#000000",
        "border": null,
        "overviewRulerColor": "rgb(169, 169, 169)"
      }
    },
    {
      "index": 107,
      "line": 311,
      "column": 20,
      "text": "#ff0000",
      "range": [
        6347,
        6354
      ],
      "color": "rgb(255, 0, 0)",
      "render": {
        "backgroundColor": "rgb(255, 0, 0)",
        "color": "#000000",
        "border": null,
        "overviewRulerColor": "rgb(255, 0, 0)"
      }
    },
    {
      "index": 108,
      "line": 312,
      "column": 22,
      "text": "rgb(0, 128, 255)",
      "range": [
        6377,
        6393
      ],
      "color": "rgb(0, 128, 255)",
      "render": {
        "backgroundColor": "rgb(0, 128, 255)",
        "color": "#000000",
        "border": null,
        "overviewRulerColor": "rgb(0, 128, 255)"
      }
    },
    {
      "index": 109,
      "line": 313,
      "column": 19,
      "text": "hsl(120, 100%, 50%)",
      "range": [
        6413,
        6432
      ],
      "color": "rgb(0, 255, 0)",
      "render": {
        "backgroundColor": "rgb(0, 255, 0)",
        "color": "#000000",
        "border": null,
        "overviewRulerColor": "rgb(0, 255, 0)"
      }
    },
    {
      "index": 110,
      "line": 314,
      "column": 18,
      "text": "#80808080",
      "range": [
        6451,
        6460
      ],
      "color": "rgba(128, 128, 128, 0.502)",
      "render": {
        "backgroundColor": "rgb(128, 128, 128)",
        "color": "#000000",
        "border": null,
        "overviewRulerColor": "rgb(128, 128, 128)"
      }
    },
    {
      "index": 111,
      "line": 315,
      "column": 20,
      "text": "orange",
      "range": [
        6481,
        6487
      ],
      "color": "rgb(255, 165, 0)",
      "render": {
        "backgroundColor": "rgb(255, 165, 0)",
        "color": "#000000",
        "border": null,
        "overviewRulerColor": "rgb(255, 165, 0)"
      }
    },
    {
      "index": 112,
      "line": 320,
      "column": 10,
      "text": "var(--color-primary)",
      "range": [
        6537,
        6557
      ],
      "color": "rgb(255, 0, 0)",
      "render": {
        "backgroundColor": "rgb(255, 0, 0)",
        "color": "#000000",
        "border": null,
        "overviewRulerColor": "rgb(255, 0, 0)"
      }
    },
    {
      "index": 113,
      "line": 321,
      "column": 15,
      "text": "var(--color-secondary)",
      "range": [
        6573,
        6595
      ],
      "color": "rgb(0, 128, 255)",
      "render": {
        "backgroundColor": "rgb(0, 128, 255)",
        "color": "#000000",
        "border": null,
        "overviewRulerColor": "rgb(0, 128, 255)"
      }
    },
    {
      "index": 114,
      "line": 322,
      "column": 17,
      "text": "var(--color-accent)",
      "range": [
        6613,
        6632
      ],
      "color": "rgb(0, 255, 0)",
      "render": {
        "backgroundColor": "rgb(0, 255, 0)",
        "color": "#000000",
        "border": null,
        "overviewRulerColor": "rgb(0, 255, 0)"
      }
    },
    {
      "index": 115,
      "line": 323,
      "column": 18,
      "text": "var(--color-muted)",
      "range": [
        6651,
        6669
      ],
      "color": "rgba(128, 128, 128, 0.502)",
      "render": {
        "backgroundColor": "rgb(128, 128, 128)",
        "color": "#000000",
        "border": null,
        "overviewRulerColor": "rgb(128, 128, 128)"
      }
    },
    {
      "index": 116,
      "line": 328,
      "column": 3,
      "text": "--brand-rgb: 255 0 0;",
      "range": [
        6739,
        6760
      ],
      "color": "rgb(255, 0, 0)",
      "render": {
        "backgroundColor": "rgb(255, 0, 0)",
        "color": "#000000",
        "border": null,
        "overviewRulerColor": "rgb(255, 0, 0)"
      }
    },
    {
      "index": 117,
      "line": 328,
      "column": 16,
      "text": "255 0 0",
      "range": [
        6752,
        6759
      ],
      "color": "rgb(255, 0, 0)",
      "render": {
        "backgroundColor": "rgb(255, 0, 0)",
        "color": "#000000",
        "border": null,
        "overviewRulerColor": "rgb(255, 0, 0)"
      }
    },
    {
      "index": 118,
      "line": 329,
      "column": 3,
      "text": "--brand-hsl: 0 100% 50%;",
      "range": [
        6763,
        6787
      ],
      "color": "rgb(255, 0, 0)",
      "render": {
        "backgroundColor": "rgb(255, 0, 0)",
        "color": "#000000",
        "border": null,
        "overviewRulerColor": "rgb(255, 0, 0)"
      }
    },
    {
      "index": 119,
      "line": 329,
      "column": 16,
      "text": "0 100% 50%",
      "range": [
        6776,
        6786
      ],
      "color": "rgb(255, 0, 0)",
      "render": {
        "backgroundColor": "rgb(255, 0, 0)",
        "color": "#000000",
        "border": null,
        "overviewRulerColor": "rgb(255, 0, 0)"
      }
    },
    {
      "index": 120,
      "line": 330,
      "column": 3,
      "text": "--brand-lch: 70 40 120 / 0.8;",
      "range": [
        6790,
        6819
      ],
      "color": "rgba(210, 233, 156, 0.8)",
      "render": {
        "backgroundColor": "rgb(210, 233, 156)",
        "color": "#000000",
        "border": null,
        "overviewRulerColor": "rgb(210, 233, 156)"
      }
    },
    {
      "index": 121,
      "line": 330,
      "column": 16,
      "text": "70 40 120",
      "range": [
        6803,
        6812
      ],
      "color": "rgb(70, 40, 120)",
      "render": {
        "backgroundColor": "rgb(70, 40, 120)",
        "color": "#FFFFFF",
        "border": null,
        "overviewRulerColor": "rgb(70, 40, 120)"
      }
    },
    {
      "index": 122,
      "line": 331,
      "column": 3,
      "text": "--brand-oklch: 0.7 0.2 200 / 0.8;",
      "range": [
        6822,
        6855
      ],
      "color": "rgba(0, 192, 207, 0.8)",
      "render": {
        "backgroundColor": "rgb(0, 192, 207)",
        "color": "#000000",
        "border": null,
        "overviewRulerColor": "rgb(0, 192, 207)"
      }
    },
    {
      "index": 123,
      "line": 331,
      "column": 18,
      "text": "0.7 0.2 200",
      "range": [
        6837,
        6848
      ],
      "color": "rgb(1, 0, 200)",
      "render": {
        "backgroundColor": "rgb(1, 0, 200)",
        "color": "#FFFFFF",
        "border": null,
        "overviewRulerColor": "rgb(1, 0, 200)"
      }
    },
    {
      "index": 124,
      "line": 332,
      "column": 3,
      "text": "--brand-lab: 70 20 -30;",
      "range": [
        6858,
        6881
      ],
      "color": "rgb(234, 213, 255)",
      "render": {
        "backgroundColor": "rgb(234, 213, 255)",
        "color": "#000000",
        "border": null,
        "overviewRulerColor": "rgb(234, 213, 255)"
      }
    },
    {
      "index": 125,
      "line": 333,
      "column": 3,
      "text": "--brand-oklab: 0.7 0.1 -0.05;",
      "range": [
        6884,
        6913
      ],
      "color": "rgb(200, 131, 188)",
      "render": {
        "backgroundColor": "rgb(200, 131, 188)",
        "color": "#000000",
        "border": null,
        "overviewRulerColor": "rgb(200, 131, 188)"
      }
    },
    {
      "index": 126,
      "line": 334,
      "column": 10,
      "text": "var(--brand-rgb)",
      "range": [
        6923,
        6939
      ],
      "color": "rgb(255, 0, 0)",
      "render": {
        "backgroundColor": "rgb(255, 0, 0)",
        "color": "#000000",
        "border": null,
        "overviewRulerColor": "rgb(255, 0, 0)"
      }
    },
    {
      "index": 127,
      "line": 335,
      "column": 15,
      "text": "var(--brand-hsl)",
      "range": [
        6955,
        6971
      ],
      "color": "rgb(255, 0, 0)",
      "render": {
        "backgroundColor": "rgb(255, 0, 0)",
        "color": "#000000",
        "border": null,
        "overviewRulerColor": "rgb(255, 0, 0)"
      }
    },
    {
      "index": 128,
      "line": 336,
      "column": 17,
      "text": "var(--brand-lch)",
      "range": [
        6989,
        7005
      ],
      "color": "rgba(210, 233, 156, 0.8)",
      "render": {
        "backgroundColor": "rgb(210, 233, 156)",
        "color": "#000000",
        "border": null,
        "overviewRulerColor": "rgb(210, 233, 156)"
      }
    },
    {
      "index": 129,
      "line": 337,
      "column": 18,
      "text": "var(--brand-oklch)",
      "range": [
        7024,
        7042
      ],
      "color": "rgba(0, 192, 207, 0.8)",
      "render": {
        "backgroundColor": "rgb(0, 192, 207)",
        "color": "#000000",
        "border": null,
        "overviewRulerColor": "rgb(0, 192, 207)"
      }
    },
    {
      "index": 130,
      "line": 338,
      "column": 26,
      "text": "var(--brand-lab)",
      "range": [
        7069,
        7085
      ],
      "color": "rgb(234, 213, 255)",
      "render": {
        "backgroundColor": "rgb(234, 213, 255)",
        "color": "#000000",
        "border": null,
        "overviewRulerColor": "rgb(234, 213, 255)"
      }
    },
    {
      "index": 131,
      "line": 339,
      "column": 16,
      "text": "var(--brand-oklab)",
      "range": [
        7102,
        7120
      ],
      "color": "rgb(200, 131, 188)",
      "render": {
        "backgroundColor": "rgb(200, 131, 188)",
        "color": "#000000",
        "border": null,
        "overviewRulerColor": "rgb(200, 131, 188)"
      }
    },
    {
      "index": 132,
      "line": 348,
      "column": 31,
      "text": "rgb(255, 0, 0)",
      "range": [
        7329,
        7343
      ],
      "color": "rgb(255, 0, 0)",
      "render": {
        "backgroundColor": "rgb(255, 0, 0)",
        "color": "#000000",
        "border": null,
        "overviewRulerColor": "rgb(255, 0, 0)"
      }
    },
    {
      "index": 133,
      "line": 348,
      "column": 47,
      "text": "hsl(210, 50%, 50%)",
      "range": [
        7345,
        7363
      ],
      "color": "rgb(64, 127, 191)",
      "render": {
        "backgroundColor": "rgb(64, 127, 191)",
        "color": "#000000",
        "border": null,
        "overviewRulerColor": "rgb(64, 127, 191)"
      }
    },
    {
      "index": 134,
      "line": 348,
      "column": 67,
      "text": "#00ff00",
      "range": [
        7365,
        7372
      ],
      "color": "rgb(0, 255, 0)",
      "render": {
        "backgroundColor": "rgb(0, 255, 0)",
        "color": "#000000",
        "border": null,
        "overviewRulerColor": "rgb(0, 255, 0)"
      }
    },
    {
      "index": 135,
      "line": 349,
      "column": 21,
      "text": "rgba(0, 0, 255, 0.5)",
      "range": [
        7395,
        7415
      ],
      "color": "rgba(0, 0, 255, 0.5)",
      "render": {
        "backgroundColor": "rgb(0, 0, 255)",
        "color": "#FFFFFF",
        "border": null,
        "overviewRulerColor": "rgb(0, 0, 255)"
      }
    },
    {
      "index": 136,
      "line": 350,
      "column": 23,
      "text": "hwb(0, 0%, 0%)",
      "range": [
        7439,
        7453
      ],
      "color": "rgb(255, 0, 0)",
      "render": {
        "backgroundColor": "rgb(255, 0, 0)",
        "color": "#000000",
        "border": null,
        "overviewRulerColor": "rgb(255, 0, 0)"
      }
    },
    {
      "index": 137,
      "line": 354,
      "column": 18,
      "text": "#ff0000",
      "range": [
        7527,
        7534
      ],
      "color": "rgb(255, 0, 0)",
      "render": {
        "backgroundColor": "rgb(255, 0, 0)",
        "color": "#000000",
        "border": null,
        "overviewRulerColor": "rgb(255, 0, 0)"
      }
    },
    {
      "index": 138,
      "line": 355,
      "column": 14,
      "text": "rgb(128, 0, 128)",
      "range": [
        7558,
        7574
      ],
      "color": "rgb(128, 0, 128)",
      "render": {
        "backgroundColor": "rgb(128, 0, 128)",
        "color": "#FFFFFF",
        "border": null,
        "overviewRulerColor": "rgb(128, 0, 128)"
      }
    },
    {
      "index": 139,
      "line": 359,
      "column": 20,
      "text": "#ff0000",
      "range": [
        7655,
        7662
      ],
      "color": "rgb(255, 0, 0)",
      "render": {
        "backgroundColor": "rgb(255, 0, 0)",
        "color": "#000000",
        "border": null,
        "overviewRulerColor": "rgb(255, 0, 0)"
      }
    },
    {
      "index": 140,
      "line": 368,
      "column": 16,
      "text": "red",
      "range": [
        7904,
        7907
      ],
      "color": "rgb(255, 0, 0)",
      "render": {
        "backgroundColor": "rgb(255, 0, 0)",
        "color": "#000000",
        "border": null,
        "overviewRulerColor": "rgb(255, 0, 0)"
      }
    },
    {
      "index": 141,
      "line": 369,
      "column": 17,
      "text": "var(--named-red)",
      "range": [
        7925,
        7941
      ],
      "color": "rgb(255, 0, 0)",
      "render": {
        "backgroundColor": "rgb(255, 0, 0)",
        "color": "#000000",
        "border": null,
        "overviewRulerColor": "rgb(255, 0, 0)"
      }
    },
    {
      "index": 142,
      "line": 370,
      "column": 18,
      "text": "rgb(12, 120, 220)",
      "range": [
        7960,
        7977
      ],
      "color": "rgb(12, 120, 220)",
      "render": {
        "backgroundColor": "rgb(12, 120, 220)",
        "color": "#000000",
        "border": null,
        "overviewRulerColor": "rgb(12, 120, 220)"
      }
    },
    {
      "index": 143,
      "line": 374,
      "column": 10,
      "text": "var(--named-red)",
      "range": [
        8011,
        8027
      ],
      "color": "rgb(255, 0, 0)",
      "render": {
        "backgroundColor": "rgb(255, 0, 0)",
        "color": "#000000",
        "border": null,
        "overviewRulerColor": "rgb(255, 0, 0)"
      }
    },
    {
      "index": 144,
      "line": 375,
      "column": 15,
      "text": "var(--root-brand)",
      "range": [
        8043,
        8060
      ],
      "color": "rgb(255, 0, 0)",
      "render": {
        "backgroundColor": "rgb(255, 0, 0)",
        "color": "#000000",
        "border": null,
        "overviewRulerColor": "rgb(255, 0, 0)"
      }
    },
    {
      "index": 145,
      "line": 376,
      "column": 17,
      "text": "var(--root-accent)",
      "range": [
        8078,
        8096
      ],
      "color": "rgb(12, 120, 220)",
      "render": {
        "backgroundColor": "rgb(12, 120, 220)",
        "color": "#000000",
        "border": null,
        "overviewRulerColor": "rgb(12, 120, 220)"
      }
    },
    {
      "index": 146,
      "line": 381,
      "column": 18,
      "text": "#7c3aed",
      "range": [
        8213,
        8220
      ],
      "color": "rgb(124, 58, 237)",
      "render": {
        "backgroundColor": "rgb(124, 58, 237)",
        "color": "#FFFFFF",
        "border": null,
        "overviewRulerColor": "rgb(124, 58, 237)"
      }
    },
    {
      "index": 147,
      "line": 382,
      "column": 14,
      "text": "hsl(160, 70%, 45%)",
      "range": [
        8235,
        8253
      ],
      "color": "rgb(34, 195, 142)",
      "render": {
        "backgroundColor": "rgb(34, 195, 142)",
        "color": "#000000",
        "border": null,
        "overviewRulerColor": "rgb(34, 195, 142)"
      }
    },
    {
      "index": 148,
      "line": 383,
      "column": 17,
      "text": "var(--card-border)",
      "range": [
        8271,
        8289
      ],
      "color": "rgb(124, 58, 237)",
      "render": {
        "backgroundColor": "rgb(124, 58, 237)",
        "color": "#FFFFFF",
        "border": null,
        "overviewRulerColor": "rgb(124, 58, 237)"
      }
    },
    {
      "index": 149,
      "line": 384,
      "column": 15,
      "text": "var(--card-bg)",
      "range": [
        8305,
        8319
      ],
      "color": "rgb(34, 195, 142)",
      "render": {
        "backgroundColor": "rgb(34, 195, 142)",
        "color": "#000000",
        "border": null,
        "overviewRulerColor": "rgb(34, 195, 142)"
      }
    },
    {
      "index": 150,
      "line": 389,
      "column": 17,
      "text": "#ff0000",
      "range": [
        8426,
        8433
      ],
      "color": "rgb(255, 0, 0)",
      "render": {
        "backgroundColor": "rgb(255, 0, 0)",
        "color": "#000000",
        "border": null,
        "overviewRulerColor": "rgb(255, 0, 0)"
      }
    },
    {
      "index": 151,
      "line": 390,
      "column": 19,
      "text": "var(--inline-red)",
      "range": [
        8453,
        8470
      ],
      "color": "rgb(255, 0, 0)",
      "render": {
        "backgroundColor": "rgb(255, 0, 0)",
        "color": "#000000",
        "border": null,
        "overviewRulerColor": "rgb(255, 0, 0)"
      }
    },
    {
      "index": 152,
      "line": 391,
      "column": 10,
      "text": "var(--inline-red)",
      "range": [
        8481,
        8498
      ],
      "color": "rgb(255, 0, 0)",
      "render": {
        "backgroundColor": "rgb(255, 0, 0)",
        "color": "#000000",
        "border": null,
        "overviewRulerColor": "rgb(255, 0, 0)"
      }
    },
    {
      "index": 153,
      "line": 392,
      "column": 18,
      "text": "var(--inline-red-2)",
      "range": [
        8517,
        8536
      ],
      "color": "rgb(255, 0, 0)",
      "render": {
        "backgroundColor": "rgb(255, 0, 0)",
        "color": "#000000",
        "border": null,
        "overviewRulerColor": "rgb(255, 0, 0)"
      }
    },
    {
      "index": 154,
      "line": 397,
      "column": 10,
      "text": "var(--missing-brand, #1d4ed8)",
      "range": [
        8657,
        8686
      ],
      "color": "rgb(29, 78, 216)",
      "render": {
        "backgroundColor": "rgb(29, 78, 216)",
        "color": "#FFFFFF",
        "border": null,
        "overviewRulerColor": "rgb(29, 78, 216)"
      }
    },
    {
      "index": 155,
      "line": 397,
      "column": 31,
      "text": "#1d4ed8",
      "range": [
        8678,
        8685
      ],
      "color": "rgb(29, 78, 216)",
      "render": {
        "backgroundColor": "rgb(29, 78, 216)",
        "color": "#FFFFFF",
        "border": null,
        "overviewRulerColor": "rgb(29, 78, 216)"
      }
    },
    {
      "index": 156,
      "line": 398,
      "column": 15,
      "text": "var(--missing-named, red)",
      "range": [
        8702,
        8727
      ],
      "color": "rgb(255, 0, 0)",
      "render": {
        "backgroundColor": "rgb(255, 0, 0)",
        "color": "#000000",
        "border": null,
        "overviewRulerColor": "rgb(255, 0, 0)"
      }
    },
    {
      "index": 157,
      "line": 398,
      "column": 36,
      "text": "red",
      "range": [
        8723,
        8726
      ],
      "color": "rgb(255, 0, 0)",
      "render": {
        "backgroundColor": "rgb(255, 0, 0)",
        "color": "#000000",
        "border": null,
        "overviewRulerColor": "rgb(255, 0, 0)"
      }
    },
    {
      "index": 158,
      "line": 403,
      "column": 44,
      "text": "#ffffff",
      "range": [
        8874,
        8881
      ],
      "color": "rgb(255, 255, 255)",
      "render": {
        "backgroundColor": "rgb(255, 255, 255)",
        "color": "#000000",
        "border": null,
        "overviewRulerColor": "rgb(255, 255, 255)"
      }
    },
    {
      "index": 159,
      "line": 404,
      "column": 62,
      "text": "white",
      "range": [
        8945,
        8950
      ],
      "color": "rgb(255, 255, 255)",
      "render": {
        "backgroundColor": "rgb(255, 255, 255)",
        "color": "#000000",
        "border": null,
        "overviewRulerColor": "rgb(255, 255, 255)"
      }
    },
    {
      "index": 160,
      "line": 410,
      "column": 10,
      "text": "var(--cycle-a, green)",
      "range": [
        9046,
        9067
      ],
      "color": "rgb(0, 128, 0)",
      "render": {
        "backgroundColor": "rgb(0, 128, 0)",
        "color": "#FFFFFF",
        "border": null,
        "overviewRulerColor": "rgb(0, 128, 0)"
      }
    },
    {
      "index": 161,
      "line": 410,
      "column": 25,
      "text": "green",
      "range": [
        9061,
        9066
      ],
      "color": "rgb(0, 128, 0)",
      "render": {
        "backgroundColor": "rgb(0, 128, 0)",
        "color": "#FFFFFF",
        "border": null,
        "overviewRulerColor": "rgb(0, 128, 0)"
      }
    },
    {
      "index": 162,
      "line": 415,
      "column": 10,
      "text": "#ff0000",
      "range": [
        9190,
        9197
      ],
      "color": "rgb(255, 0, 0)",
      "render": {
        "backgroundColor": "rgb(255, 0, 0)",
        "color": "#000000",
        "border": null,
        "overviewRulerColor": "rgb(255, 0, 0)"
      }
    },
    {
      "index": 163,
      "line": 416,
      "column": 11,
      "text": "var(--red)",
      "range": [
        9209,
        9219
      ],
      "color": "rgb(255, 0, 0)",
      "render": {
        "backgroundColor": "rgb(255, 0, 0)",
        "color": "#000000",
        "border": null,
        "overviewRulerColor": "rgb(255, 0, 0)"
      }
    },
    {
      "index": 164,
      "line": 417,
      "column": 15,
      "text": "var(--red2)",
      "range": [
        9235,
        9246
      ],
      "color": "rgb(255, 0, 0)",
      "render": {
        "backgroundColor": "rgb(255, 0, 0)",
        "color": "#000000",
        "border": null,
        "overviewRulerColor": "rgb(255, 0, 0)"
      }
    },
    {
      "index": 165,
      "line": 418,
      "column": 10,
      "text": "var(--red2)",
      "range": [
        9257,
        9268
      ],
      "color": "rgb(255, 0, 0)",
      "render": {
        "backgroundColor": "rgb(255, 0, 0)",
        "color": "#000000",
        "border": null,
        "overviewRulerColor": "rgb(255, 0, 0)"
      }
    },
    {
      "index": 166,
      "line": 419,
      "column": 17,
      "text": "var(--red-long)",
      "range": [
        9286,
        9301
      ],
      "color": "rgb(255, 0, 0)",
      "render": {
        "backgroundColor": "rgb(255, 0, 0)",
        "color": "#000000",
        "border": null,
        "overviewRulerColor": "rgb(255, 0, 0)"
      }
    }
  ]
}