{
  "file": "css.css",
  "languageId": "css",
  "strategyNames": [
    "findHexRGBA",
    "findColorFunctions",
    "findHwb",
    "findTailwindThemeColors",
    "findNamedColors",
    "findRgbNoFunction",
    "findHslNoFunction",
    "findCssVars",
    "findAnsiSgrColors"
  ],
  "matches": [
    {
      "index": 0,
      "line": 7,
      "column": 10,
      "text": "#f00",
      "range": [
        159,
        163
      ],
      "color": "rgb(255, 0, 0)",
      "render": {
        "backgroundColor": "rgb(255, 0, 0)",
        "color": "#000000",
        "border": null,
        "overviewRulerColor": "rgb(255, 0, 0)"
      }
    },
    {
      "index": 1,
      "line": 8,
      "column": 15,
      "text": "#0f0",
      "range": [
        179,
        183
      ],
      "color": "rgb(0, 255, 0)",
      "render": {
        "backgroundColor": "rgb(0, 255, 0)",
        "color": "#000000",
        "border": null,
        "overviewRulerColor": "rgb(0, 255, 0)"
      }
    },
    {
      "index": 2,
      "line": 9,
      "column": 17,
      "text": "#00f",
      "range": [
        201,
        205
      ],
      "color": "rgb(0, 0, 255)",
      "render": {
        "backgroundColor": "rgb(0, 0, 255)",
        "color": "#FFFFFF",
        "border": null,
        "overviewRulerColor": "rgb(0, 0, 255)"
      }
    },
    {
      "index": 3,
      "line": 14,
      "column": 10,
      "text": "#ff0000",
      "range": [
        256,
        263
      ],
      "color": "rgb(255, 0, 0)",
      "render": {
        "backgroundColor": "rgb(255, 0, 0)",
        "color": "#000000",
        "border": null,
        "overviewRulerColor": "rgb(255, 0, 0)"
      }
    },
    {
      "index": 4,
      "line": 15,
      "column": 15,
      "text": "#00ff00",
      "range": [
        279,
        286
      ],
      "color": "rgb(0, 255, 0)",
      "render": {
        "backgroundColor": "rgb(0, 255, 0)",
        "color": "#000000",
        "border": null,
        "overviewRulerColor": "rgb(0, 255, 0)"
      }
    },
    {
      "index": 5,
      "line": 16,
      "column": 17,
      "text": "#0000ff",
      "range": [
        304,
        311
      ],
      "color": "rgb(0, 0, 255)",
      "render": {
        "backgroundColor": "rgb(0, 0, 255)",
        "color": "#FFFFFF",
        "border": null,
        "overviewRulerColor": "rgb(0, 0, 255)"
      }
    },
    {
      "index": 6,
      "line": 21,
      "column": 10,
      "text": "#f00f",
      "range": [
        377,
        382
      ],
      "color": "rgb(255, 0, 0)",
      "render": {
        "backgroundColor": "rgb(255, 0, 0)",
        "color": "#000000",
        "border": null,
        "overviewRulerColor": "rgb(255, 0, 0)"
      }
    },
    {
      "index": 7,
      "line": 22,
      "column": 15,
      "text": "#0f0c",
      "range": [
        398,
        403
      ],
      "color": "rgba(0, 255, 0, 0.8)",
      "render": {
        "backgroundColor": "rgb(0, 255, 0)",
        "color": "#000000",
        "border": null,
        "overviewRulerColor": "rgb(0, 255, 0)"
      }
    },
    {
      "index": 8,
      "line": 23,
      "column": 17,
      "text": "#00f8",
      "range": [
        421,
        426
      ],
      "color": "rgba(0, 0, 255, 0.533)",
      "render": {
        "backgroundColor": "rgb(0, 0, 255)",
        "color": "#FFFFFF",
        "border": null,
        "overviewRulerColor": "rgb(0, 0, 255)"
      }
    },
    {
      "index": 9,
      "line": 28,
      "column": 10,
      "text": "#ff000080",
      "range": [
        496,
        505
      ],
      "color": "rgba(255, 0, 0, 0.502)",
      "render": {
        "backgroundColor": "rgb(255, 0, 0)",
        "color": "#000000",
        "border": null,
        "overviewRulerColor": "rgb(255, 0, 0)"
      }
    },
    {
      "index": 10,
      "line": 29,
      "column": 15,
      "text": "#00ff00cc",
      "range": [
        521,
        530
      ],
      "color": "rgba(0, 255, 0, 0.8)",
      "render": {
        "backgroundColor": "rgb(0, 255, 0)",
        "color": "#000000",
        "border": null,
        "overviewRulerColor": "rgb(0, 255, 0)"
      }
    },
    {
      "index": 11,
      "line": 30,
      "column": 17,
      "text": "#0000ffff",
      "range": [
        548,
        557
      ],
      "color": "rgb(0, 0, 255)",
      "render": {
        "backgroundColor": "rgb(0, 0, 255)",
        "color": "#FFFFFF",
        "border": null,
        "overviewRulerColor": "rgb(0, 0, 255)"
      }
    },
    {
      "index": 12,
      "line": 35,
      "column": 10,
      "text": "0xff0000",
      "range": [
        601,
        609
      ],
      "color": "rgb(255, 0, 0)",
      "render": {
        "backgroundColor": "rgb(255, 0, 0)",
        "color": "#000000",
        "border": null,
        "overviewRulerColor": "rgb(255, 0, 0)"
      }
    },
    {
      "index": 13,
      "line": 36,
      "column": 15,
      "text": "0x00ff00",
      "range": [
        625,
        633
      ],
      "color": "rgb(0, 255, 0)",
      "render": {
        "backgroundColor": "rgb(0, 255, 0)",
        "color": "#000000",
        "border": null,
        "overviewRulerColor": "rgb(0, 255, 0)"
      }
    },
    {
      "index": 14,
      "line": 45,
      "column": 10,
      "text": "rgb(255, 0, 0)",
      "range": [
        811,
        825
      ],
      "color": "rgb(255, 0, 0)",
      "render": {
        "backgroundColor": "rgb(255, 0, 0)",
        "color": "#000000",
        "border": null,
        "overviewRulerColor": "rgb(255, 0, 0)"
      }
    },
    {
      "index": 15,
      "line": 46,
      "column": 15,
      "text": "rgb(0, 128, 255)",
      "range": [
        841,
        857
      ],
      "color": "rgb(0, 128, 255)",
      "render": {
        "backgroundColor": "rgb(0, 128, 255)",
        "color": "#000000",
        "border": null,
        "overviewRulerColor": "rgb(0, 128, 255)"
      }
    },
    {
      "index": 16,
      "line": 51,
      "column": 10,
      "text": "rgba(255, 0, 0, 1)",
      "range": [
        911,
        929
      ],
      "color": "rgb(255, 0, 0)",
      "render": {
        "backgroundColor": "rgb(255, 0, 0)",
        "color": "#000000",
        "border": null,
        "overviewRulerColor": "rgb(255, 0, 0)"
      }
    },
    {
      "index": 17,
      "line": 52,
      "column": 15,
      "text": "rgba(0, 128, 255, 0.5)",
      "range": [
        945,
        967
      ],
      "color": "rgba(0, 128, 255, 0.5)",
      "render": {
        "backgroundColor": "rgb(0, 128, 255)",
        "color": "#000000",
        "border": null,
        "overviewRulerColor": "rgb(0, 128, 255)"
      }
    },
    {
      "index": 18,
      "line": 57,
      "column": 10,
      "text": "rgb(255 0 0)",
      "range": [
        1019,
        1031
      ],
      "color": "rgb(255, 0, 0)",
      "render": {
        "backgroundColor": "rgb(255, 0, 0)",
        "color": "#000000",
        "border": null,
        "overviewRulerColor": "rgb(255, 0, 0)"
      }
    },
    {
      "index": 19,
      "line": 58,
      "column": 15,
      "text": "rgb(0 128 255)",
      "range": [
        1047,
        1061
      ],
      "color": "rgb(0, 128, 255)",
      "render": {
        "backgroundColor": "rgb(0, 128, 255)",
        "color": "#000000",
        "border": null,
        "overviewRulerColor": "rgb(0, 128, 255)"
      }
    },
    {
      "index": 20,
      "line": 63,
      "column": 10,
      "text": "rgb(255 0 0 / 1)",
      "range": [
        1129,
        1145
      ],
      "color": "rgb(255, 0, 0)",
      "render": {
        "backgroundColor": "rgb(255, 0, 0)",
        "color": "#000000",
        "border": null,
        "overviewRulerColor": "rgb(255, 0, 0)"
      }
    },
    {
      "index": 21,
      "line": 64,
      "column": 15,
      "text": "rgb(0 128 255 / 0.5)",
      "range": [
        1161,
        1181
      ],
      "color": "rgba(0, 128, 255, 0.5)",
      "render": {
        "backgroundColor": "rgb(0, 128, 255)",
        "color": "#000000",
        "border": null,
        "overviewRulerColor": "rgb(0, 128, 255)"
      }
    },
    {
      "index": 22,
      "line": 69,
      "column": 10,
      "text": "rgb(100%, 0%, 0%)",
      "range": [
        1239,
        1256
      ],
      "color": "rgb(255, 0, 0)",
      "render": {
        "backgroundColor": "rgb(255, 0, 0)",
        "color": "#000000",
        "border": null,
        "overviewRulerColor": "rgb(255, 0, 0)"
      }
    },
    {
      "index": 23,
      "line": 70,
      "column": 15,
      "text": "rgb(0%, 50%, 100%)",
      "range": [
        1272,
        1290
      ],
      "color": "rgb(0, 128, 255)",
      "render": {
        "backgroundColor": "rgb(0, 128, 255)",
        "color": "#000000",
        "border": null,
        "overviewRulerColor": "rgb(0, 128, 255)"
      }
    },
    {
      "index": 24,
      "line": 79,
      "column": 10,
      "text": "hsl(0, 100%, 50%)",
      "range": [
        1468,
        1485
      ],
      "color": "rgb(255, 0, 0)",
      "render": {
        "backgroundColor": "rgb(255, 0, 0)",
        "color": "#000000",
        "border": null,
        "overviewRulerColor": "rgb(255, 0, 0)"
      }
    },
    {
      "index": 25,
      "line": 80,
      "column": 15,
      "text": "hsl(210, 50%, 50%)",
      "range": [
        1501,
        1519
      ],
      "color": "rgb(64, 128, 191)",
      "render": {
        "backgroundColor": "rgb(64, 128, 191)",
        "color": "#000000",
        "border": null,
        "overviewRulerColor": "rgb(64, 128, 191)"
      }
    },
    {
      "index": 26,
      "line": 85,
      "column": 10,
      "text": "hsla(0, 100%, 50%, 1)",
      "range": [
        1573,
        1594
      ],
      "color": "rgb(255, 0, 0)",
      "render": {
        "backgroundColor": "rgb(255, 0, 0)",
        "color": "#000000",
        "border": null,
        "overviewRulerColor": "rgb(255, 0, 0)"
      }
    },
    {
      "index": 27,
      "line": 86,
      "column": 15,
      "text": "hsla(210, 50%, 50%, 0.5)",
      "range": [
        1610,
        1634
      ],
      "color": "rgba(64, 128, 191, 0.5)",
      "render": {
        "backgroundColor": "rgb(64, 128, 191)",
        "color": "#000000",
        "border": null,
        "overviewRulerColor": "rgb(64, 128, 191)"
      }
    },
    {
      "index": 28,
      "line": 91,
      "column": 10,
      "text": "hsl(0 100% 50%)",
      "range": [
        1686,
        1701
      ],
      "color": "rgb(255, 0, 0)",
      "render": {
        "backgroundColor": "rgb(255, 0, 0)",
        "color": "#000000",
        "border": null,
        "overviewRulerColor": "rgb(255, 0, 0)"
      }
    },
    {
      "index": 29,
      "line": 92,
      "column": 15,
      "text": "hsl(210 50% 50%)",
      "range": [
        1717,
        1733
      ],
      "color": "rgb(64, 128, 191)",
      "render": {
        "backgroundColor": "rgb(64, 128, 191)",
        "color": "#000000",
        "border": null,
        "overviewRulerColor": "rgb(64, 128, 191)"
      }
    },
    {
      "index": 30,
      "line": 97,
      "column": 10,
      "text": "hsl(0 100% 50% / 1)",
      "range": [
        1801,
        1820
      ],
      "color": "rgb(255, 0, 0)",
      "render": {
        "backgroundColor": "rgb(255, 0, 0)",
        "color": "#000000",
        "border": null,
        "overviewRulerColor": "rgb(255, 0, 0)"
      }
    },
    {
      "index": 31,
      "line": 98,
      "column": 15,
      "text": "hsl(210 50% 50% / 0.5)",
      "range": [
        1836,
        1858
      ],
      "color": "rgba(64, 128, 191, 0.5)",
      "render": {
        "backgroundColor": "rgb(64, 128, 191)",
        "color": "#000000",
        "border": null,
        "overviewRulerColor": "rgb(64, 128, 191)"
      }
    },
    {
      "index": 32,
      "line": 103,
      "column": 10,
      "text": "hsl(0deg, 100%, 50%)",
      "range": [
        1915,
        1935
      ],
      "color": "rgb(255, 0, 0)",
      "render": {
        "backgroundColor": "rgb(255, 0, 0)",
        "color": "#000000",
        "border": null,
        "overviewRulerColor": "rgb(255, 0, 0)"
      }
    },
    {
      "index": 33,
      "line": 104,
      "column": 15,
      "text": "hsl(120deg 100% 50%)",
      "range": [
        1951,
        1971
      ],
      "color": "rgb(0, 255, 0)",
      "render": {
        "backgroundColor": "rgb(0, 255, 0)",
        "color": "#000000",
        "border": null,
        "overviewRulerColor": "rgb(0, 255, 0)"
      }
    },
    {
      "index": 34,
      "line": 109,
      "column": 10,
      "text": "hsl(0.333turn 100% 50%)",
      "range": [
        2041,
        2064
      ],
      "color": "rgb(1, 255, 0)",
      "render": {
        "backgroundColor": "rgb(1, 255, 0)",
        "color": "#000000",
        "border": null,
        "overviewRulerColor": "rgb(1, 255, 0)"
      }
    },
    {
      "index": 35,
      "line": 110,
      "column": 15,
      "text": "hsl(133.333grad 100% 50%)",
      "range": [
        2080,
        2105
      ],
      "color": "rgb(0, 255, 0)",
      "render": {
        "backgroundColor": "rgb(0, 255, 0)",
        "color": "#000000",
        "border": null,
        "overviewRulerColor": "rgb(0, 255, 0)"
      }
    },
    {
      "index": 36,
      "line": 111,
      "column": 17,
      "text": "hsl(2.094rad 100% 50%)",
      "range": [
        2123,
        2145
      ],
      "color": "rgb(0, 255, 0)",
      "render": {
        "backgroundColor": "rgb(0, 255, 0)",
        "color": "#000000",
        "border": null,
        "overviewRulerColor": "rgb(0, 255, 0)"
      }
    },
    {
      "index": 37,
      "line": 120,
      "column": 10,
      "text": "hwb(0 0% 0%)",
      "range": [
        2317,
        2329
      ],
      "color": "rgb(255, 0, 0)",
      "render": {
        "backgroundColor": "rgb(255, 0, 0)",
        "color": "#000000",
        "border": null,
        "overviewRulerColor": "rgb(255, 0, 0)"
      }
    },
    {
      "index": 38,
      "line": 121,
      "column": 15,
      "text": "hwb(210 20% 30%)",
      "range": [
        2345,
        2361
      ],
      "color": "rgb(51, 115, 179)",
      "render": {
        "backgroundColor": "rgb(51, 115, 179)",
        "color": "#FFFFFF",
        "border": null,
        "overviewRulerColor": "rgb(51, 115, 179)"
      }
    },
    {
      "index": 39,
      "line": 126,
      "column": 10,
      "text": "hwb(0 0% 0%)",
      "range": [
        2413,
        2425
      ],
      "color": "rgb(255, 0, 0)",
      "render": {
        "backgroundColor": "rgb(255, 0, 0)",
        "color": "#000000",
        "border": null,
        "overviewRulerColor": "rgb(255, 0, 0)"
      }
    },
    {
      "index": 40,
      "line": 127,
      "column": 15,
      "text": "hwb(210 20% 30%)",
      "range": [
        2441,
        2457
      ],
      "color": "rgb(51, 115, 179)",
      "render": {
        "backgroundColor": "rgb(51, 115, 179)",
        "color": "#FFFFFF",
        "border": null,
        "overviewRulerColor": "rgb(51, 115, 179)"
      }
    },
    {
      "index": 41,
      "line": 132,
      "column": 10,
      "text": "hwb(0 0% 0% / 0.5)",
      "range": [
        2507,
        2525
      ],
      "color": "rgba(255, 0, 0, 0.5)",
      "render": {
        "backgroundColor": "rgb(255, 0, 0)",
        "color": "#000000",
        "border": null,
        "overviewRulerColor": "rgb(255, 0, 0)"
      }
    },
    {
      "index": 42,
      "line": 133,
      "column": 15,
      "text": "hwb(210 20% 30% / 0.8)",
      "range": [
        2541,
        2563
      ],
      "color": "rgba(51, 115, 179, 0.8)",
      "render": {
        "backgroundColor": "rgb(51, 115, 179)",
        "color": "#FFFFFF",
        "border": null,
        "overviewRulerColor": "rgb(51, 115, 179)"
      }
    },
    {
      "index": 43,
      "line": 138,
      "column": 10,
      "text": "hwb(0deg 0% 0%)",
      "range": [
        2620,
        2635
      ],
      "color": "rgb(255, 0, 0)",
      "render": {
        "backgroundColor": "rgb(255, 0, 0)",
        "color": "#000000",
        "border": null,
        "overviewRulerColor": "rgb(255, 0, 0)"
      }
    },
    {
      "index": 44,
      "line": 139,
      "column": 15,
      "text": "hwb(120deg 20% 30%)",
      "range": [
        2651,
        2670
      ],
      "color": "rgb(51, 179, 51)",
      "render": {
        "backgroundColor": "rgb(51, 179, 51)",
        "color": "#000000",
        "border": null,
        "overviewRulerColor": "rgb(51, 179, 51)"
      }
    },
    {
      "index": 45,
      "line": 144,
      "column": 10,
      "text": "hwb(0.333turn 20% 30%)",
      "range": [
        2740,
        2762
      ],
      "color": "rgb(51, 179, 51)",
      "render": {
        "backgroundColor": "rgb(51, 179, 51)",
        "color": "#000000",
        "border": null,
        "overviewRulerColor": "rgb(51, 179, 51)"
      }
    },
    {
      "index": 46,
      "line": 145,
      "column": 15,
      "text": "hwb(133.333grad 20% 30%)",
      "range": [
        2778,
        2802
      ],
      "color": "rgb(51, 179, 51)",
      "render": {
        "backgroundColor": "rgb(51, 179, 51)",
        "color": "#000000",
        "border": null,
        "overviewRulerColor": "rgb(51, 179, 51)"
      }
    },
    {
      "index": 47,
      "line": 146,
      "column": 17,
      "text": "hwb(2.094rad 20% 30%)",
      "range": [
        2820,
        2841
      ],
      "color": "rgb(51, 179, 51)",
      "render": {
        "backgroundColor": "rgb(51, 179, 51)",
        "color": "#000000",
        "border": null,
        "overviewRulerColor": "rgb(51, 179, 51)"
      }
    },
    {
      "index": 48,
      "line": 155,
      "column": 10,
      "text": "lch(50 30 0)",
      "range": [
        3013,
        3025
      ],
      "color": "rgb(166, 98, 120)",
      "render": {
        "backgroundColor": "rgb(166, 98, 120)",
        "color": "#000000",
        "border": null,
        "overviewRulerColor": "rgb(166, 98, 120)"
      }
    },
    {
      "index": 49,
      "line": 156,
      "column": 15,
      "text": "lch(70 40 120)",
      "range": [
        3041,
        3055
      ],
      "color": "rgb(151, 181, 106)",
      "render": {
        "backgroundColor": "rgb(151, 181, 106)",
        "color": "#000000",
        "border": null,
        "overviewRulerColor": "rgb(151, 181, 106)"
      }
    },
    {
      "index": 50,
      "line": 161,
      "column": 10,
      "text": "lch(50 30 0 / 0.5)",
      "range": [
        3105,
        3123
      ],
      "color": "rgba(166, 98, 120, 0.5)",
      "render": {
        "backgroundColor": "rgb(166, 98, 120)",
        "color": "#000000",
        "border": null,
        "overviewRulerColor": "rgb(166, 98, 120)"
      }
    },
    {
      "index": 51,
      "line": 162,
      "column": 15,
      "text": "lch(70 40 120 / 0.8)",
      "range": [
        3139,
        3159
      ],
      "color": "rgba(151, 181, 106, 0.8)",
      "render": {
        "backgroundColor": "rgb(151, 181, 106)",
        "color": "#000000",
        "border": null,
        "overviewRulerColor": "rgb(151, 181, 106)"
      }
    },
    {
      "index": 52,
      "line": 167,
      "column": 10,
      "text": "lch(50 30 0deg)",
      "range": [
        3216,
        3231
      ],
      "color": "rgb(166, 98, 120)",
      "render": {
        "backgroundColor": "rgb(166, 98, 120)",
        "color": "#000000",
        "border": null,
        "overviewRulerColor": "rgb(166, 98, 120)"
      }
    },
    {
      "index": 53,
      "line": 168,
      "column": 15,
      "text": "lch(70 40 120deg)",
      "range": [
        3247,
        3264
      ],
      "color": "rgb(151, 181, 106)",
      "render": {
        "backgroundColor": "rgb(151, 181, 106)",
        "color": "#000000",
        "border": null,
        "overviewRulerColor": "rgb(151, 181, 106)"
      }
    },
    {
      "index": 54,
      "line": 173,
      "column": 10,
      "text": "lch(70 40 0.333turn)",
      "range": [
        3334,
        3354
      ],
      "color": "rgb(151, 181, 106)",
      "render": {
        "backgroundColor": "rgb(151, 181, 106)",
        "color": "#000000",
        "border": null,
        "overviewRulerColor": "rgb(151, 181, 106)"
      }
    },
    {
      "index": 55,
      "line": 174,
      "column": 15,
      "text": "lch(70 40 133.333grad)",
      "range": [
        3370,
        3392
      ],
      "color": "rgb(151, 181, 106)",
      "render": {
        "backgroundColor": "rgb(151, 181, 106)",
        "color": "#000000",
        "border": null,
        "overviewRulerColor": "rgb(151, 181, 106)"
      }
    },
    {
      "index": 56,
      "line": 175,
      "column": 17,
      "text": "lch(70 40 2.094rad)",
      "range": [
        3410,
        3429
      ],
      "color": "rgb(151, 181, 106)",
      "render": {
        "backgroundColor": "rgb(151, 181, 106)",
        "color": "#000000",
        "border": null,
        "overviewRulerColor": "rgb(151, 181, 106)"
      }
    },
    {
      "index": 57,
      "line": 184,
      "column": 10,
      "text": "oklch(0.5 0.15 0)",
      "range": [
        3586,
        3603
      ],
      "color": "rgb(163, 52, 96)",
      "render": {
        "backgroundColor": "rgb(163, 52, 96)",
        "color": "#FFFFFF",
        "border": null,
        "overviewRulerColor": "rgb(163, 52, 96)"
      }
    },
    {
      "index": 58,
      "line": 185,
      "column": 15,
      "text": "oklch(0.7 0.2 200)",
      "range": [
        3619,
        3637
      ],
      "color": "rgb(0, 192, 207)",
      "render": {
        "backgroundColor": "rgb(0, 192, 207)",
        "color": "#000000",
        "border": null,
        "overviewRulerColor": "rgb(0, 192, 207)"
      }
    },
    {
      "index": 59,
      "line": 190,
      "column": 10,
      "text": "oklch(0.5 0.15 0 / 0.5)",
      "range": [
        3691,
        3714
      ],
      "color": "rgba(163, 52, 96, 0.5)",
      "render": {
        "backgroundColor": "rgb(163, 52, 96)",
        "color": "#FFFFFF",
        "border": null,
        "overviewRulerColor": "rgb(163, 52, 96)"
      }
    },
    {
      "index": 60,
      "line": 191,
      "column": 15,
      "text": "oklch(0.7 0.2 200 / 0.8)",
      "range": [
        3730,
        3754
      ],
      "color": "rgba(0, 192, 207, 0.8)",
      "render": {
        "backgroundColor": "rgb(0, 192, 207)",
        "color": "#000000",
        "border": null,
        "overviewRulerColor": "rgb(0, 192, 207)"
      }
    },
    {
      "index": 61,
      "line": 196,
      "column": 10,
      "text": "oklch(0.5 0.15 0deg)",
      "range": [
        3815,
        3835
      ],
      "color": "rgb(163, 52, 96)",
      "render": {
        "backgroundColor": "rgb(163, 52, 96)",
        "color": "#FFFFFF",
        "border": null,
        "overviewRulerColor": "rgb(163, 52, 96)"
      }
    },
    {
      "index": 62,
      "line": 197,
      "column": 15,
      "text": "oklch(0.7 0.2 200deg)",
      "range": [
        3851,
        3872
      ],
      "color": "rgb(0, 192, 207)",
      "render": {
        "backgroundColor": "rgb(0, 192, 207)",
        "color": "#000000",
        "border": null,
        "overviewRulerColor": "rgb(0, 192, 207)"
      }
    },
    {
      "index": 63,
      "line": 202,
      "column": 10,
      "text": "oklch(0.7 0.2 0.333turn)",
      "range": [
        3946,
        3970
      ],
      "color": "rgb(144, 174, 0)",
      "render": {
        "backgroundColor": "rgb(144, 174, 0)",
        "color": "#000000",
        "border": null,
        "overviewRulerColor": "rgb(144, 174, 0)"
      }
    },
    {
      "index": 64,
      "line": 203,
      "column": 15,
      "text": "oklch(0.7 0.2 133.333grad)",
      "range": [
        3986,
        4012
      ],
      "color": "rgb(144, 174, 0)",
      "render": {
        "backgroundColor": "rgb(144, 174, 0)",
        "color": "#000000",
        "border": null,
        "overviewRulerColor": "rgb(144, 174, 0)"
      }
    },
    {
      "index": 65,
      "line": 204,
      "column": 17,
      "text": "oklch(0.7 0.2 2.094rad)",
      "range": [
        4030,
        4053
      ],
      "color": "rgb(144, 174, 0)",
      "render": {
        "backgroundColor": "rgb(144, 174, 0)",
        "color": "#000000",
        "border": null,
        "overviewRulerColor": "rgb(144, 174, 0)"
      }
    },
    {
      "index": 66,
      "line": 213,
      "column": 10,
      "text": "lab(50 0 0)",
      "range": [
        4204,
        4215
      ],
      "color": "rgb(119, 119, 119)",
      "render": {
        "backgroundColor": "rgb(119, 119, 119)",
        "color": "#000000",
        "border": null,
        "overviewRulerColor": "rgb(119, 119, 119)"
      }
    },
    {
      "index": 67,
      "line": 214,
      "column": 15,
      "text": "lab(70 20 -30)",
      "range": [
        4231,
        4245
      ],
      "color": "rgb(187, 160, 226)",
      "render": {
        "backgroundColor": "rgb(187, 160, 226)",
        "color": "#000000",
        "border": null,
        "overviewRulerColor": "rgb(187, 160, 226)"
      }
    },
    {
      "index": 68,
      "line": 219,
      "column": 10,
      "text": "lab(50 0 0 / 0.5)",
      "range": [
        4295,
        4312
      ],
      "color": "rgba(119, 119, 119, 0.5)",
      "render": {
        "backgroundColor": "rgb(119, 119, 119)",
        "color": "#000000",
        "border": null,
        "overviewRulerColor": "rgb(119, 119, 119)"
      }
    },
    {
      "index": 69,
      "line": 220,
      "column": 15,
      "text": "lab(70 20 -30 / 0.8)",
      "range": [
        4328,
        4348
      ],
      "color": "rgba(187, 160, 226, 0.8)",
      "render": {
        "backgroundColor": "rgb(187, 160, 226)",
        "color": "#000000",
        "border": null,
        "overviewRulerColor": "rgb(187, 160, 226)"
      }
    },
    {
      "index": 70,
      "line": 229,
      "column": 10,
      "text": "oklab(0.5 0 0)",
      "range": [
        4505,
        4519
      ],
      "color": "rgb(99, 99, 99)",
      "render": {
        "backgroundColor": "rgb(99, 99, 99)",
        "color": "#FFFFFF",
        "border": null,
        "overviewRulerColor": "rgb(99, 99, 99)"
      }
    },
    {
      "index": 71,
      "line": 230,
      "column": 15,
      "text": "oklab(0.7 0.1 -0.05)",
      "range": [
        4535,
        4555
      ],
      "color": "rgb(200, 131, 188)",
      "render": {
        "backgroundColor": "rgb(200, 131, 188)",
        "color": "#000000",
        "border": null,
        "overviewRulerColor": "rgb(200, 131, 188)"
      }
    },
    {
      "index": 72,
      "line": 235,
      "column": 10,
      "text": "oklab(0.5 0 0 / 0.5)",
      "range": [
        4609,
        4629
      ],
      "color": "rgba(99, 99, 99, 0.5)",
      "render": {
        "backgroundColor": "rgb(99, 99, 99)",
        "color": "#FFFFFF",
        "border": null,
        "overviewRulerColor": "rgb(99, 99, 99)"
      }
    },
    {
      "index": 73,
      "line": 236,
      "column": 15,
      "text": "oklab(0.7 0.1 -0.05 / 0.8)",
      "range": [
        4645,
        4671
      ],
      "color": "rgba(200, 131, 188, 0.8)",
      "render": {
        "backgroundColor": "rgb(200, 131, 188)",
        "color": "#000000",
        "border": null,
        "overviewRulerColor": "rgb(200, 131, 188)"
      }
    },
    {
      "index": 74,
      "line": 245,
      "column": 10,
      "text": "red",
      "range": [
        4843,
        4846
      ],
      "color": "rgb(255, 0, 0)",
      "render": {
        "backgroundColor": "rgb(255, 0, 0)",
        "color": "#000000",
        "border": null,
        "overviewRulerColor": "rgb(255, 0, 0)"
      }
    },
    {
      "index": 75,
      "line": 246,
      "column": 15,
      "text": "blue",
      "range": [
        4862,
        4866
      ],
      "color": "rgb(0, 0, 255)",
      "render": {
        "backgroundColor": "rgb(0, 0, 255)",
        "color": "#FFFFFF",
        "border": null,
        "overviewRulerColor": "rgb(0, 0, 255)"
      }
    },
    {
      "index": 76,
      "line": 247,
      "column": 17,
      "text": "green",
      "range": [
        4884,
        4889
      ],
      "color": "rgb(0, 128, 0)",
      "render": {
        "backgroundColor": "rgb(0, 128, 0)",
        "color": "#FFFFFF",
        "border": null,
        "overviewRulerColor": "rgb(0, 128, 0)"
      }
    },
    {
      "index": 77,
      "line": 252,
      "column": 10,
      "text": "red",
      "range": [
        5002,
        5005
      ],
      "color": "rgb(255, 0, 0)",
      "render": {
        "backgroundColor": "rgb(255, 0, 0)",
        "color": "#000000",
        "border": null,
        "overviewRulerColor": "rgb(255, 0, 0)"
      }
    },
    {
      "index": 78,
      "line": 263,
      "column": 10,
      "text": "color(display-p3 1 0.2 0.1)",
      "range": [
        5239,
        5266
      ],
      "color": "rgb(255, 0, 0)",
      "render": {
        "backgroundColor": "rgb(255, 0, 0)",
        "color": "#000000",
        "border": null,
        "overviewRulerColor": "rgb(255, 0, 0)"
      }
    },
    {
      "index": 79,
      "line": 264,
      "column": 15,
      "text": "color(rec2020 0.8 0.2 0.1 / 0.75)",
      "range": [
        5282,
        5315
      ],
      "color": "rgba(255, 0, 22, 0.75)",
      "render": {
        "backgroundColor": "rgb(255, 0, 22)",
        "color": "#000000",
        "border": null,
        "overviewRulerColor": "rgb(255, 0, 22)"
      }
    },
    {
      "index": 80,
      "line": 265,
      "column": 17,
      "text": "color(prophoto-rgb 0.7 0.3 0.2)",
      "range": [
        5333,
        5364
      ],
      "color": "rgb(252, 39, 58)",
      "render": {
        "backgroundColor": "rgb(252, 39, 58)",
        "color": "#000000",
        "border": null,
        "overviewRulerColor": "rgb(252, 39, 58)"
      }
    },
    {
      "index": 81,
      "line": 266,
      "column": 18,
      "text": "color(xyz 0.4 0.3 0.2)",
      "range": [
        5383,
        5405
      ],
      "color": "rgb(223, 119, 115)",
      "render": {
        "backgroundColor": "rgb(223, 119, 115)",
        "color": "#000000",
        "border": null,
        "overviewRulerColor": "rgb(223, 119, 115)"
      }
    },
    {
      "index": 82,
      "line": 271,
      "column": 10,
      "text": "color(srgb 1 0.2 0.1)",
      "range": [
        5482,
        5503
      ],
      "color": "rgb(255, 51, 26)",
      "render": {
        "backgroundColor": "rgb(255, 51, 26)",
        "color": "#000000",
        "border": null,
        "overviewRulerColor": "rgb(255, 51, 26)"
      }
    },
    {
      "index": 83,
      "line": 272,
      "column": 15,
      "text": "color(srgb-linear 0.8 0.2 0.1)",
      "range": [
        5519,
        5549
      ],
      "color": "rgb(231, 124, 89)",
      "render": {
        "backgroundColor": "rgb(231, 124, 89)",
        "color": "#000000",
        "border": null,
        "overviewRulerColor": "rgb(231, 124, 89)"
      }
    },
    {
      "index": 84,
      "line": 273,
      "column": 25,
      "text": "color(display-p3-linear 0.8 0.2 0.1)",
      "range": [
        5575,
        5611
      ],
      "color": "rgb(248, 116, 79)",
      "render": {
        "backgroundColor": "rgb(248, 116, 79)",
        "color": "#000000",
        "border": null,
        "overviewRulerColor": "rgb(248, 116, 79)"
      }
    },
    {
      "index": 85,
      "line": 274,
      "column": 17,
      "text": "color(a98-rgb 0.6 0.2 0.9)",
      "range": [
        5629,
        5655
      ],
      "color": "rgb(178, 48, 234)",
      "render": {
        "backgroundColor": "rgb(178, 48, 234)",
        "color": "#FFFFFF",
        "border": null,
        "overviewRulerColor": "rgb(178, 48, 234)"
      }
    },
    {
      "index": 86,
      "line": 275,
      "column": 18,
      "text": "color(xyz-d50 0.4 0.3 0.2 / 0.7)",
      "range": [
        5674,
        5706
      ],
      "color": "rgba(214, 121, 135, 0.7)",
      "render": {
        "backgroundColor": "rgb(214, 121, 135)",
        "color": "#000000",
        "border": null,
        "overviewRulerColor": "rgb(214, 121, 135)"
      }
    },
    {
      "index": 87,
      "line": 276,
      "column": 26,
      "text": "color(xyz-d65 0.4 0.3 0.2)",
      "range": [
        5733,
        5759
      ],
      "color": "rgb(223, 119, 115)",
      "render": {
        "backgroundColor": "rgb(223, 119, 115)",
        "color": "#000000",
        "border": null,
        "overviewRulerColor": "rgb(223, 119, 115)"
      }
    },
    {
      "index": 88,
      "line": 281,
      "column": 10,
      "text": "rgb(none 255 none / none)",
      "range": [
        5858,
        5883
      ],
      "color": "rgba(0, 255, 0, 0)",
      "render": {
        "backgroundColor": "rgb(0, 255, 0)",
        "color": "#000000",
        "border": null,
        "overviewRulerColor": "rgb(0, 255, 0)"
      }
    },
    {
      "index": 89,
      "line": 282,
      "column": 15,
      "text": "oklch(none none none / none)",
      "range": [
        5899,
        5927
      ],
      "color": "rgba(0, 0, 0, 0)",
      "render": {
        "backgroundColor": "rgb(0, 0, 0)",
        "color": "#FFFFFF",
        "border": null,
        "overviewRulerColor": "rgb(0, 0, 0)"
      }
    },
    {
      "index": 90,
      "line": 287,
      "column": 10,
      "text": "color-mix(in srgb, #ff0000 20%, #0000ff)",
      "range": [
        6003,
        6043
      ],
      "color": "rgb(51, 0, 204)",
      "render": {
        "backgroundColor": "rgb(51, 0, 204)",
        "color": "#FFFFFF",
        "border": null,
        "overviewRulerColor": "rgb(51, 0, 204)"
      }
    },
    {
      "index": 91,
      "line": 288,
      "column": 15,
      "text": "color-mix(red, color(display-p3 0 0 1))",
      "range": [
        6059,
        6098
      ],
      "color": "rgb(142, 85, 167)",
      "render": {
        "backgroundColor": "rgb(142, 85, 167)",
        "color": "#FFFFFF",
        "border": null,
        "overviewRulerColor": "rgb(142, 85, 167)"
      }
    },
    {
      "index": 92,
      "line": 289,
      "column": 17,
      "text": "color-mix(\n    in oklch longer hue,\n    oklch(0.6 0.2 30),\n    oklch(0.6 0.2 90)\n  )",
      "range": [
        6116,
        6200
      ],
      "color": "rgb(0, 137, 233)",
      "render": {
        "backgroundColor": "rgb(0, 137, 233)",
        "color": "#000000",
        "border": null,
        "overviewRulerColor": "rgb(0, 137, 233)"
      }
    },
    {
      "index": 93,
      "line": 297,
      "column": 4,
      "text": "0xff6600",
      "range": [
        6257,
        6265
      ],
      "color": "rgb(255, 102, 0)",
      "render": {
        "backgroundColor": "rgb(255, 102, 0)",
        "color": "#000000",
        "border": null,
        "overviewRulerColor": "rgb(255, 102, 0)"
      }
    },
    {
      "index": 94,
      "line": 304,
      "column": 10,
      "text": "rebeccapurple",
      "range": [
        6352,
        6365
      ],
      "color": "rgb(102, 51, 153)",
      "render": {
        "backgroundColor": "rgb(102, 51, 153)",
        "color": "#FFFFFF",
        "border": null,
        "overviewRulerColor": "rgb(102, 51, 153)"
      }
    },
    {
      "index": 95,
      "line": 305,
      "column": 15,
      "text": "cornflowerblue",
      "range": [
        6381,
        6395
      ],
      "color": "rgb(100, 149, 237)",
      "render": {
        "backgroundColor": "rgb(100, 149, 237)",
        "color": "#000000",
        "border": null,
        "overviewRulerColor": "rgb(100, 149, 237)"
      }
    },
    {
      "index": 96,
      "line": 306,
      "column": 17,
      "text": "darkorange",
      "range": [
        6413,
        6423
      ],
      "color": "rgb(255, 140, 0)",
      "render": {
        "backgroundColor": "rgb(255, 140, 0)",
        "color": "#000000",
        "border": null,
        "overviewRulerColor": "rgb(255, 140, 0)"
      }
    },
    {
      "index": 97,
      "line": 311,
      "column": 10,
      "text": "coral",
      "range": [
        6475,
        6480
      ],
      "color": "rgb(255, 127, 80)",
      "render": {
        "backgroundColor": "rgb(255, 127, 80)",
        "color": "#000000",
        "border": null,
        "overviewRulerColor": "rgb(255, 127, 80)"
      }
    },
    {
      "index": 98,
      "line": 312,
      "column": 15,
      "text": "teal",
      "range": [
        6496,
        6500
      ],
      "color": "rgb(0, 128, 128)",
      "render": {
        "backgroundColor": "rgb(0, 128, 128)",
        "color": "#FFFFFF",
        "border": null,
        "overviewRulerColor": "rgb(0, 128, 128)"
      }
    },
    {
      "index": 99,
      "line": 313,
      "column": 17,
      "text": "crimson",
      "range": [
        6518,
        6525
      ],
      "color": "rgb(220, 20, 60)",
      "render": {
        "backgroundColor": "rgb(220, 20, 60)",
        "color": "#FFFFFF",
        "border": null,
        "overviewRulerColor": "rgb(220, 20, 60)"
      }
    },
    {
      "index": 100,
      "line": 318,
      "column": 10,
      "text": "gray",
      "range": [
        6573,
        6577
      ],
      "color": "rgb(128, 128, 128)",
      "render": {
        "backgroundColor": "rgb(128, 128, 128)",
        "color": "#000000",
        "border": null,
        "overviewRulerColor": "rgb(128, 128, 128)"
      }
    },
    {
      "index": 101,
      "line": 319,
      "column": 15,
      "text": "grey",
      "range": [
        6593,
        6597
      ],
      "color": "rgb(128, 128, 128)",
      "render": {
        "backgroundColor": "rgb(128, 128, 128)",
        "color": "#000000",
        "border": null,
        "overviewRulerColor": "rgb(128, 128, 128)"
      }
    },
    {
      "index": 102,
      "line": 320,
      "column": 17,
      "text": "darkgray",
      "range": [
        6615,
        6623
      ],
      "color": "rgb(169, 169, 169)",
      "render": {
        "backgroundColor": "rgb(169, 169, 169)",
        "color": "#000000",
        "border": null,
        "overviewRulerColor": "rgb(169, 169, 169)"
      }
    },
    {
      "index": 103,
      "line": 329,
      "column": 20,
      "text": "#ff0000",
      "range": [
        6839,
        6846
      ],
      "color": "rgb(255, 0, 0)",
      "render": {
        "backgroundColor": "rgb(255, 0, 0)",
        "color": "#000000",
        "border": null,
        "overviewRulerColor": "rgb(255, 0, 0)"
      }
    },
    {
      "index": 104,
      "line": 330,
      "column": 22,
      "text": "rgb(0, 128, 255)",
      "range": [
        6869,
        6885
      ],
      "color": "rgb(0, 128, 255)",
      "render": {
        "backgroundColor": "rgb(0, 128, 255)",
        "color": "#000000",
        "border": null,
        "overviewRulerColor": "rgb(0, 128, 255)"
      }
    },
    {
      "index": 105,
      "line": 331,
      "column": 19,
      "text": "hsl(120, 100%, 50%)",
      "range": [
        6905,
        6924
      ],
      "color": "rgb(0, 255, 0)",
      "render": {
        "backgroundColor": "rgb(0, 255, 0)",
        "color": "#000000",
        "border": null,
        "overviewRulerColor": "rgb(0, 255, 0)"
      }
    },
    {
      "index": 106,
      "line": 332,
      "column": 18,
      "text": "#80808080",
      "range": [
        6943,
        6952
      ],
      "color": "rgba(128, 128, 128, 0.502)",
      "render": {
        "backgroundColor": "rgb(128, 128, 128)",
        "color": "#000000",
        "border": null,
        "overviewRulerColor": "rgb(128, 128, 128)"
      }
    },
    {
      "index": 107,
      "line": 333,
      "column": 20,
      "text": "orange",
      "range": [
        6973,
        6979
      ],
      "color": "rgb(255, 165, 0)",
      "render": {
        "backgroundColor": "rgb(255, 165, 0)",
        "color": "#000000",
        "border": null,
        "overviewRulerColor": "rgb(255, 165, 0)"
      }
    },
    {
      "index": 108,
      "line": 338,
      "column": 10,
      "text": "var(--color-primary)",
      "range": [
        7029,
        7049
      ],
      "color": "rgb(255, 0, 0)",
      "render": {
        "backgroundColor": "rgb(255, 0, 0)",
        "color": "#000000",
        "border": null,
        "overviewRulerColor": "rgb(255, 0, 0)"
      }
    },
    {
      "index": 109,
      "line": 339,
      "column": 15,
      "text": "var(--color-secondary)",
      "range": [
        7065,
        7087
      ],
      "color": "rgb(0, 128, 255)",
      "render": {
        "backgroundColor": "rgb(0, 128, 255)",
        "color": "#000000",
        "border": null,
        "overviewRulerColor": "rgb(0, 128, 255)"
      }
    },
    {
      "index": 110,
      "line": 340,
      "column": 17,
      "text": "var(--color-accent)",
      "range": [
        7105,
        7124
      ],
      "color": "rgb(0, 255, 0)",
      "render": {
        "backgroundColor": "rgb(0, 255, 0)",
        "color": "#000000",
        "border": null,
        "overviewRulerColor": "rgb(0, 255, 0)"
      }
    },
    {
      "index": 111,
      "line": 341,
      "column": 18,
      "text": "var(--color-muted)",
      "range": [
        7143,
        7161
      ],
      "color": "rgba(128, 128, 128, 0.502)",
      "render": {
        "backgroundColor": "rgb(128, 128, 128)",
        "color": "#000000",
        "border": null,
        "overviewRulerColor": "rgb(128, 128, 128)"
      }
    },
    {
      "index": 112,
      "line": 346,
      "column": 3,
      "text": "--brand-rgb: 255 0 0;",
      "range": [
        7231,
        7252
      ],
      "color": "rgb(255, 0, 0)",
      "render": {
        "backgroundColor": "rgb(255, 0, 0)",
        "color": "#000000",
        "border": null,
        "overviewRulerColor": "rgb(255, 0, 0)"
      }
    },
    {
      "index": 113,
      "line": 347,
      "column": 3,
      "text": "--brand-hsl: 0 100% 50%;",
      "range": [
        7255,
        7279
      ],
      "color": "rgb(255, 0, 0)",
      "render": {
        "backgroundColor": "rgb(255, 0, 0)",
        "color": "#000000",
        "border": null,
        "overviewRulerColor": "rgb(255, 0, 0)"
      }
    },
    {
      "index": 114,
      "line": 348,
      "column": 3,
      "text": "--brand-lch: 70 40 120 / 0.8;",
      "range": [
        7282,
        7311
      ],
      "color": "rgba(151, 181, 106, 0.8)",
      "render": {
        "backgroundColor": "rgb(151, 181, 106)",
        "color": "#000000",
        "border": null,
        "overviewRulerColor": "rgb(151, 181, 106)"
      }
    },
    {
      "index": 115,
      "line": 349,
      "column": 3,
      "text": "--brand-oklch: 0.7 0.2 200 / 0.8;",
      "range": [
        7314,
        7347
      ],
      "color": "rgba(0, 192, 207, 0.8)",
      "render": {
        "backgroundColor": "rgb(0, 192, 207)",
        "color": "#000000",
        "border": null,
        "overviewRulerColor": "rgb(0, 192, 207)"
      }
    },
    {
      "index": 116,
      "line": 350,
      "column": 3,
      "text": "--brand-lab: 70 20 -30;",
      "range": [
        7350,
        7373
      ],
      "color": "rgb(187, 160, 226)",
      "render": {
        "backgroundColor": "rgb(187, 160, 226)",
        "color": "#000000",
        "border": null,
        "overviewRulerColor": "rgb(187, 160, 226)"
      }
    },
    {
      "index": 117,
      "line": 351,
      "column": 3,
      "text": "--brand-oklab: 0.7 0.1 -0.05;",
      "range": [
        7376,
        7405
      ],
      "color": "rgb(200, 131, 188)",
      "render": {
        "backgroundColor": "rgb(200, 131, 188)",
        "color": "#000000",
        "border": null,
        "overviewRulerColor": "rgb(200, 131, 188)"
      }
    },
    {
      "index": 118,
      "line": 352,
      "column": 10,
      "text": "var(--brand-rgb)",
      "range": [
        7415,
        7431
      ],
      "color": "rgb(255, 0, 0)",
      "render": {
        "backgroundColor": "rgb(255, 0, 0)",
        "color": "#000000",
        "border": null,
        "overviewRulerColor": "rgb(255, 0, 0)"
      }
    },
    {
      "index": 119,
      "line": 353,
      "column": 15,
      "text": "var(--brand-hsl)",
      "range": [
        7447,
        7463
      ],
      "color": "rgb(255, 0, 0)",
      "render": {
        "backgroundColor": "rgb(255, 0, 0)",
        "color": "#000000",
        "border": null,
        "overviewRulerColor": "rgb(255, 0, 0)"
      }
    },
    {
      "index": 120,
      "line": 354,
      "column": 17,
      "text": "var(--brand-lch)",
      "range": [
        7481,
        7497
      ],
      "color": "rgba(151, 181, 106, 0.8)",
      "render": {
        "backgroundColor": "rgb(151, 181, 106)",
        "color": "#000000",
        "border": null,
        "overviewRulerColor": "rgb(151, 181, 106)"
      }
    },
    {
      "index": 121,
      "line": 355,
      "column": 18,
      "text": "var(--brand-oklch)",
      "range": [
        7516,
        7534
      ],
      "color": "rgba(0, 192, 207, 0.8)",
      "render": {
        "backgroundColor": "rgb(0, 192, 207)",
        "color": "#000000",
        "border": null,
        "overviewRulerColor": "rgb(0, 192, 207)"
      }
    },
    {
      "index": 122,
      "line": 356,
      "column": 26,
      "text": "var(--brand-lab)",
      "range": [
        7561,
        7577
      ],
      "color": "rgb(187, 160, 226)",
      "render": {
        "backgroundColor": "rgb(187, 160, 226)",
        "color": "#000000",
        "border": null,
        "overviewRulerColor": "rgb(187, 160, 226)"
      }
    },
    {
      "index": 123,
      "line": 357,
      "column": 16,
      "text": "var(--brand-oklab)",
      "range": [
        7594,
        7612
      ],
      "color": "rgb(200, 131, 188)",
      "render": {
        "backgroundColor": "rgb(200, 131, 188)",
        "color": "#000000",
        "border": null,
        "overviewRulerColor": "rgb(200, 131, 188)"
      }
    },
    {
      "index": 124,
      "line": 366,
      "column": 31,
      "text": "rgb(255, 0, 0)",
      "range": [
        7821,
        7835
      ],
      "color": "rgb(255, 0, 0)",
      "render": {
        "backgroundColor": "rgb(255, 0, 0)",
        "color": "#000000",
        "border": null,
        "overviewRulerColor": "rgb(255, 0, 0)"
      }
    },
    {
      "index": 125,
      "line": 366,
      "column": 47,
      "text": "hsl(210, 50%, 50%)",
      "range": [
        7837,
        7855
      ],
      "color": "rgb(64, 128, 191)",
      "render": {
        "backgroundColor": "rgb(64, 128, 191)",
        "color": "#000000",
        "border": null,
        "overviewRulerColor": "rgb(64, 128, 191)"
      }
    },
    {
      "index": 126,
      "line": 366,
      "column": 67,
      "text": "#00ff00",
      "range": [
        7857,
        7864
      ],
      "color": "rgb(0, 255, 0)",
      "render": {
        "backgroundColor": "rgb(0, 255, 0)",
        "color": "#000000",
        "border": null,
        "overviewRulerColor": "rgb(0, 255, 0)"
      }
    },
    {
      "index": 127,
      "line": 367,
      "column": 21,
      "text": "rgba(0, 0, 255, 0.5)",
      "range": [
        7887,
        7907
      ],
      "color": "rgba(0, 0, 255, 0.5)",
      "render": {
        "backgroundColor": "rgb(0, 0, 255)",
        "color": "#FFFFFF",
        "border": null,
        "overviewRulerColor": "rgb(0, 0, 255)"
      }
    },
    {
      "index": 128,
      "line": 368,
      "column": 23,
      "text": "hwb(0 0% 0%)",
      "range": [
        7931,
        7943
      ],
      "color": "rgb(255, 0, 0)",
      "render": {
        "backgroundColor": "rgb(255, 0, 0)",
        "color": "#000000",
        "border": null,
        "overviewRulerColor": "rgb(255, 0, 0)"
      }
    },
    {
      "index": 129,
      "line": 372,
      "column": 18,
      "text": "#ff0000",
      "range": [
        8017,
        8024
      ],
      "color": "rgb(255, 0, 0)",
      "render": {
        "backgroundColor": "rgb(255, 0, 0)",
        "color": "#000000",
        "border": null,
        "overviewRulerColor": "rgb(255, 0, 0)"
      }
    },
    {
      "index": 130,
      "line": 373,
      "column": 14,
      "text": "rgb(128, 0, 128)",
      "range": [
        8048,
        8064
      ],
      "color": "rgb(128, 0, 128)",
      "render": {
        "backgroundColor": "rgb(128, 0, 128)",
        "color": "#FFFFFF",
        "border": null,
        "overviewRulerColor": "rgb(128, 0, 128)"
      }
    },
    {
      "index": 131,
      "line": 377,
      "column": 20,
      "text": "#ff0000",
      "range": [
        8145,
        8152
      ],
      "color": "rgb(255, 0, 0)",
      "render": {
        "backgroundColor": "rgb(255, 0, 0)",
        "color": "#000000",
        "border": null,
        "overviewRulerColor": "rgb(255, 0, 0)"
      }
    },
    {
      "index": 132,
      "line": 386,
      "column": 16,
      "text": "red",
      "range": [
        8394,
        8397
      ],
      "color": "rgb(255, 0, 0)",
      "render": {
        "backgroundColor": "rgb(255, 0, 0)",
        "color": "#000000",
        "border": null,
        "overviewRulerColor": "rgb(255, 0, 0)"
      }
    },
    {
      "index": 133,
      "line": 387,
      "column": 17,
      "text": "var(--named-red)",
      "range": [
        8415,
        8431
      ],
      "color": "rgb(255, 0, 0)",
      "render": {
        "backgroundColor": "rgb(255, 0, 0)",
        "color": "#000000",
        "border": null,
        "overviewRulerColor": "rgb(255, 0, 0)"
      }
    },
    {
      "index": 134,
      "line": 388,
      "column": 18,
      "text": "rgb(12, 120, 220)",
      "range": [
        8450,
        8467
      ],
      "color": "rgb(12, 120, 220)",
      "render": {
        "backgroundColor": "rgb(12, 120, 220)",
        "color": "#000000",
        "border": null,
        "overviewRulerColor": "rgb(12, 120, 220)"
      }
    },
    {
      "index": 135,
      "line": 392,
      "column": 10,
      "text": "var(--named-red)",
      "range": [
        8501,
        8517
      ],
      "color": "rgb(255, 0, 0)",
      "render": {
        "backgroundColor": "rgb(255, 0, 0)",
        "color": "#000000",
        "border": null,
        "overviewRulerColor": "rgb(255, 0, 0)"
      }
    },
    {
      "index": 136,
      "line": 393,
      "column": 15,
      "text": "var(--root-brand)",
      "range": [
        8533,
        8550
      ],
      "color": "rgb(255, 0, 0)",
      "render": {
        "backgroundColor": "rgb(255, 0, 0)",
        "color": "#000000",
        "border": null,
        "overviewRulerColor": "rgb(255, 0, 0)"
      }
    },
    {
      "index": 137,
      "line": 394,
      "column": 17,
      "text": "var(--root-accent)",
      "range": [
        8568,
        8586
      ],
      "color": "rgb(12, 120, 220)",
      "render": {
        "backgroundColor": "rgb(12, 120, 220)",
        "color": "#000000",
        "border": null,
        "overviewRulerColor": "rgb(12, 120, 220)"
      }
    },
    {
      "index": 138,
      "line": 399,
      "column": 18,
      "text": "#7c3aed",
      "range": [
        8703,
        8710
      ],
      "color": "rgb(124, 58, 237)",
      "render": {
        "backgroundColor": "rgb(124, 58, 237)",
        "color": "#FFFFFF",
        "border": null,
        "overviewRulerColor": "rgb(124, 58, 237)"
      }
    },
    {
      "index": 139,
      "line": 400,
      "column": 14,
      "text": "hsl(160, 70%, 45%)",
      "range": [
        8725,
        8743
      ],
      "color": "rgb(34, 195, 142)",
      "render": {
        "backgroundColor": "rgb(34, 195, 142)",
        "color": "#000000",
        "border": null,
        "overviewRulerColor": "rgb(34, 195, 142)"
      }
    },
    {
      "index": 140,
      "line": 401,
      "column": 17,
      "text": "var(--card-border)",
      "range": [
        8761,
        8779
      ],
      "color": "rgb(124, 58, 237)",
      "render": {
        "backgroundColor": "rgb(124, 58, 237)",
        "color": "#FFFFFF",
        "border": null,
        "overviewRulerColor": "rgb(124, 58, 237)"
      }
    },
    {
      "index": 141,
      "line": 402,
      "column": 15,
      "text": "var(--card-bg)",
      "range": [
        8795,
        8809
      ],
      "color": "rgb(34, 195, 142)",
      "render": {
        "backgroundColor": "rgb(34, 195, 142)",
        "color": "#000000",
        "border": null,
        "overviewRulerColor": "rgb(34, 195, 142)"
      }
    },
    {
      "index": 142,
      "line": 407,
      "column": 17,
      "text": "#ff0000",
      "range": [
        8916,
        8923
      ],
      "color": "rgb(255, 0, 0)",
      "render": {
        "backgroundColor": "rgb(255, 0, 0)",
        "color": "#000000",
        "border": null,
        "overviewRulerColor": "rgb(255, 0, 0)"
      }
    },
    {
      "index": 143,
      "line": 408,
      "column": 19,
      "text": "var(--inline-red)",
      "range": [
        8943,
        8960
      ],
      "color": "rgb(255, 0, 0)",
      "render": {
        "backgroundColor": "rgb(255, 0, 0)",
        "color": "#000000",
        "border": null,
        "overviewRulerColor": "rgb(255, 0, 0)"
      }
    },
    {
      "index": 144,
      "line": 409,
      "column": 10,
      "text": "var(--inline-red)",
      "range": [
        8971,
        8988
      ],
      "color": "rgb(255, 0, 0)",
      "render": {
        "backgroundColor": "rgb(255, 0, 0)",
        "color": "#000000",
        "border": null,
        "overviewRulerColor": "rgb(255, 0, 0)"
      }
    },
    {
      "index": 145,
      "line": 410,
      "column": 18,
      "text": "var(--inline-red-2)",
      "range": [
        9007,
        9026
      ],
      "color": "rgb(255, 0, 0)",
      "render": {
        "backgroundColor": "rgb(255, 0, 0)",
        "color": "#000000",
        "border": null,
        "overviewRulerColor": "rgb(255, 0, 0)"
      }
    },
    {
      "index": 146,
      "line": 415,
      "column": 10,
      "text": "var(--missing-brand, #1d4ed8)",
      "range": [
        9147,
        9176
      ],
      "color": "rgb(29, 78, 216)",
      "render": {
        "backgroundColor": "rgb(29, 78, 216)",
        "color": "#FFFFFF",
        "border": null,
        "overviewRulerColor": "rgb(29, 78, 216)"
      }
    },
    {
      "index": 147,
      "line": 416,
      "column": 15,
      "text": "var(--missing-named, red)",
      "range": [
        9192,
        9217
      ],
      "color": "rgb(255, 0, 0)",
      "render": {
        "backgroundColor": "rgb(255, 0, 0)",
        "color": "#000000",
        "border": null,
        "overviewRulerColor": "rgb(255, 0, 0)"
      }
    },
    {
      "index": 148,
      "line": 421,
      "column": 44,
      "text": "#ffffff",
      "range": [
        9364,
        9371
      ],
      "color": "rgb(255, 255, 255)",
      "render": {
        "backgroundColor": "rgb(255, 255, 255)",
        "color": "#000000",
        "border": null,
        "overviewRulerColor": "rgb(255, 255, 255)"
      }
    },
    {
      "index": 149,
      "line": 422,
      "column": 62,
      "text": "white",
      "range": [
        9435,
        9440
      ],
      "color": "rgb(255, 255, 255)",
      "render": {
        "backgroundColor": "rgb(255, 255, 255)",
        "color": "#000000",
        "border": null,
        "overviewRulerColor": "rgb(255, 255, 255)"
      }
    },
    {
      "index": 150,
      "line": 428,
      "column": 10,
      "text": "var(--cycle-a, green)",
      "range": [
        9536,
        9557
      ],
      "color": "rgb(0, 128, 0)",
      "render": {
        "backgroundColor": "rgb(0, 128, 0)",
        "color": "#FFFFFF",
        "border": null,
        "overviewRulerColor": "rgb(0, 128, 0)"
      }
    },
    {
      "index": 151,
      "line": 433,
      "column": 10,
      "text": "#ff0000",
      "range": [
        9680,
        9687
      ],
      "color": "rgb(255, 0, 0)",
      "render": {
        "backgroundColor": "rgb(255, 0, 0)",
        "color": "#000000",
        "border": null,
        "overviewRulerColor": "rgb(255, 0, 0)"
      }
    },
    {
      "index": 152,
      "line": 434,
      "column": 11,
      "text": "var(--red)",
      "range": [
        9699,
        9709
      ],
      "color": "rgb(255, 0, 0)",
      "render": {
        "backgroundColor": "rgb(255, 0, 0)",
        "color": "#000000",
        "border": null,
        "overviewRulerColor": "rgb(255, 0, 0)"
      }
    },
    {
      "index": 153,
      "line": 435,
      "column": 15,
      "text": "var(--red2)",
      "range": [
        9725,
        9736
      ],
      "color": "rgb(255, 0, 0)",
      "render": {
        "backgroundColor": "rgb(255, 0, 0)",
        "color": "#000000",
        "border": null,
        "overviewRulerColor": "rgb(255, 0, 0)"
      }
    },
    {
      "index": 154,
      "line": 436,
      "column": 10,
      "text": "var(--red2)",
      "range": [
        9747,
        9758
      ],
      "color": "rgb(255, 0, 0)",
      "render": {
        "backgroundColor": "rgb(255, 0, 0)",
        "color": "#000000",
        "border": null,
        "overviewRulerColor": "rgb(255, 0, 0)"
      }
    },
    {
      "index": 155,
      "line": 437,
      "column": 17,
      "text": "var(--red-long)",
      "range": [
        9776,
        9791
      ],
      "color": "rgb(255, 0, 0)",
      "render": {
        "backgroundColor": "rgb(255, 0, 0)",
        "color": "#000000",
        "border": null,
        "overviewRulerColor": "rgb(255, 0, 0)"
      }
    },
    {
      "index": 156,
      "line": 446,
      "column": 21,
      "text": "#ef4444",
      "range": [
        10026,
        10033
      ],
      "color": "rgb(239, 68, 68)",
      "render": {
        "backgroundColor": "rgb(239, 68, 68)",
        "color": "#000000",
        "border": null,
        "overviewRulerColor": "rgb(239, 68, 68)"
      }
    },
    {
      "index": 157,
      "line": 448,
      "column": 21,
      "text": "#3b82f6",
      "range": [
        10153,
        10160
      ],
      "color": "rgb(59, 130, 246)",
      "render": {
        "backgroundColor": "rgb(59, 130, 246)",
        "color": "#000000",
        "border": null,
        "overviewRulerColor": "rgb(59, 130, 246)"
      }
    },
    {
      "index": 158,
      "line": 449,
      "column": 10,
      "text": "var(--priority-brand)",
      "range": [
        10171,
        10192
      ],
      "color": "rgb(239, 68, 68)",
      "render": {
        "backgroundColor": "rgb(239, 68, 68)",
        "color": "#000000",
        "border": null,
        "overviewRulerColor": "rgb(239, 68, 68)"
      }
    },
    {
      "index": 159,
      "line": 454,
      "column": 10,
      "text": "#111827",
      "range": [
        10312,
        10319
      ],
      "color": "rgb(17, 24, 39)",
      "render": {
        "backgroundColor": "rgb(17, 24, 39)",
        "color": "#FFFFFF",
        "border": null,
        "overviewRulerColor": "rgb(17, 24, 39)"
      }
    },
    {
      "index": 160,
      "line": 456,
      "column": 10,
      "text": "#6b7280",
      "range": [
        10433,
        10440
      ],
      "color": "rgb(107, 114, 128)",
      "render": {
        "backgroundColor": "rgb(107, 114, 128)",
        "color": "#FFFFFF",
        "border": null,
        "overviewRulerColor": "rgb(107, 114, 128)"
      }
    },
    {
      "index": 161,
      "line": 457,
      "column": 21,
      "text": "#f9fafb",
      "range": [
        10462,
        10469
      ],
      "color": "rgb(249, 250, 251)",
      "render": {
        "backgroundColor": "rgb(249, 250, 251)",
        "color": "#000000",
        "border": null,
        "overviewRulerColor": "rgb(249, 250, 251)"
      }
    },
    {
      "index": 162,
      "line": 459,
      "column": 21,
      "text": "#374151",
      "range": [
        10594,
        10601
      ],
      "color": "rgb(55, 65, 81)",
      "render": {
        "backgroundColor": "rgb(55, 65, 81)",
        "color": "#FFFFFF",
        "border": null,
        "overviewRulerColor": "rgb(55, 65, 81)"
      }
    }
  ]
}