{
  "file": "dart.dart",
  "languageId": "dart",
  "strategyNames": [
    "findHexRGBA",
    "findColorFunctions",
    "findHwb",
    "findTailwindThemeColors",
    "findNamedColors",
    "findRgbNoFunction",
    "findHslNoFunction",
    "findDartColors"
  ],
  "matches": [
    {
      "index": 0,
      "line": 3,
      "column": 26,
      "text": "Color(0xffB11016)",
      "range": [
        99,
        116
      ],
      "color": "rgb(177, 16, 22)",
      "render": {
        "backgroundColor": "rgb(177, 16, 22)",
        "color": "#FFFFFF",
        "border": null,
        "overviewRulerColor": "rgb(177, 16, 22)"
      }
    },
    {
      "index": 1,
      "line": 4,
      "column": 25,
      "text": "Color(0xff39C5BB)",
      "range": [
        142,
        159
      ],
      "color": "rgb(57, 197, 187)",
      "render": {
        "backgroundColor": "rgb(57, 197, 187)",
        "color": "#000000",
        "border": null,
        "overviewRulerColor": "rgb(57, 197, 187)"
      }
    },
    {
      "index": 2,
      "line": 5,
      "column": 37,
      "text": "Color(0x8039C5BB)",
      "range": [
        197,
        214
      ],
      "color": "rgba(57, 197, 187, 0.502)",
      "render": {
        "backgroundColor": "rgb(57, 197, 187)",
        "color": "#000000",
        "border": null,
        "overviewRulerColor": "rgb(57, 197, 187)"
      }
    },
    {
      "index": 3,
      "line": 8,
      "column": 26,
      "text": "Color.fromARGB(255, 226, 226, 226)",
      "range": [
        272,
        306
      ],
      "color": "rgb(226, 226, 226)",
      "render": {
        "backgroundColor": "rgb(226, 226, 226)",
        "color": "#000000",
        "border": null,
        "overviewRulerColor": "rgb(226, 226, 226)"
      }
    },
    {
      "index": 4,
      "line": 9,
      "column": 26,
      "text": "Color.fromARGB(128, 57, 197, 187)",
      "range": [
        333,
        366
      ],
      "color": "rgba(57, 197, 187, 0.502)",
      "render": {
        "backgroundColor": "rgb(57, 197, 187)",
        "color": "#000000",
        "border": null,
        "overviewRulerColor": "rgb(57, 197, 187)"
      }
    },
    {
      "index": 5,
      "line": 10,
      "column": 24,
      "text": "Color.fromRGBO(57, 197, 187, 0.5)",
      "range": [
        391,
        424
      ],
      "color": "rgba(57, 197, 187, 0.5)",
      "render": {
        "backgroundColor": "rgb(57, 197, 187)",
        "color": "#000000",
        "border": null,
        "overviewRulerColor": "rgb(57, 197, 187)"
      }
    },
    {
      "index": 6,
      "line": 11,
      "column": 29,
      "text": "Color.from(\n    alpha: 0.75,\n    red: 0.224,\n    green: 0.773,\n    blue: 0.733,\n    colorSpace: ColorSpace.sRGB,\n  )",
      "range": [
        454,
        570
      ],
      "color": "rgba(57, 197, 187, 0.75)",
      "render": {
        "backgroundColor": "rgb(57, 197, 187)",
        "color": "#000000",
        "border": null,
        "overviewRulerColor": "rgb(57, 197, 187)"
      }
    },
    {
      "index": 7,
      "line": 22,
      "column": 34,
      "text": "Colors.deepPurple",
      "range": [
        814,
        831
      ],
      "color": "rgb(103, 58, 183)",
      "render": {
        "backgroundColor": "rgb(103, 58, 183)",
        "color": "#FFFFFF",
        "border": null,
        "overviewRulerColor": "rgb(103, 58, 183)"
      }
    },
    {
      "index": 8,
      "line": 23,
      "column": 33,
      "text": "Colors.lightBlueAccent",
      "range": [
        865,
        887
      ],
      "color": "rgb(64, 196, 255)",
      "render": {
        "backgroundColor": "rgb(64, 196, 255)",
        "color": "#000000",
        "border": null,
        "overviewRulerColor": "rgb(64, 196, 255)"
      }
    },
    {
      "index": 9,
      "line": 35,
      "column": 28,
      "text": "#efca19",
      "range": [
        1271,
        1278
      ],
      "color": "rgb(239, 202, 25)",
      "render": {
        "backgroundColor": "rgb(239, 202, 25)",
        "color": "#000000",
        "border": null,
        "overviewRulerColor": "rgb(239, 202, 25)"
      }
    },
    {
      "index": 10,
      "line": 35,
      "column": 40,
      "text": "rgb(57, 197, 187)",
      "range": [
        1283,
        1300
      ],
      "color": "rgb(57, 197, 187)",
      "render": {
        "backgroundColor": "rgb(57, 197, 187)",
        "color": "#000000",
        "border": null,
        "overviewRulerColor": "rgb(57, 197, 187)"
      }
    },
    {
      "index": 11,
      "line": 36,
      "column": 30,
      "text": "rgb(57, 197, 187)",
      "range": [
        1330,
        1347
      ],
      "color": "rgb(57, 197, 187)",
      "render": {
        "backgroundColor": "rgb(57, 197, 187)",
        "color": "#000000",
        "border": null,
        "overviewRulerColor": "rgb(57, 197, 187)"
      }
    }
  ]
}