{
  "file": "hyprland.conf",
  "languageId": "plaintext",
  "strategyNames": [
    "findHexRGBA",
    "findColorFunctions",
    "findHwb",
    "findTailwindThemeColors",
    "findNamedColors",
    "findRgbNoFunction",
    "findHslNoFunction"
  ],
  "matches": [
    {
      "index": 0,
      "line": 4,
      "column": 16,
      "text": "rgba(33ccff)",
      "range": [
        51,
        63
      ],
      "color": "rgb(51, 204, 255)",
      "render": {
        "backgroundColor": "rgb(51, 204, 255)",
        "color": "#000000",
        "border": null,
        "overviewRulerColor": "rgb(51, 204, 255)"
      }
    },
    {
      "index": 1,
      "line": 5,
      "column": 23,
      "text": "rgba(33ccffee)",
      "range": [
        86,
        100
      ],
      "color": "rgba(51, 204, 255, 0.933)",
      "render": {
        "backgroundColor": "rgb(51, 204, 255)",
        "color": "#000000",
        "border": null,
        "overviewRulerColor": "rgb(51, 204, 255)"
      }
    },
    {
      "index": 2,
      "line": 6,
      "column": 25,
      "text": "rgba(595959aa)",
      "range": [
        125,
        139
      ],
      "color": "rgba(89, 89, 89, 0.667)",
      "render": {
        "backgroundColor": "rgb(89, 89, 89)",
        "color": "#FFFFFF",
        "border": null,
        "overviewRulerColor": "rgb(89, 89, 89)"
      }
    }
  ]
}