{
  "file": "scss.scss",
  "languageId": "scss",
  "strategyNames": [
    "findHexRGBA",
    "findColorFunctions",
    "findHwb",
    "findTailwindThemeColors",
    "findNamedColors",
    "findRgbNoFunction",
    "findHslNoFunction",
    "findCssVars",
    "findScssVars"
  ],
  "matches": [
    {
      "index": 0,
      "line": 11,
      "column": 9,
      "text": "#f00",
      "range": [
        242,
        246
      ],
      "color": "rgb(255, 0, 0)",
      "render": {
        "backgroundColor": "rgb(255, 0, 0)",
        "color": "#000000",
        "border": null,
        "overviewRulerColor": "rgb(255, 0, 0)"
      }
    },
    {
      "index": 1,
      "line": 12,
      "column": 10,
      "text": "#0f0",
      "range": [
        257,
        261
      ],
      "color": "rgb(0, 255, 0)",
      "render": {
        "backgroundColor": "rgb(0, 255, 0)",
        "color": "#000000",
        "border": null,
        "overviewRulerColor": "rgb(0, 255, 0)"
      }
    },
    {
      "index": 2,
      "line": 13,
      "column": 10,
      "text": "#00f",
      "range": [
        272,
        276
      ],
      "color": "rgb(0, 0, 255)",
      "render": {
        "backgroundColor": "rgb(0, 0, 255)",
        "color": "#FFFFFF",
        "border": null,
        "overviewRulerColor": "rgb(0, 0, 255)"
      }
    },
    {
      "index": 3,
      "line": 16,
      "column": 9,
      "text": "#ff0000",
      "range": [
        312,
        319
      ],
      "color": "rgb(255, 0, 0)",
      "render": {
        "backgroundColor": "rgb(255, 0, 0)",
        "color": "#000000",
        "border": null,
        "overviewRulerColor": "rgb(255, 0, 0)"
      }
    },
    {
      "index": 4,
      "line": 17,
      "column": 10,
      "text": "#00ff00",
      "range": [
        330,
        337
      ],
      "color": "rgb(0, 255, 0)",
      "render": {
        "backgroundColor": "rgb(0, 255, 0)",
        "color": "#000000",
        "border": null,
        "overviewRulerColor": "rgb(0, 255, 0)"
      }
    },
    {
      "index": 5,
      "line": 18,
      "column": 10,
      "text": "#0000ff",
      "range": [
        348,
        355
      ],
      "color": "rgb(0, 0, 255)",
      "render": {
        "backgroundColor": "rgb(0, 0, 255)",
        "color": "#FFFFFF",
        "border": null,
        "overviewRulerColor": "rgb(0, 0, 255)"
      }
    },
    {
      "index": 6,
      "line": 21,
      "column": 9,
      "text": "#f00f",
      "range": [
        401,
        406
      ],
      "color": "rgb(255, 0, 0)",
      "render": {
        "backgroundColor": "rgb(255, 0, 0)",
        "color": "#000000",
        "border": null,
        "overviewRulerColor": "rgb(255, 0, 0)"
      }
    },
    {
      "index": 7,
      "line": 22,
      "column": 10,
      "text": "#0f0c",
      "range": [
        417,
        422
      ],
      "color": "rgba(0, 255, 0, 0.8)",
      "render": {
        "backgroundColor": "rgb(0, 255, 0)",
        "color": "#000000",
        "border": null,
        "overviewRulerColor": "rgb(0, 255, 0)"
      }
    },
    {
      "index": 8,
      "line": 23,
      "column": 10,
      "text": "#00f8",
      "range": [
        433,
        438
      ],
      "color": "rgba(0, 0, 255, 0.533)",
      "render": {
        "backgroundColor": "rgb(0, 0, 255)",
        "color": "#FFFFFF",
        "border": null,
        "overviewRulerColor": "rgb(0, 0, 255)"
      }
    },
    {
      "index": 9,
      "line": 26,
      "column": 9,
      "text": "#ff000080",
      "range": [
        488,
        497
      ],
      "color": "rgba(255, 0, 0, 0.502)",
      "render": {
        "backgroundColor": "rgb(255, 0, 0)",
        "color": "#000000",
        "border": null,
        "overviewRulerColor": "rgb(255, 0, 0)"
      }
    },
    {
      "index": 10,
      "line": 27,
      "column": 10,
      "text": "#00ff00cc",
      "range": [
        508,
        517
      ],
      "color": "rgba(0, 255, 0, 0.8)",
      "render": {
        "backgroundColor": "rgb(0, 255, 0)",
        "color": "#000000",
        "border": null,
        "overviewRulerColor": "rgb(0, 255, 0)"
      }
    },
    {
      "index": 11,
      "line": 28,
      "column": 10,
      "text": "#0000ffff",
      "range": [
        528,
        537
      ],
      "color": "rgb(0, 0, 255)",
      "render": {
        "backgroundColor": "rgb(0, 0, 255)",
        "color": "#FFFFFF",
        "border": null,
        "overviewRulerColor": "rgb(0, 0, 255)"
      }
    },
    {
      "index": 12,
      "line": 35,
      "column": 13,
      "text": "rgb(255, 0, 0)",
      "range": [
        697,
        711
      ],
      "color": "rgb(255, 0, 0)",
      "render": {
        "backgroundColor": "rgb(255, 0, 0)",
        "color": "#000000",
        "border": null,
        "overviewRulerColor": "rgb(255, 0, 0)"
      }
    },
    {
      "index": 13,
      "line": 36,
      "column": 15,
      "text": "rgb(0, 128, 255)",
      "range": [
        727,
        743
      ],
      "color": "rgb(0, 128, 255)",
      "render": {
        "backgroundColor": "rgb(0, 128, 255)",
        "color": "#000000",
        "border": null,
        "overviewRulerColor": "rgb(0, 128, 255)"
      }
    },
    {
      "index": 14,
      "line": 39,
      "column": 14,
      "text": "rgba(255, 0, 0, 1)",
      "range": [
        782,
        800
      ],
      "color": "rgb(255, 0, 0)",
      "render": {
        "backgroundColor": "rgb(255, 0, 0)",
        "color": "#000000",
        "border": null,
        "overviewRulerColor": "rgb(255, 0, 0)"
      }
    },
    {
      "index": 15,
      "line": 40,
      "column": 16,
      "text": "rgba(0, 128, 255, 0.5)",
      "range": [
        817,
        839
      ],
      "color": "rgba(0, 128, 255, 0.5)",
      "render": {
        "backgroundColor": "rgb(0, 128, 255)",
        "color": "#000000",
        "border": null,
        "overviewRulerColor": "rgb(0, 128, 255)"
      }
    },
    {
      "index": 16,
      "line": 43,
      "column": 13,
      "text": "rgb(255 0 0)",
      "range": [
        876,
        888
      ],
      "color": "rgb(255, 0, 0)",
      "render": {
        "backgroundColor": "rgb(255, 0, 0)",
        "color": "#000000",
        "border": null,
        "overviewRulerColor": "rgb(255, 0, 0)"
      }
    },
    {
      "index": 17,
      "line": 46,
      "column": 14,
      "text": "rgb(255 0 0 / 0.5)",
      "range": [
        934,
        952
      ],
      "color": "rgba(255, 0, 0, 0.5)",
      "render": {
        "backgroundColor": "rgb(255, 0, 0)",
        "color": "#000000",
        "border": null,
        "overviewRulerColor": "rgb(255, 0, 0)"
      }
    },
    {
      "index": 18,
      "line": 46,
      "column": 18,
      "text": "255 0 0",
      "range": [
        938,
        945
      ],
      "color": "rgb(255, 0, 0)",
      "render": {
        "backgroundColor": "rgb(255, 0, 0)",
        "color": "#000000",
        "border": null,
        "overviewRulerColor": "rgb(255, 0, 0)"
      }
    },
    {
      "index": 19,
      "line": 53,
      "column": 13,
      "text": "hsl(0, 100%, 50%)",
      "range": [
        1112,
        1129
      ],
      "color": "rgb(255, 0, 0)",
      "render": {
        "backgroundColor": "rgb(255, 0, 0)",
        "color": "#000000",
        "border": null,
        "overviewRulerColor": "rgb(255, 0, 0)"
      }
    },
    {
      "index": 20,
      "line": 54,
      "column": 15,
      "text": "hsl(210, 50%, 50%)",
      "range": [
        1145,
        1163
      ],
      "color": "rgb(64, 127, 191)",
      "render": {
        "backgroundColor": "rgb(64, 127, 191)",
        "color": "#000000",
        "border": null,
        "overviewRulerColor": "rgb(64, 127, 191)"
      }
    },
    {
      "index": 21,
      "line": 57,
      "column": 14,
      "text": "hsla(0, 100%, 50%, 1)",
      "range": [
        1202,
        1223
      ],
      "color": "rgb(255, 0, 0)",
      "render": {
        "backgroundColor": "rgb(255, 0, 0)",
        "color": "#000000",
        "border": null,
        "overviewRulerColor": "rgb(255, 0, 0)"
      }
    },
    {
      "index": 22,
      "line": 58,
      "column": 16,
      "text": "hsla(210, 50%, 50%, 0.5)",
      "range": [
        1240,
        1264
      ],
      "color": "rgba(64, 127, 191, 0.5)",
      "render": {
        "backgroundColor": "rgb(64, 127, 191)",
        "color": "#000000",
        "border": null,
        "overviewRulerColor": "rgb(64, 127, 191)"
      }
    },
    {
      "index": 23,
      "line": 61,
      "column": 13,
      "text": "hsl(0 100% 50%)",
      "range": [
        1301,
        1316
      ],
      "color": "rgb(255, 0, 0)",
      "render": {
        "backgroundColor": "rgb(255, 0, 0)",
        "color": "#000000",
        "border": null,
        "overviewRulerColor": "rgb(255, 0, 0)"
      }
    },
    {
      "index": 24,
      "line": 67,
      "column": 7,
      "text": "hwb(0, 0%, 0%)",
      "range": [
        1440,
        1454
      ],
      "color": "rgb(255, 0, 0)",
      "render": {
        "backgroundColor": "rgb(255, 0, 0)",
        "color": "#000000",
        "border": null,
        "overviewRulerColor": "rgb(255, 0, 0)"
      }
    },
    {
      "index": 25,
      "line": 68,
      "column": 9,
      "text": "hwb(210, 20%, 30%)",
      "range": [
        1464,
        1482
      ],
      "color": "rgb(51, 115, 179)",
      "render": {
        "backgroundColor": "rgb(51, 115, 179)",
        "color": "#FFFFFF",
        "border": null,
        "overviewRulerColor": "rgb(51, 115, 179)"
      }
    },
    {
      "index": 26,
      "line": 69,
      "column": 13,
      "text": "hwb(0, 0%, 0%, 0.5)",
      "range": [
        1496,
        1515
      ],
      "color": "rgba(255, 0, 0, 0.5)",
      "render": {
        "backgroundColor": "rgb(255, 0, 0)",
        "color": "#000000",
        "border": null,
        "overviewRulerColor": "rgb(255, 0, 0)"
      }
    },
    {
      "index": 27,
      "line": 75,
      "column": 7,
      "text": "lch(50, 30, 0)",
      "range": [
        1662,
        1676
      ],
      "color": "rgb(166, 98, 120)",
      "render": {
        "backgroundColor": "rgb(166, 98, 120)",
        "color": "#000000",
        "border": null,
        "overviewRulerColor": "rgb(166, 98, 120)"
      }
    },
    {
      "index": 28,
      "line": 76,
      "column": 9,
      "text": "oklch(0.5, 0.15, 0)",
      "range": [
        1686,
        1705
      ],
      "color": "rgb(163, 52, 96)",
      "render": {
        "backgroundColor": "rgb(163, 52, 96)",
        "color": "#FFFFFF",
        "border": null,
        "overviewRulerColor": "rgb(163, 52, 96)"
      }
    },
    {
      "index": 29,
      "line": 77,
      "column": 7,
      "text": "lab(50, 0, 0)",
      "range": [
        1713,
        1726
      ],
      "color": "rgb(119, 119, 119)",
      "render": {
        "backgroundColor": "rgb(119, 119, 119)",
        "color": "#000000",
        "border": null,
        "overviewRulerColor": "rgb(119, 119, 119)"
      }
    },
    {
      "index": 30,
      "line": 78,
      "column": 9,
      "text": "oklab(0.5, 0, 0)",
      "range": [
        1736,
        1752
      ],
      "color": "rgb(99, 99, 99)",
      "render": {
        "backgroundColor": "rgb(99, 99, 99)",
        "color": "#FFFFFF",
        "border": null,
        "overviewRulerColor": "rgb(99, 99, 99)"
      }
    },
    {
      "index": 31,
      "line": 84,
      "column": 13,
      "text": "red",
      "range": [
        1882,
        1885
      ],
      "color": "rgb(255, 0, 0)",
      "render": {
        "backgroundColor": "rgb(255, 0, 0)",
        "color": "#000000",
        "border": null,
        "overviewRulerColor": "rgb(255, 0, 0)"
      }
    },
    {
      "index": 32,
      "line": 85,
      "column": 14,
      "text": "blue",
      "range": [
        1900,
        1904
      ],
      "color": "rgb(0, 0, 255)",
      "render": {
        "backgroundColor": "rgb(0, 0, 255)",
        "color": "#FFFFFF",
        "border": null,
        "overviewRulerColor": "rgb(0, 0, 255)"
      }
    },
    {
      "index": 33,
      "line": 86,
      "column": 23,
      "text": "rebeccapurple",
      "range": [
        1928,
        1941
      ],
      "color": "rgb(102, 51, 153)",
      "render": {
        "backgroundColor": "rgb(102, 51, 153)",
        "color": "#FFFFFF",
        "border": null,
        "overviewRulerColor": "rgb(102, 51, 153)"
      }
    },
    {
      "index": 34,
      "line": 87,
      "column": 15,
      "text": "coral",
      "range": [
        1957,
        1962
      ],
      "color": "rgb(255, 127, 80)",
      "render": {
        "backgroundColor": "rgb(255, 127, 80)",
        "color": "#000000",
        "border": null,
        "overviewRulerColor": "rgb(255, 127, 80)"
      }
    },
    {
      "index": 35,
      "line": 94,
      "column": 10,
      "text": "$hex-6",
      "range": [
        2103,
        2109
      ],
      "color": "rgb(255, 0, 0)",
      "render": {
        "backgroundColor": "rgb(255, 0, 0)",
        "color": "#000000",
        "border": null,
        "overviewRulerColor": "rgb(255, 0, 0)"
      }
    },
    {
      "index": 36,
      "line": 95,
      "column": 15,
      "text": "$rgb-comma",
      "range": [
        2125,
        2135
      ],
      "color": "rgb(255, 0, 0)",
      "render": {
        "backgroundColor": "rgb(255, 0, 0)",
        "color": "#000000",
        "border": null,
        "overviewRulerColor": "rgb(255, 0, 0)"
      }
    },
    {
      "index": 37,
      "line": 96,
      "column": 17,
      "text": "$hsl-comma",
      "range": [
        2153,
        2163
      ],
      "color": "rgb(255, 0, 0)",
      "render": {
        "backgroundColor": "rgb(255, 0, 0)",
        "color": "#000000",
        "border": null,
        "overviewRulerColor": "rgb(255, 0, 0)"
      }
    },
    {
      "index": 38,
      "line": 100,
      "column": 10,
      "text": "$named-red",
      "range": [
        2184,
        2194
      ],
      "color": "rgb(255, 0, 0)",
      "render": {
        "backgroundColor": "rgb(255, 0, 0)",
        "color": "#000000",
        "border": null,
        "overviewRulerColor": "rgb(255, 0, 0)"
      }
    },
    {
      "index": 39,
      "line": 101,
      "column": 15,
      "text": "$hex-8",
      "range": [
        2210,
        2216
      ],
      "color": "rgba(255, 0, 0, 0.502)",
      "render": {
        "backgroundColor": "rgb(255, 0, 0)",
        "color": "#000000",
        "border": null,
        "overviewRulerColor": "rgb(255, 0, 0)"
      }
    },
    {
      "index": 40,
      "line": 102,
      "column": 18,
      "text": "$hwb",
      "range": [
        2235,
        2239
      ],
      "color": "rgb(255, 0, 0)",
      "render": {
        "backgroundColor": "rgb(255, 0, 0)",
        "color": "#000000",
        "border": null,
        "overviewRulerColor": "rgb(255, 0, 0)"
      }
    },
    {
      "index": 41,
      "line": 108,
      "column": 12,
      "text": "$oklch",
      "range": [
        2305,
        2311
      ],
      "color": "rgb(163, 52, 96)",
      "render": {
        "backgroundColor": "rgb(163, 52, 96)",
        "color": "#FFFFFF",
        "border": null,
        "overviewRulerColor": "rgb(163, 52, 96)"
      }
    },
    {
      "index": 42,
      "line": 109,
      "column": 23,
      "text": "$hex-4",
      "range": [
        2335,
        2341
      ],
      "color": "rgb(255, 0, 0)",
      "render": {
        "backgroundColor": "rgb(255, 0, 0)",
        "color": "#000000",
        "border": null,
        "overviewRulerColor": "rgb(255, 0, 0)"
      }
    },
    {
      "index": 43,
      "line": 118,
      "column": 12,
      "text": "red",
      "range": [
        2578,
        2581
      ],
      "color": "rgb(255, 0, 0)",
      "render": {
        "backgroundColor": "rgb(255, 0, 0)",
        "color": "#000000",
        "border": null,
        "overviewRulerColor": "rgb(255, 0, 0)"
      }
    },
    {
      "index": 44,
      "line": 119,
      "column": 14,
      "text": "$root-red",
      "range": [
        2596,
        2605
      ],
      "color": "rgb(255, 0, 0)",
      "render": {
        "backgroundColor": "rgb(255, 0, 0)",
        "color": "#000000",
        "border": null,
        "overviewRulerColor": "rgb(255, 0, 0)"
      }
    },
    {
      "index": 45,
      "line": 120,
      "column": 14,
      "text": "rgb(30, 64, 175)",
      "range": [
        2620,
        2636
      ],
      "color": "rgb(30, 64, 175)",
      "render": {
        "backgroundColor": "rgb(30, 64, 175)",
        "color": "#FFFFFF",
        "border": null,
        "overviewRulerColor": "rgb(30, 64, 175)"
      }
    },
    {
      "index": 46,
      "line": 123,
      "column": 10,
      "text": "$root-red",
      "range": [
        2668,
        2677
      ],
      "color": "rgb(255, 0, 0)",
      "render": {
        "backgroundColor": "rgb(255, 0, 0)",
        "color": "#000000",
        "border": null,
        "overviewRulerColor": "rgb(255, 0, 0)"
      }
    },
    {
      "index": 47,
      "line": 124,
      "column": 15,
      "text": "$root-red-2",
      "range": [
        2693,
        2704
      ],
      "color": "rgb(255, 0, 0)",
      "render": {
        "backgroundColor": "rgb(255, 0, 0)",
        "color": "#000000",
        "border": null,
        "overviewRulerColor": "rgb(255, 0, 0)"
      }
    },
    {
      "index": 48,
      "line": 125,
      "column": 17,
      "text": "$root-panel",
      "range": [
        2722,
        2733
      ],
      "color": "rgb(30, 64, 175)",
      "render": {
        "backgroundColor": "rgb(30, 64, 175)",
        "color": "#FFFFFF",
        "border": null,
        "overviewRulerColor": "rgb(30, 64, 175)"
      }
    },
    {
      "index": 49,
      "line": 130,
      "column": 18,
      "text": "#7c3aed",
      "range": [
        2831,
        2838
      ],
      "color": "rgb(124, 58, 237)",
      "render": {
        "backgroundColor": "rgb(124, 58, 237)",
        "color": "#FFFFFF",
        "border": null,
        "overviewRulerColor": "rgb(124, 58, 237)"
      }
    },
    {
      "index": 50,
      "line": 131,
      "column": 14,
      "text": "hsl(160, 70%, 45%)",
      "range": [
        2853,
        2871
      ],
      "color": "rgb(34, 195, 142)",
      "render": {
        "backgroundColor": "rgb(34, 195, 142)",
        "color": "#000000",
        "border": null,
        "overviewRulerColor": "rgb(34, 195, 142)"
      }
    },
    {
      "index": 51,
      "line": 133,
      "column": 17,
      "text": "$local-border",
      "range": [
        2890,
        2903
      ],
      "color": "rgb(124, 58, 237)",
      "render": {
        "backgroundColor": "rgb(124, 58, 237)",
        "color": "#FFFFFF",
        "border": null,
        "overviewRulerColor": "rgb(124, 58, 237)"
      }
    },
    {
      "index": 52,
      "line": 134,
      "column": 15,
      "text": "$local-bg",
      "range": [
        2919,
        2928
      ],
      "color": "rgb(34, 195, 142)",
      "render": {
        "backgroundColor": "rgb(34, 195, 142)",
        "color": "#000000",
        "border": null,
        "overviewRulerColor": "rgb(34, 195, 142)"
      }
    },
    {
      "index": 53,
      "line": 138,
      "column": 7,
      "text": "#ff0000",
      "range": [
        3015,
        3022
      ],
      "color": "rgb(255, 0, 0)",
      "render": {
        "backgroundColor": "rgb(255, 0, 0)",
        "color": "#000000",
        "border": null,
        "overviewRulerColor": "rgb(255, 0, 0)"
      }
    },
    {
      "index": 54,
      "line": 139,
      "column": 8,
      "text": "$red",
      "range": [
        3031,
        3035
      ],
      "color": "rgb(255, 0, 0)",
      "render": {
        "backgroundColor": "rgb(255, 0, 0)",
        "color": "#000000",
        "border": null,
        "overviewRulerColor": "rgb(255, 0, 0)"
      }
    },
    {
      "index": 55,
      "line": 140,
      "column": 12,
      "text": "$red2",
      "range": [
        3048,
        3053
      ],
      "color": "rgb(255, 0, 0)",
      "render": {
        "backgroundColor": "rgb(255, 0, 0)",
        "color": "#000000",
        "border": null,
        "overviewRulerColor": "rgb(255, 0, 0)"
      }
    },
    {
      "index": 56,
      "line": 143,
      "column": 10,
      "text": "$red2",
      "range": [
        3086,
        3091
      ],
      "color": "rgb(255, 0, 0)",
      "render": {
        "backgroundColor": "rgb(255, 0, 0)",
        "color": "#000000",
        "border": null,
        "overviewRulerColor": "rgb(255, 0, 0)"
      }
    },
    {
      "index": 57,
      "line": 144,
      "column": 18,
      "text": "$red-long",
      "range": [
        3110,
        3119
      ],
      "color": "rgb(255, 0, 0)",
      "render": {
        "backgroundColor": "rgb(255, 0, 0)",
        "color": "#000000",
        "border": null,
        "overviewRulerColor": "rgb(255, 0, 0)"
      }
    },
    {
      "index": 58,
      "line": 145,
      "column": 25,
      "text": "$red",
      "range": [
        3145,
        3149
      ],
      "color": "rgb(255, 0, 0)",
      "render": {
        "backgroundColor": "rgb(255, 0, 0)",
        "color": "#000000",
        "border": null,
        "overviewRulerColor": "rgb(255, 0, 0)"
      }
    },
    {
      "index": 59,
      "line": 150,
      "column": 23,
      "text": "$red",
      "range": [
        3284,
        3288
      ],
      "color": "rgb(255, 0, 0)",
      "render": {
        "backgroundColor": "rgb(255, 0, 0)",
        "color": "#000000",
        "border": null,
        "overviewRulerColor": "rgb(255, 0, 0)"
      }
    },
    {
      "index": 60,
      "line": 151,
      "column": 25,
      "text": "$red2",
      "range": [
        3315,
        3320
      ],
      "color": "rgb(255, 0, 0)",
      "render": {
        "backgroundColor": "rgb(255, 0, 0)",
        "color": "#000000",
        "border": null,
        "overviewRulerColor": "rgb(255, 0, 0)"
      }
    },
    {
      "index": 61,
      "line": 159,
      "column": 21,
      "text": "color(display-p3 1 0.2 0.1)",
      "range": [
        3551,
        3578
      ],
      "color": "rgb(255, 0, 0)",
      "render": {
        "backgroundColor": "rgb(255, 0, 0)",
        "color": "#000000",
        "border": null,
        "overviewRulerColor": "rgb(255, 0, 0)"
      }
    },
    {
      "index": 62,
      "line": 159,
      "column": 36,
      "text": "3 1 0.2",
      "range": [
        3566,
        3573
      ],
      "color": "rgb(3, 1, 0)",
      "render": {
        "backgroundColor": "rgb(3, 1, 0)",
        "color": "#FFFFFF",
        "border": null,
        "overviewRulerColor": "rgb(3, 1, 0)"
      }
    },
    {
      "index": 63,
      "line": 160,
      "column": 18,
      "text": "color(rec2020 0.8 0.2 0.1 / 0.75)",
      "range": [
        3597,
        3630
      ],
      "color": "rgba(255, 0, 22, 0.75)",
      "render": {
        "backgroundColor": "rgb(255, 0, 22)",
        "color": "#000000",
        "border": null,
        "overviewRulerColor": "rgb(255, 0, 22)"
      }
    },
    {
      "index": 64,
      "line": 161,
      "column": 19,
      "text": "color(prophoto-rgb 0.7 0.3 0.2)",
      "range": [
        3650,
        3681
      ],
      "color": "rgb(252, 39, 58)",
      "render": {
        "backgroundColor": "rgb(252, 39, 58)",
        "color": "#000000",
        "border": null,
        "overviewRulerColor": "rgb(252, 39, 58)"
      }
    },
    {
      "index": 65,
      "line": 162,
      "column": 15,
      "text": "color(srgb 1 0.2 0.1)",
      "range": [
        3697,
        3718
      ],
      "color": "rgb(255, 51, 26)",
      "render": {
        "backgroundColor": "rgb(255, 51, 26)",
        "color": "#000000",
        "border": null,
        "overviewRulerColor": "rgb(255, 51, 26)"
      }
    },
    {
      "index": 66,
      "line": 163,
      "column": 22,
      "text": "color(srgb-linear 0.8 0.2 0.1)",
      "range": [
        3741,
        3771
      ],
      "color": "rgb(231, 124, 89)",
      "render": {
        "backgroundColor": "rgb(231, 124, 89)",
        "color": "#000000",
        "border": null,
        "overviewRulerColor": "rgb(231, 124, 89)"
      }
    },
    {
      "index": 67,
      "line": 164,
      "column": 18,
      "text": "color(xyz-d50 0.4 0.3 0.2 / 0.7)",
      "range": [
        3790,
        3822
      ],
      "color": "rgba(214, 121, 135, 0.7)",
      "render": {
        "backgroundColor": "rgb(214, 121, 135)",
        "color": "#000000",
        "border": null,
        "overviewRulerColor": "rgb(214, 121, 135)"
      }
    },
    {
      "index": 68,
      "line": 164,
      "column": 29,
      "text": "50 0.4 0.3",
      "range": [
        3801,
        3811
      ],
      "color": "rgb(50, 0, 0)",
      "render": {
        "backgroundColor": "rgb(50, 0, 0)",
        "color": "#FFFFFF",
        "border": null,
        "overviewRulerColor": "rgb(50, 0, 0)"
      }
    },
    {
      "index": 69,
      "line": 165,
      "column": 18,
      "text": "color(xyz-d65 0.4 0.3 0.2)",
      "range": [
        3841,
        3867
      ],
      "color": "rgb(223, 119, 115)",
      "render": {
        "backgroundColor": "rgb(223, 119, 115)",
        "color": "#000000",
        "border": null,
        "overviewRulerColor": "rgb(223, 119, 115)"
      }
    },
    {
      "index": 70,
      "line": 165,
      "column": 29,
      "text": "65 0.4 0.3",
      "range": [
        3852,
        3862
      ],
      "color": "rgb(65, 0, 0)",
      "render": {
        "backgroundColor": "rgb(65, 0, 0)",
        "color": "#FFFFFF",
        "border": null,
        "overviewRulerColor": "rgb(65, 0, 0)"
      }
    },
    {
      "index": 71,
      "line": 168,
      "column": 10,
      "text": "$display-p3-accent",
      "range": [
        3899,
        3917
      ],
      "color": "rgb(255, 0, 0)",
      "render": {
        "backgroundColor": "rgb(255, 0, 0)",
        "color": "#000000",
        "border": null,
        "overviewRulerColor": "rgb(255, 0, 0)"
      }
    },
    {
      "index": 72,
      "line": 169,
      "column": 15,
      "text": "$rec2020-accent",
      "range": [
        3933,
        3948
      ],
      "color": "rgba(255, 0, 22, 0.75)",
      "render": {
        "backgroundColor": "rgb(255, 0, 22)",
        "color": "#000000",
        "border": null,
        "overviewRulerColor": "rgb(255, 0, 22)"
      }
    },
    {
      "index": 73,
      "line": 170,
      "column": 17,
      "text": "$prophoto-accent",
      "range": [
        3966,
        3982
      ],
      "color": "rgb(252, 39, 58)",
      "render": {
        "backgroundColor": "rgb(252, 39, 58)",
        "color": "#000000",
        "border": null,
        "overviewRulerColor": "rgb(252, 39, 58)"
      }
    },
    {
      "index": 74,
      "line": 171,
      "column": 18,
      "text": "$srgb-accent",
      "range": [
        4001,
        4013
      ],
      "color": "rgb(255, 51, 26)",
      "render": {
        "backgroundColor": "rgb(255, 51, 26)",
        "color": "#000000",
        "border": null,
        "overviewRulerColor": "rgb(255, 51, 26)"
      }
    },
    {
      "index": 75,
      "line": 172,
      "column": 26,
      "text": "$srgb-linear-accent",
      "range": [
        4040,
        4059
      ],
      "color": "rgb(231, 124, 89)",
      "render": {
        "backgroundColor": "rgb(231, 124, 89)",
        "color": "#000000",
        "border": null,
        "overviewRulerColor": "rgb(231, 124, 89)"
      }
    },
    {
      "index": 76,
      "line": 173,
      "column": 16,
      "text": "$xyz-d50-accent",
      "range": [
        4076,
        4091
      ],
      "color": "rgba(214, 121, 135, 0.7)",
      "render": {
        "backgroundColor": "rgb(214, 121, 135)",
        "color": "#000000",
        "border": null,
        "overviewRulerColor": "rgb(214, 121, 135)"
      }
    },
    {
      "index": 77,
      "line": 174,
      "column": 22,
      "text": "$xyz-d65-accent",
      "range": [
        4114,
        4129
      ],
      "color": "rgb(223, 119, 115)",
      "render": {
        "backgroundColor": "rgb(223, 119, 115)",
        "color": "#000000",
        "border": null,
        "overviewRulerColor": "rgb(223, 119, 115)"
      }
    },
    {
      "index": 78,
      "line": 182,
      "column": 10,
      "text": "scss-tokens.$brand-from-partial",
      "range": [
        4290,
        4321
      ],
      "color": "rgb(37, 99, 235)",
      "render": {
        "backgroundColor": "rgb(37, 99, 235)",
        "color": "#FFFFFF",
        "border": null,
        "overviewRulerColor": "rgb(37, 99, 235)"
      }
    },
    {
      "index": 79,
      "line": 183,
      "column": 15,
      "text": "scss-tokens.$accent-from-partial",
      "range": [
        4337,
        4369
      ],
      "color": "rgb(102, 51, 153)",
      "render": {
        "backgroundColor": "rgb(102, 51, 153)",
        "color": "#FFFFFF",
        "border": null,
        "overviewRulerColor": "rgb(102, 51, 153)"
      }
    },
    {
      "index": 80,
      "line": 184,
      "column": 17,
      "text": "scss-forwarded.$forwarded-from-source",
      "range": [
        4387,
        4424
      ],
      "color": "rgb(8, 145, 178)",
      "render": {
        "backgroundColor": "rgb(8, 145, 178)",
        "color": "#000000",
        "border": null,
        "overviewRulerColor": "rgb(8, 145, 178)"
      }
    },
    {
      "index": 81,
      "line": 185,
      "column": 18,
      "text": "scss-forwarded.$forwarded-named-from-source",
      "range": [
        4443,
        4486
      ],
      "color": "rgb(255, 127, 80)",
      "render": {
        "backgroundColor": "rgb(255, 127, 80)",
        "color": "#000000",
        "border": null,
        "overviewRulerColor": "rgb(255, 127, 80)"
      }
    },
    {
      "index": 82,
      "line": 189,
      "column": 10,
      "text": "$star-from-partial",
      "range": [
        4530,
        4548
      ],
      "color": "rgb(157, 38, 217)",
      "render": {
        "backgroundColor": "rgb(157, 38, 217)",
        "color": "#FFFFFF",
        "border": null,
        "overviewRulerColor": "rgb(157, 38, 217)"
      }
    },
    {
      "index": 83,
      "line": 190,
      "column": 15,
      "text": "$star-nested-from-partial",
      "range": [
        4564,
        4589
      ],
      "color": "rgb(157, 38, 217)",
      "render": {
        "backgroundColor": "rgb(157, 38, 217)",
        "color": "#FFFFFF",
        "border": null,
        "overviewRulerColor": "rgb(157, 38, 217)"
      }
    },
    {
      "index": 84,
      "line": 191,
      "column": 17,
      "text": "$imported-from-partial",
      "range": [
        4607,
        4629
      ],
      "color": "rgb(25, 128, 230)",
      "render": {
        "backgroundColor": "rgb(25, 128, 230)",
        "color": "#000000",
        "border": null,
        "overviewRulerColor": "rgb(25, 128, 230)"
      }
    },
    {
      "index": 85,
      "line": 192,
      "column": 18,
      "text": "$imported-nested-from-partial",
      "range": [
        4648,
        4677
      ],
      "color": "rgb(25, 128, 230)",
      "render": {
        "backgroundColor": "rgb(25, 128, 230)",
        "color": "#000000",
        "border": null,
        "overviewRulerColor": "rgb(25, 128, 230)"
      }
    },
    {
      "index": 86,
      "line": 196,
      "column": 4,
      "text": "0xff6600",
      "range": [
        4743,
        4751
      ],
      "color": "rgb(255, 102, 0)",
      "render": {
        "backgroundColor": "rgb(255, 102, 0)",
        "color": "#000000",
        "border": null,
        "overviewRulerColor": "rgb(255, 102, 0)"
      }
    }
  ]
}