{
  "file": "index.html",
  "languageId": "html",
  "strategyNames": [
    "findHexRGBA",
    "findColorFunctions",
    "findHwb",
    "findTailwindThemeColors",
    "findNamedColors",
    "findRgbNoFunction",
    "findHslNoFunction",
    "findAnsiSgrColors"
  ],
  "matches": [
    {
      "index": 0,
      "line": 13,
      "column": 30,
      "text": "#50d71e",
      "range": [
        314,
        321
      ],
      "color": "rgb(80, 215, 30)",
      "render": {
        "backgroundColor": "rgb(80, 215, 30)",
        "color": "#000000",
        "border": null,
        "overviewRulerColor": "rgb(80, 215, 30)"
      }
    },
    {
      "index": 1,
      "line": 18,
      "column": 16,
      "text": "#f00",
      "range": [
        393,
        397
      ],
      "color": "rgb(255, 0, 0)",
      "render": {
        "backgroundColor": "rgb(255, 0, 0)",
        "color": "#000000",
        "border": null,
        "overviewRulerColor": "rgb(255, 0, 0)"
      }
    },
    {
      "index": 2,
      "line": 19,
      "column": 21,
      "text": "#0f0",
      "range": [
        419,
        423
      ],
      "color": "rgb(0, 255, 0)",
      "render": {
        "backgroundColor": "rgb(0, 255, 0)",
        "color": "#000000",
        "border": null,
        "overviewRulerColor": "rgb(0, 255, 0)"
      }
    },
    {
      "index": 3,
      "line": 24,
      "column": 16,
      "text": "#ff0000",
      "range": [
        498,
        505
      ],
      "color": "rgb(255, 0, 0)",
      "render": {
        "backgroundColor": "rgb(255, 0, 0)",
        "color": "#000000",
        "border": null,
        "overviewRulerColor": "rgb(255, 0, 0)"
      }
    },
    {
      "index": 4,
      "line": 25,
      "column": 21,
      "text": "#00ff00",
      "range": [
        527,
        534
      ],
      "color": "rgb(0, 255, 0)",
      "render": {
        "backgroundColor": "rgb(0, 255, 0)",
        "color": "#000000",
        "border": null,
        "overviewRulerColor": "rgb(0, 255, 0)"
      }
    },
    {
      "index": 5,
      "line": 30,
      "column": 16,
      "text": "#f00f",
      "range": [
        607,
        612
      ],
      "color": "rgb(255, 0, 0)",
      "render": {
        "backgroundColor": "rgb(255, 0, 0)",
        "color": "#000000",
        "border": null,
        "overviewRulerColor": "rgb(255, 0, 0)"
      }
    },
    {
      "index": 6,
      "line": 31,
      "column": 21,
      "text": "#0f0c",
      "range": [
        634,
        639
      ],
      "color": "rgba(0, 255, 0, 0.8)",
      "render": {
        "backgroundColor": "rgb(0, 255, 0)",
        "color": "#000000",
        "border": null,
        "overviewRulerColor": "rgb(0, 255, 0)"
      }
    },
    {
      "index": 7,
      "line": 36,
      "column": 16,
      "text": "#ff000080",
      "range": [
        716,
        725
      ],
      "color": "rgba(255, 0, 0, 0.502)",
      "render": {
        "backgroundColor": "rgb(255, 0, 0)",
        "color": "#000000",
        "border": null,
        "overviewRulerColor": "rgb(255, 0, 0)"
      }
    },
    {
      "index": 8,
      "line": 37,
      "column": 21,
      "text": "#00ff00cc",
      "range": [
        747,
        756
      ],
      "color": "rgba(0, 255, 0, 0.8)",
      "render": {
        "backgroundColor": "rgb(0, 255, 0)",
        "color": "#000000",
        "border": null,
        "overviewRulerColor": "rgb(0, 255, 0)"
      }
    },
    {
      "index": 9,
      "line": 42,
      "column": 16,
      "text": "rgb(255, 0, 0)",
      "range": [
        837,
        851
      ],
      "color": "rgb(255, 0, 0)",
      "render": {
        "backgroundColor": "rgb(255, 0, 0)",
        "color": "#000000",
        "border": null,
        "overviewRulerColor": "rgb(255, 0, 0)"
      }
    },
    {
      "index": 10,
      "line": 43,
      "column": 21,
      "text": "rgba(0, 128, 255, 0.5)",
      "range": [
        873,
        895
      ],
      "color": "rgba(0, 128, 255, 0.5)",
      "render": {
        "backgroundColor": "rgb(0, 128, 255)",
        "color": "#000000",
        "border": null,
        "overviewRulerColor": "rgb(0, 128, 255)"
      }
    },
    {
      "index": 11,
      "line": 46,
      "column": 16,
      "text": "rgb(255 0 0)",
      "range": [
        939,
        951
      ],
      "color": "rgb(255, 0, 0)",
      "render": {
        "backgroundColor": "rgb(255, 0, 0)",
        "color": "#000000",
        "border": null,
        "overviewRulerColor": "rgb(255, 0, 0)"
      }
    },
    {
      "index": 12,
      "line": 47,
      "column": 21,
      "text": "rgb(0 128 255 / 0.5)",
      "range": [
        973,
        993
      ],
      "color": "rgba(0, 128, 255, 0.5)",
      "render": {
        "backgroundColor": "rgb(0, 128, 255)",
        "color": "#000000",
        "border": null,
        "overviewRulerColor": "rgb(0, 128, 255)"
      }
    },
    {
      "index": 13,
      "line": 52,
      "column": 16,
      "text": "hsl(0, 100%, 50%)",
      "range": [
        1074,
        1091
      ],
      "color": "rgb(255, 0, 0)",
      "render": {
        "backgroundColor": "rgb(255, 0, 0)",
        "color": "#000000",
        "border": null,
        "overviewRulerColor": "rgb(255, 0, 0)"
      }
    },
    {
      "index": 14,
      "line": 53,
      "column": 21,
      "text": "hsla(210, 50%, 50%, 0.5)",
      "range": [
        1113,
        1137
      ],
      "color": "rgba(64, 128, 191, 0.5)",
      "render": {
        "backgroundColor": "rgb(64, 128, 191)",
        "color": "#000000",
        "border": null,
        "overviewRulerColor": "rgb(64, 128, 191)"
      }
    },
    {
      "index": 15,
      "line": 56,
      "column": 16,
      "text": "hsl(0 100% 50%)",
      "range": [
        1181,
        1196
      ],
      "color": "rgb(255, 0, 0)",
      "render": {
        "backgroundColor": "rgb(255, 0, 0)",
        "color": "#000000",
        "border": null,
        "overviewRulerColor": "rgb(255, 0, 0)"
      }
    },
    {
      "index": 16,
      "line": 57,
      "column": 21,
      "text": "hsl(210 50% 50% / 0.5)",
      "range": [
        1218,
        1240
      ],
      "color": "rgba(64, 128, 191, 0.5)",
      "render": {
        "backgroundColor": "rgb(64, 128, 191)",
        "color": "#000000",
        "border": null,
        "overviewRulerColor": "rgb(64, 128, 191)"
      }
    },
    {
      "index": 17,
      "line": 62,
      "column": 16,
      "text": "hwb(0 0% 0%)",
      "range": [
        1306,
        1318
      ],
      "color": "rgb(255, 0, 0)",
      "render": {
        "backgroundColor": "rgb(255, 0, 0)",
        "color": "#000000",
        "border": null,
        "overviewRulerColor": "rgb(255, 0, 0)"
      }
    },
    {
      "index": 18,
      "line": 63,
      "column": 21,
      "text": "hwb(210 20% 30% / 0.8)",
      "range": [
        1340,
        1362
      ],
      "color": "rgba(51, 115, 179, 0.8)",
      "render": {
        "backgroundColor": "rgb(51, 115, 179)",
        "color": "#FFFFFF",
        "border": null,
        "overviewRulerColor": "rgb(51, 115, 179)"
      }
    },
    {
      "index": 19,
      "line": 68,
      "column": 16,
      "text": "lch(50 30 0)",
      "range": [
        1439,
        1451
      ],
      "color": "rgb(166, 98, 120)",
      "render": {
        "backgroundColor": "rgb(166, 98, 120)",
        "color": "#000000",
        "border": null,
        "overviewRulerColor": "rgb(166, 98, 120)"
      }
    },
    {
      "index": 20,
      "line": 69,
      "column": 21,
      "text": "lch(70 40 120)",
      "range": [
        1473,
        1487
      ],
      "color": "rgb(151, 181, 106)",
      "render": {
        "backgroundColor": "rgb(151, 181, 106)",
        "color": "#000000",
        "border": null,
        "overviewRulerColor": "rgb(151, 181, 106)"
      }
    },
    {
      "index": 21,
      "line": 72,
      "column": 16,
      "text": "oklch(0.5 0.15 0)",
      "range": [
        1527,
        1544
      ],
      "color": "rgb(163, 52, 96)",
      "render": {
        "backgroundColor": "rgb(163, 52, 96)",
        "color": "#FFFFFF",
        "border": null,
        "overviewRulerColor": "rgb(163, 52, 96)"
      }
    },
    {
      "index": 22,
      "line": 73,
      "column": 21,
      "text": "oklch(0.7 0.2 200)",
      "range": [
        1566,
        1584
      ],
      "color": "rgb(0, 192, 207)",
      "render": {
        "backgroundColor": "rgb(0, 192, 207)",
        "color": "#000000",
        "border": null,
        "overviewRulerColor": "rgb(0, 192, 207)"
      }
    },
    {
      "index": 23,
      "line": 78,
      "column": 16,
      "text": "lab(50 0 0)",
      "range": [
        1661,
        1672
      ],
      "color": "rgb(119, 119, 119)",
      "render": {
        "backgroundColor": "rgb(119, 119, 119)",
        "color": "#000000",
        "border": null,
        "overviewRulerColor": "rgb(119, 119, 119)"
      }
    },
    {
      "index": 24,
      "line": 79,
      "column": 21,
      "text": "lab(70 20 -30)",
      "range": [
        1694,
        1708
      ],
      "color": "rgb(187, 160, 226)",
      "render": {
        "backgroundColor": "rgb(187, 160, 226)",
        "color": "#000000",
        "border": null,
        "overviewRulerColor": "rgb(187, 160, 226)"
      }
    },
    {
      "index": 25,
      "line": 82,
      "column": 16,
      "text": "oklab(0.5 0 0)",
      "range": [
        1748,
        1762
      ],
      "color": "rgb(99, 99, 99)",
      "render": {
        "backgroundColor": "rgb(99, 99, 99)",
        "color": "#FFFFFF",
        "border": null,
        "overviewRulerColor": "rgb(99, 99, 99)"
      }
    },
    {
      "index": 26,
      "line": 83,
      "column": 21,
      "text": "oklab(0.7 0.1 -0.05)",
      "range": [
        1784,
        1804
      ],
      "color": "rgb(200, 131, 188)",
      "render": {
        "backgroundColor": "rgb(200, 131, 188)",
        "color": "#000000",
        "border": null,
        "overviewRulerColor": "rgb(200, 131, 188)"
      }
    },
    {
      "index": 27,
      "line": 88,
      "column": 16,
      "text": "red",
      "range": [
        1870,
        1873
      ],
      "color": "rgb(255, 0, 0)",
      "render": {
        "backgroundColor": "rgb(255, 0, 0)",
        "color": "#000000",
        "border": null,
        "overviewRulerColor": "rgb(255, 0, 0)"
      }
    },
    {
      "index": 28,
      "line": 89,
      "column": 21,
      "text": "blue",
      "range": [
        1895,
        1899
      ],
      "color": "rgb(0, 0, 255)",
      "render": {
        "backgroundColor": "rgb(0, 0, 255)",
        "color": "#FFFFFF",
        "border": null,
        "overviewRulerColor": "rgb(0, 0, 255)"
      }
    },
    {
      "index": 29,
      "line": 90,
      "column": 23,
      "text": "rebeccapurple",
      "range": [
        1923,
        1936
      ],
      "color": "rgb(102, 51, 153)",
      "render": {
        "backgroundColor": "rgb(102, 51, 153)",
        "color": "#FFFFFF",
        "border": null,
        "overviewRulerColor": "rgb(102, 51, 153)"
      }
    },
    {
      "index": 30,
      "line": 96,
      "column": 24,
      "text": "#ff0000",
      "range": [
        2044,
        2051
      ],
      "color": "rgb(255, 0, 0)",
      "render": {
        "backgroundColor": "rgb(255, 0, 0)",
        "color": "#000000",
        "border": null,
        "overviewRulerColor": "rgb(255, 0, 0)"
      }
    },
    {
      "index": 31,
      "line": 97,
      "column": 29,
      "text": "#f00",
      "range": [
        2102,
        2106
      ],
      "color": "rgb(255, 0, 0)",
      "render": {
        "backgroundColor": "rgb(255, 0, 0)",
        "color": "#000000",
        "border": null,
        "overviewRulerColor": "rgb(255, 0, 0)"
      }
    },
    {
      "index": 32,
      "line": 98,
      "column": 24,
      "text": "#ff000080",
      "range": [
        2149,
        2158
      ],
      "color": "rgba(255, 0, 0, 0.502)",
      "render": {
        "backgroundColor": "rgb(255, 0, 0)",
        "color": "#000000",
        "border": null,
        "overviewRulerColor": "rgb(255, 0, 0)"
      }
    },
    {
      "index": 33,
      "line": 101,
      "column": 24,
      "text": "rgb(255, 0, 0)",
      "range": [
        2248,
        2262
      ],
      "color": "rgb(255, 0, 0)",
      "render": {
        "backgroundColor": "rgb(255, 0, 0)",
        "color": "#000000",
        "border": null,
        "overviewRulerColor": "rgb(255, 0, 0)"
      }
    },
    {
      "index": 34,
      "line": 102,
      "column": 29,
      "text": "rgba(0, 128, 255, 0.5)",
      "range": [
        2311,
        2333
      ],
      "color": "rgba(0, 128, 255, 0.5)",
      "render": {
        "backgroundColor": "rgb(0, 128, 255)",
        "color": "#000000",
        "border": null,
        "overviewRulerColor": "rgb(0, 128, 255)"
      }
    },
    {
      "index": 35,
      "line": 105,
      "column": 24,
      "text": "hsl(0, 100%, 50%)",
      "range": [
        2420,
        2437
      ],
      "color": "rgb(255, 0, 0)",
      "render": {
        "backgroundColor": "rgb(255, 0, 0)",
        "color": "#000000",
        "border": null,
        "overviewRulerColor": "rgb(255, 0, 0)"
      }
    },
    {
      "index": 36,
      "line": 106,
      "column": 29,
      "text": "hsla(210, 50%, 50%, 0.5)",
      "range": [
        2486,
        2510
      ],
      "color": "rgba(64, 128, 191, 0.5)",
      "render": {
        "backgroundColor": "rgb(64, 128, 191)",
        "color": "#000000",
        "border": null,
        "overviewRulerColor": "rgb(64, 128, 191)"
      }
    },
    {
      "index": 37,
      "line": 109,
      "column": 24,
      "text": "red",
      "range": [
        2601,
        2604
      ],
      "color": "rgb(255, 0, 0)",
      "render": {
        "backgroundColor": "rgb(255, 0, 0)",
        "color": "#000000",
        "border": null,
        "overviewRulerColor": "rgb(255, 0, 0)"
      }
    },
    {
      "index": 38,
      "line": 110,
      "column": 29,
      "text": "cornflowerblue",
      "range": [
        2653,
        2667
      ],
      "color": "rgb(100, 149, 237)",
      "render": {
        "backgroundColor": "rgb(100, 149, 237)",
        "color": "#000000",
        "border": null,
        "overviewRulerColor": "rgb(100, 149, 237)"
      }
    },
    {
      "index": 39,
      "line": 113,
      "column": 24,
      "text": "color(display-p3 1 0.2 0.1)",
      "range": [
        2769,
        2796
      ],
      "color": "rgb(255, 0, 0)",
      "render": {
        "backgroundColor": "rgb(255, 0, 0)",
        "color": "#000000",
        "border": null,
        "overviewRulerColor": "rgb(255, 0, 0)"
      }
    },
    {
      "index": 40,
      "line": 114,
      "column": 29,
      "text": "color(rec2020 0.8 0.2 0.1 / 0.75)",
      "range": [
        2850,
        2883
      ],
      "color": "rgba(255, 0, 22, 0.75)",
      "render": {
        "backgroundColor": "rgb(255, 0, 22)",
        "color": "#000000",
        "border": null,
        "overviewRulerColor": "rgb(255, 0, 22)"
      }
    },
    {
      "index": 41,
      "line": 117,
      "column": 31,
      "text": "color(prophoto-rgb 0.7 0.3 0.2)",
      "range": [
        2948,
        2979
      ],
      "color": "rgb(252, 39, 58)",
      "render": {
        "backgroundColor": "rgb(252, 39, 58)",
        "color": "#000000",
        "border": null,
        "overviewRulerColor": "rgb(252, 39, 58)"
      }
    },
    {
      "index": 42,
      "line": 122,
      "column": 10,
      "text": "0xff6600",
      "range": [
        3087,
        3095
      ],
      "color": "rgb(255, 102, 0)",
      "render": {
        "backgroundColor": "rgb(255, 102, 0)",
        "color": "#000000",
        "border": null,
        "overviewRulerColor": "rgb(255, 102, 0)"
      }
    },
    {
      "index": 43,
      "line": 123,
      "column": 10,
      "text": "255 0 0",
      "range": [
        3109,
        3116
      ],
      "color": "rgb(255, 0, 0)",
      "render": {
        "backgroundColor": "rgb(255, 0, 0)",
        "color": "#000000",
        "border": null,
        "overviewRulerColor": "rgb(255, 0, 0)"
      }
    },
    {
      "index": 44,
      "line": 124,
      "column": 10,
      "text": "210 60% 50%",
      "range": [
        3130,
        3141
      ],
      "color": "rgb(51, 127, 204)",
      "render": {
        "backgroundColor": "rgb(51, 127, 204)",
        "color": "#000000",
        "border": null,
        "overviewRulerColor": "rgb(51, 127, 204)"
      }
    },
    {
      "index": 45,
      "line": 127,
      "column": 18,
      "text": "#ff0000",
      "range": [
        3198,
        3205
      ],
      "color": "rgb(255, 0, 0)",
      "render": {
        "backgroundColor": "rgb(255, 0, 0)",
        "color": "#000000",
        "border": null,
        "overviewRulerColor": "rgb(255, 0, 0)"
      }
    },
    {
      "index": 46,
      "line": 128,
      "column": 18,
      "text": "blue",
      "range": [
        3246,
        3250
      ],
      "color": "rgb(0, 0, 255)",
      "render": {
        "backgroundColor": "rgb(0, 0, 255)",
        "color": "#FFFFFF",
        "border": null,
        "overviewRulerColor": "rgb(0, 0, 255)"
      }
    },
    {
      "index": 47,
      "line": 132,
      "column": 14,
      "text": "bg-red-500",
      "range": [
        3343,
        3353
      ],
      "color": "rgb(251, 44, 54)",
      "render": {
        "backgroundColor": "rgb(251, 44, 54)",
        "color": "#000000",
        "border": null,
        "overviewRulerColor": "rgb(251, 44, 54)"
      }
    },
    {
      "index": 48,
      "line": 132,
      "column": 25,
      "text": "text-sky-300",
      "range": [
        3354,
        3366
      ],
      "color": "rgb(116, 212, 255)",
      "render": {
        "backgroundColor": "rgb(116, 212, 255)",
        "color": "#000000",
        "border": null,
        "overviewRulerColor": "rgb(116, 212, 255)"
      }
    },
    {
      "index": 49,
      "line": 132,
      "column": 38,
      "text": "hover:border-white/75",
      "range": [
        3367,
        3388
      ],
      "color": "rgba(255, 255, 255, 0.75)",
      "render": {
        "backgroundColor": "rgb(255, 255, 255)",
        "color": "#000000",
        "border": null,
        "overviewRulerColor": "rgb(255, 255, 255)"
      }
    },
    {
      "index": 50,
      "line": 132,
      "column": 60,
      "text": "focus:ring-emerald-600/[.31]",
      "range": [
        3389,
        3417
      ],
      "color": "rgba(0, 153, 102, 0.31)",
      "render": {
        "backgroundColor": "rgb(0, 153, 102)",
        "color": "#000000",
        "border": null,
        "overviewRulerColor": "rgb(0, 153, 102)"
      }
    },
    {
      "index": 51,
      "line": 137,
      "column": 14,
      "text": "tw:hover:bg-mauve-500!",
      "range": [
        3486,
        3508
      ],
      "color": "rgb(121, 105, 123)",
      "render": {
        "backgroundColor": "rgb(121, 105, 123)",
        "color": "#FFFFFF",
        "border": null,
        "overviewRulerColor": "rgb(121, 105, 123)"
      }
    },
    {
      "index": 52,
      "line": 137,
      "column": 37,
      "text": "text-[oklch(70%_0.2_40)]",
      "range": [
        3509,
        3533
      ],
      "color": "rgb(255, 103, 40)",
      "render": {
        "backgroundColor": "rgb(255, 103, 40)",
        "color": "#000000",
        "border": null,
        "overviewRulerColor": "rgb(255, 103, 40)"
      }
    },
    {
      "index": 53,
      "line": 137,
      "column": 62,
      "text": "fill-(--color-brand-muted)",
      "range": [
        3534,
        3560
      ],
      "color": "rgb(80, 215, 30)",
      "render": {
        "backgroundColor": "rgb(80, 215, 30)",
        "color": "#000000",
        "border": null,
        "overviewRulerColor": "rgb(80, 215, 30)"
      }
    },
    {
      "index": 54,
      "line": 137,
      "column": 89,
      "text": "border-[#50d71e]/50",
      "range": [
        3561,
        3580
      ],
      "color": "rgba(80, 215, 30, 0.5)",
      "render": {
        "backgroundColor": "rgb(80, 215, 30)",
        "color": "#000000",
        "border": null,
        "overviewRulerColor": "rgb(80, 215, 30)"
      }
    }
  ]
}