{
  "file": "stylus.styl",
  "languageId": "stylus",
  "strategyNames": [
    "findHexRGBA",
    "findColorFunctions",
    "findHwb",
    "findTailwindThemeColors",
    "findNamedColors",
    "findRgbNoFunction",
    "findHslNoFunction",
    "findStylusVars",
    "findAnsiSgrColors"
  ],
  "matches": [
    {
      "index": 0,
      "line": 6,
      "column": 9,
      "text": "#f00",
      "range": [
        143,
        147
      ],
      "color": "rgb(255, 0, 0)",
      "render": {
        "backgroundColor": "rgb(255, 0, 0)",
        "color": "#000000",
        "border": null,
        "overviewRulerColor": "rgb(255, 0, 0)"
      }
    },
    {
      "index": 1,
      "line": 7,
      "column": 10,
      "text": "#0f0",
      "range": [
        157,
        161
      ],
      "color": "rgb(0, 255, 0)",
      "render": {
        "backgroundColor": "rgb(0, 255, 0)",
        "color": "#000000",
        "border": null,
        "overviewRulerColor": "rgb(0, 255, 0)"
      }
    },
    {
      "index": 2,
      "line": 8,
      "column": 10,
      "text": "#00f",
      "range": [
        171,
        175
      ],
      "color": "rgb(0, 0, 255)",
      "render": {
        "backgroundColor": "rgb(0, 0, 255)",
        "color": "#FFFFFF",
        "border": null,
        "overviewRulerColor": "rgb(0, 0, 255)"
      }
    },
    {
      "index": 3,
      "line": 11,
      "column": 9,
      "text": "#ff0000",
      "range": [
        210,
        217
      ],
      "color": "rgb(255, 0, 0)",
      "render": {
        "backgroundColor": "rgb(255, 0, 0)",
        "color": "#000000",
        "border": null,
        "overviewRulerColor": "rgb(255, 0, 0)"
      }
    },
    {
      "index": 4,
      "line": 12,
      "column": 10,
      "text": "#00ff00",
      "range": [
        227,
        234
      ],
      "color": "rgb(0, 255, 0)",
      "render": {
        "backgroundColor": "rgb(0, 255, 0)",
        "color": "#000000",
        "border": null,
        "overviewRulerColor": "rgb(0, 255, 0)"
      }
    },
    {
      "index": 5,
      "line": 13,
      "column": 10,
      "text": "#0000ff",
      "range": [
        244,
        251
      ],
      "color": "rgb(0, 0, 255)",
      "render": {
        "backgroundColor": "rgb(0, 0, 255)",
        "color": "#FFFFFF",
        "border": null,
        "overviewRulerColor": "rgb(0, 0, 255)"
      }
    },
    {
      "index": 6,
      "line": 16,
      "column": 9,
      "text": "#f00f",
      "range": [
        296,
        301
      ],
      "color": "rgb(255, 0, 0)",
      "render": {
        "backgroundColor": "rgb(255, 0, 0)",
        "color": "#000000",
        "border": null,
        "overviewRulerColor": "rgb(255, 0, 0)"
      }
    },
    {
      "index": 7,
      "line": 17,
      "column": 10,
      "text": "#0f0c",
      "range": [
        311,
        316
      ],
      "color": "rgba(0, 255, 0, 0.8)",
      "render": {
        "backgroundColor": "rgb(0, 255, 0)",
        "color": "#000000",
        "border": null,
        "overviewRulerColor": "rgb(0, 255, 0)"
      }
    },
    {
      "index": 8,
      "line": 18,
      "column": 10,
      "text": "#00f8",
      "range": [
        326,
        331
      ],
      "color": "rgba(0, 0, 255, 0.533)",
      "render": {
        "backgroundColor": "rgb(0, 0, 255)",
        "color": "#FFFFFF",
        "border": null,
        "overviewRulerColor": "rgb(0, 0, 255)"
      }
    },
    {
      "index": 9,
      "line": 21,
      "column": 9,
      "text": "#ff000080",
      "range": [
        380,
        389
      ],
      "color": "rgba(255, 0, 0, 0.502)",
      "render": {
        "backgroundColor": "rgb(255, 0, 0)",
        "color": "#000000",
        "border": null,
        "overviewRulerColor": "rgb(255, 0, 0)"
      }
    },
    {
      "index": 10,
      "line": 22,
      "column": 10,
      "text": "#00ff00cc",
      "range": [
        399,
        408
      ],
      "color": "rgba(0, 255, 0, 0.8)",
      "render": {
        "backgroundColor": "rgb(0, 255, 0)",
        "color": "#000000",
        "border": null,
        "overviewRulerColor": "rgb(0, 255, 0)"
      }
    },
    {
      "index": 11,
      "line": 23,
      "column": 10,
      "text": "#0000ffff",
      "range": [
        418,
        427
      ],
      "color": "rgb(0, 0, 255)",
      "render": {
        "backgroundColor": "rgb(0, 0, 255)",
        "color": "#FFFFFF",
        "border": null,
        "overviewRulerColor": "rgb(0, 0, 255)"
      }
    },
    {
      "index": 12,
      "line": 30,
      "column": 13,
      "text": "rgb(255, 0, 0)",
      "range": [
        586,
        600
      ],
      "color": "rgb(255, 0, 0)",
      "render": {
        "backgroundColor": "rgb(255, 0, 0)",
        "color": "#000000",
        "border": null,
        "overviewRulerColor": "rgb(255, 0, 0)"
      }
    },
    {
      "index": 13,
      "line": 31,
      "column": 15,
      "text": "rgb(0, 128, 255)",
      "range": [
        615,
        631
      ],
      "color": "rgb(0, 128, 255)",
      "render": {
        "backgroundColor": "rgb(0, 128, 255)",
        "color": "#000000",
        "border": null,
        "overviewRulerColor": "rgb(0, 128, 255)"
      }
    },
    {
      "index": 14,
      "line": 34,
      "column": 14,
      "text": "rgba(255, 0, 0, 1)",
      "range": [
        669,
        687
      ],
      "color": "rgb(255, 0, 0)",
      "render": {
        "backgroundColor": "rgb(255, 0, 0)",
        "color": "#000000",
        "border": null,
        "overviewRulerColor": "rgb(255, 0, 0)"
      }
    },
    {
      "index": 15,
      "line": 35,
      "column": 16,
      "text": "rgba(0, 128, 255, 0.5)",
      "range": [
        703,
        725
      ],
      "color": "rgba(0, 128, 255, 0.5)",
      "render": {
        "backgroundColor": "rgb(0, 128, 255)",
        "color": "#000000",
        "border": null,
        "overviewRulerColor": "rgb(0, 128, 255)"
      }
    },
    {
      "index": 16,
      "line": 38,
      "column": 13,
      "text": "rgb(255 0 0)",
      "range": [
        761,
        773
      ],
      "color": "rgb(255, 0, 0)",
      "render": {
        "backgroundColor": "rgb(255, 0, 0)",
        "color": "#000000",
        "border": null,
        "overviewRulerColor": "rgb(255, 0, 0)"
      }
    },
    {
      "index": 17,
      "line": 39,
      "column": 15,
      "text": "rgb(0 128 255)",
      "range": [
        788,
        802
      ],
      "color": "rgb(0, 128, 255)",
      "render": {
        "backgroundColor": "rgb(0, 128, 255)",
        "color": "#000000",
        "border": null,
        "overviewRulerColor": "rgb(0, 128, 255)"
      }
    },
    {
      "index": 18,
      "line": 42,
      "column": 14,
      "text": "rgb(255 0 0 / 1)",
      "range": [
        847,
        863
      ],
      "color": "rgb(255, 0, 0)",
      "render": {
        "backgroundColor": "rgb(255, 0, 0)",
        "color": "#000000",
        "border": null,
        "overviewRulerColor": "rgb(255, 0, 0)"
      }
    },
    {
      "index": 19,
      "line": 43,
      "column": 16,
      "text": "rgb(0 128 255 / 0.5)",
      "range": [
        879,
        899
      ],
      "color": "rgba(0, 128, 255, 0.5)",
      "render": {
        "backgroundColor": "rgb(0, 128, 255)",
        "color": "#000000",
        "border": null,
        "overviewRulerColor": "rgb(0, 128, 255)"
      }
    },
    {
      "index": 20,
      "line": 50,
      "column": 13,
      "text": "hsl(0, 100%, 50%)",
      "range": [
        1058,
        1075
      ],
      "color": "rgb(255, 0, 0)",
      "render": {
        "backgroundColor": "rgb(255, 0, 0)",
        "color": "#000000",
        "border": null,
        "overviewRulerColor": "rgb(255, 0, 0)"
      }
    },
    {
      "index": 21,
      "line": 51,
      "column": 15,
      "text": "hsl(210, 50%, 50%)",
      "range": [
        1090,
        1108
      ],
      "color": "rgb(64, 128, 191)",
      "render": {
        "backgroundColor": "rgb(64, 128, 191)",
        "color": "#000000",
        "border": null,
        "overviewRulerColor": "rgb(64, 128, 191)"
      }
    },
    {
      "index": 22,
      "line": 54,
      "column": 14,
      "text": "hsla(0, 100%, 50%, 1)",
      "range": [
        1146,
        1167
      ],
      "color": "rgb(255, 0, 0)",
      "render": {
        "backgroundColor": "rgb(255, 0, 0)",
        "color": "#000000",
        "border": null,
        "overviewRulerColor": "rgb(255, 0, 0)"
      }
    },
    {
      "index": 23,
      "line": 55,
      "column": 16,
      "text": "hsla(210, 50%, 50%, 0.5)",
      "range": [
        1183,
        1207
      ],
      "color": "rgba(64, 128, 191, 0.5)",
      "render": {
        "backgroundColor": "rgb(64, 128, 191)",
        "color": "#000000",
        "border": null,
        "overviewRulerColor": "rgb(64, 128, 191)"
      }
    },
    {
      "index": 24,
      "line": 58,
      "column": 13,
      "text": "hsl(0 100% 50%)",
      "range": [
        1243,
        1258
      ],
      "color": "rgb(255, 0, 0)",
      "render": {
        "backgroundColor": "rgb(255, 0, 0)",
        "color": "#000000",
        "border": null,
        "overviewRulerColor": "rgb(255, 0, 0)"
      }
    },
    {
      "index": 25,
      "line": 64,
      "column": 4,
      "text": "hwb",
      "range": [
        1378,
        1381
      ],
      "color": "rgb(255, 0, 0)",
      "render": {
        "backgroundColor": "rgb(255, 0, 0)",
        "color": "#000000",
        "border": null,
        "overviewRulerColor": "rgb(255, 0, 0)"
      }
    },
    {
      "index": 26,
      "line": 65,
      "column": 7,
      "text": "hwb(0 0% 0%)",
      "range": [
        1390,
        1402
      ],
      "color": "rgb(255, 0, 0)",
      "render": {
        "backgroundColor": "rgb(255, 0, 0)",
        "color": "#000000",
        "border": null,
        "overviewRulerColor": "rgb(255, 0, 0)"
      }
    },
    {
      "index": 27,
      "line": 66,
      "column": 9,
      "text": "hwb(210 20% 30%)",
      "range": [
        1411,
        1427
      ],
      "color": "rgb(51, 115, 179)",
      "render": {
        "backgroundColor": "rgb(51, 115, 179)",
        "color": "#FFFFFF",
        "border": null,
        "overviewRulerColor": "rgb(51, 115, 179)"
      }
    },
    {
      "index": 28,
      "line": 68,
      "column": 4,
      "text": "hwb",
      "range": [
        1432,
        1435
      ],
      "color": "rgb(255, 0, 0)",
      "render": {
        "backgroundColor": "rgb(255, 0, 0)",
        "color": "#000000",
        "border": null,
        "overviewRulerColor": "rgb(255, 0, 0)"
      }
    },
    {
      "index": 29,
      "line": 69,
      "column": 13,
      "text": "hwb(0 0% 0% / 0.5)",
      "range": [
        1461,
        1479
      ],
      "color": "rgba(255, 0, 0, 0.5)",
      "render": {
        "backgroundColor": "rgb(255, 0, 0)",
        "color": "#000000",
        "border": null,
        "overviewRulerColor": "rgb(255, 0, 0)"
      }
    },
    {
      "index": 30,
      "line": 75,
      "column": 7,
      "text": "lch(50 30 0)",
      "range": [
        1625,
        1637
      ],
      "color": "rgb(166, 98, 120)",
      "render": {
        "backgroundColor": "rgb(166, 98, 120)",
        "color": "#000000",
        "border": null,
        "overviewRulerColor": "rgb(166, 98, 120)"
      }
    },
    {
      "index": 31,
      "line": 76,
      "column": 9,
      "text": "oklch(0.5 0.15 0)",
      "range": [
        1646,
        1663
      ],
      "color": "rgb(163, 52, 96)",
      "render": {
        "backgroundColor": "rgb(163, 52, 96)",
        "color": "#FFFFFF",
        "border": null,
        "overviewRulerColor": "rgb(163, 52, 96)"
      }
    },
    {
      "index": 32,
      "line": 77,
      "column": 7,
      "text": "lab(50 0 0)",
      "range": [
        1670,
        1681
      ],
      "color": "rgb(119, 119, 119)",
      "render": {
        "backgroundColor": "rgb(119, 119, 119)",
        "color": "#000000",
        "border": null,
        "overviewRulerColor": "rgb(119, 119, 119)"
      }
    },
    {
      "index": 33,
      "line": 78,
      "column": 9,
      "text": "oklab(0.5 0 0)",
      "range": [
        1690,
        1704
      ],
      "color": "rgb(99, 99, 99)",
      "render": {
        "backgroundColor": "rgb(99, 99, 99)",
        "color": "#FFFFFF",
        "border": null,
        "overviewRulerColor": "rgb(99, 99, 99)"
      }
    },
    {
      "index": 34,
      "line": 84,
      "column": 13,
      "text": "red",
      "range": [
        1833,
        1836
      ],
      "color": "rgb(255, 0, 0)",
      "render": {
        "backgroundColor": "rgb(255, 0, 0)",
        "color": "#000000",
        "border": null,
        "overviewRulerColor": "rgb(255, 0, 0)"
      }
    },
    {
      "index": 35,
      "line": 85,
      "column": 14,
      "text": "blue",
      "range": [
        1850,
        1854
      ],
      "color": "rgb(0, 0, 255)",
      "render": {
        "backgroundColor": "rgb(0, 0, 255)",
        "color": "#FFFFFF",
        "border": null,
        "overviewRulerColor": "rgb(0, 0, 255)"
      }
    },
    {
      "index": 36,
      "line": 86,
      "column": 23,
      "text": "rebeccapurple",
      "range": [
        1877,
        1890
      ],
      "color": "rgb(102, 51, 153)",
      "render": {
        "backgroundColor": "rgb(102, 51, 153)",
        "color": "#FFFFFF",
        "border": null,
        "overviewRulerColor": "rgb(102, 51, 153)"
      }
    },
    {
      "index": 37,
      "line": 87,
      "column": 15,
      "text": "coral",
      "range": [
        1905,
        1910
      ],
      "color": "rgb(255, 127, 80)",
      "render": {
        "backgroundColor": "rgb(255, 127, 80)",
        "color": "#000000",
        "border": null,
        "overviewRulerColor": "rgb(255, 127, 80)"
      }
    },
    {
      "index": 38,
      "line": 94,
      "column": 10,
      "text": "$hex-6",
      "range": [
        2048,
        2054
      ],
      "color": "rgb(255, 0, 0)",
      "render": {
        "backgroundColor": "rgb(255, 0, 0)",
        "color": "#000000",
        "border": null,
        "overviewRulerColor": "rgb(255, 0, 0)"
      }
    },
    {
      "index": 39,
      "line": 95,
      "column": 15,
      "text": "$rgb-comma",
      "range": [
        2069,
        2079
      ],
      "color": "rgb(255, 0, 0)",
      "render": {
        "backgroundColor": "rgb(255, 0, 0)",
        "color": "#000000",
        "border": null,
        "overviewRulerColor": "rgb(255, 0, 0)"
      }
    },
    {
      "index": 40,
      "line": 96,
      "column": 17,
      "text": "$hsl-comma",
      "range": [
        2096,
        2106
      ],
      "color": "rgb(255, 0, 0)",
      "render": {
        "backgroundColor": "rgb(255, 0, 0)",
        "color": "#000000",
        "border": null,
        "overviewRulerColor": "rgb(255, 0, 0)"
      }
    },
    {
      "index": 41,
      "line": 99,
      "column": 10,
      "text": "$named-red",
      "range": [
        2122,
        2132
      ],
      "color": "rgb(255, 0, 0)",
      "render": {
        "backgroundColor": "rgb(255, 0, 0)",
        "color": "#000000",
        "border": null,
        "overviewRulerColor": "rgb(255, 0, 0)"
      }
    },
    {
      "index": 42,
      "line": 100,
      "column": 15,
      "text": "$hex-8",
      "range": [
        2147,
        2153
      ],
      "color": "rgba(255, 0, 0, 0.502)",
      "render": {
        "backgroundColor": "rgb(255, 0, 0)",
        "color": "#000000",
        "border": null,
        "overviewRulerColor": "rgb(255, 0, 0)"
      }
    },
    {
      "index": 43,
      "line": 101,
      "column": 18,
      "text": "$hwb",
      "range": [
        2171,
        2175
      ],
      "color": "rgb(255, 0, 0)",
      "render": {
        "backgroundColor": "rgb(255, 0, 0)",
        "color": "#000000",
        "border": null,
        "overviewRulerColor": "rgb(255, 0, 0)"
      }
    },
    {
      "index": 44,
      "line": 108,
      "column": 13,
      "text": "#ff0000",
      "range": [
        2400,
        2407
      ],
      "color": "rgb(255, 0, 0)",
      "render": {
        "backgroundColor": "rgb(255, 0, 0)",
        "color": "#000000",
        "border": null,
        "overviewRulerColor": "rgb(255, 0, 0)"
      }
    },
    {
      "index": 45,
      "line": 109,
      "column": 15,
      "text": "$root-red",
      "range": [
        2422,
        2431
      ],
      "color": "rgb(255, 0, 0)",
      "render": {
        "backgroundColor": "rgb(255, 0, 0)",
        "color": "#000000",
        "border": null,
        "overviewRulerColor": "rgb(255, 0, 0)"
      }
    },
    {
      "index": 46,
      "line": 110,
      "column": 15,
      "text": "rgb(30, 64, 175)",
      "range": [
        2446,
        2462
      ],
      "color": "rgb(30, 64, 175)",
      "render": {
        "backgroundColor": "rgb(30, 64, 175)",
        "color": "#FFFFFF",
        "border": null,
        "overviewRulerColor": "rgb(30, 64, 175)"
      }
    },
    {
      "index": 47,
      "line": 113,
      "column": 9,
      "text": "$root-red",
      "range": [
        2490,
        2499
      ],
      "color": "rgb(255, 0, 0)",
      "render": {
        "backgroundColor": "rgb(255, 0, 0)",
        "color": "#000000",
        "border": null,
        "overviewRulerColor": "rgb(255, 0, 0)"
      }
    },
    {
      "index": 48,
      "line": 114,
      "column": 14,
      "text": "$root-red-2",
      "range": [
        2513,
        2524
      ],
      "color": "rgb(255, 0, 0)",
      "render": {
        "backgroundColor": "rgb(255, 0, 0)",
        "color": "#000000",
        "border": null,
        "overviewRulerColor": "rgb(255, 0, 0)"
      }
    },
    {
      "index": 49,
      "line": 115,
      "column": 16,
      "text": "$root-panel",
      "range": [
        2540,
        2551
      ],
      "color": "rgb(30, 64, 175)",
      "render": {
        "backgroundColor": "rgb(30, 64, 175)",
        "color": "#FFFFFF",
        "border": null,
        "overviewRulerColor": "rgb(30, 64, 175)"
      }
    },
    {
      "index": 50,
      "line": 118,
      "column": 13,
      "text": "red",
      "range": [
        2636,
        2639
      ],
      "color": "rgb(255, 0, 0)",
      "render": {
        "backgroundColor": "rgb(255, 0, 0)",
        "color": "#000000",
        "border": null,
        "overviewRulerColor": "rgb(255, 0, 0)"
      }
    },
    {
      "index": 51,
      "line": 119,
      "column": 15,
      "text": "$colon-red",
      "range": [
        2654,
        2664
      ],
      "color": "rgb(255, 0, 0)",
      "render": {
        "backgroundColor": "rgb(255, 0, 0)",
        "color": "#000000",
        "border": null,
        "overviewRulerColor": "rgb(255, 0, 0)"
      }
    },
    {
      "index": 52,
      "line": 122,
      "column": 10,
      "text": "$colon-red",
      "range": [
        2694,
        2704
      ],
      "color": "rgb(255, 0, 0)",
      "render": {
        "backgroundColor": "rgb(255, 0, 0)",
        "color": "#000000",
        "border": null,
        "overviewRulerColor": "rgb(255, 0, 0)"
      }
    },
    {
      "index": 53,
      "line": 123,
      "column": 17,
      "text": "$colon-red-2",
      "range": [
        2721,
        2733
      ],
      "color": "rgb(255, 0, 0)",
      "render": {
        "backgroundColor": "rgb(255, 0, 0)",
        "color": "#000000",
        "border": null,
        "overviewRulerColor": "rgb(255, 0, 0)"
      }
    },
    {
      "index": 54,
      "line": 127,
      "column": 19,
      "text": "#7c3aed",
      "range": [
        2851,
        2858
      ],
      "color": "rgb(124, 58, 237)",
      "render": {
        "backgroundColor": "rgb(124, 58, 237)",
        "color": "#FFFFFF",
        "border": null,
        "overviewRulerColor": "rgb(124, 58, 237)"
      }
    },
    {
      "index": 55,
      "line": 128,
      "column": 16,
      "text": "hsl(160, 70%, 45%)",
      "range": [
        2874,
        2892
      ],
      "color": "rgb(34, 195, 142)",
      "render": {
        "backgroundColor": "rgb(34, 195, 142)",
        "color": "#000000",
        "border": null,
        "overviewRulerColor": "rgb(34, 195, 142)"
      }
    },
    {
      "index": 56,
      "line": 129,
      "column": 9,
      "text": "$local-accent",
      "range": [
        2901,
        2914
      ],
      "color": "rgb(124, 58, 237)",
      "render": {
        "backgroundColor": "rgb(124, 58, 237)",
        "color": "#FFFFFF",
        "border": null,
        "overviewRulerColor": "rgb(124, 58, 237)"
      }
    },
    {
      "index": 57,
      "line": 130,
      "column": 14,
      "text": "$local-fill",
      "range": [
        2928,
        2939
      ],
      "color": "rgb(34, 195, 142)",
      "render": {
        "backgroundColor": "rgb(34, 195, 142)",
        "color": "#000000",
        "border": null,
        "overviewRulerColor": "rgb(34, 195, 142)"
      }
    },
    {
      "index": 58,
      "line": 133,
      "column": 15,
      "text": "#0ea5e9",
      "range": [
        3011,
        3018
      ],
      "color": "rgb(14, 165, 233)",
      "render": {
        "backgroundColor": "rgb(14, 165, 233)",
        "color": "#000000",
        "border": null,
        "overviewRulerColor": "rgb(14, 165, 233)"
      }
    },
    {
      "index": 59,
      "line": 134,
      "column": 17,
      "text": "$base-brand",
      "range": [
        3035,
        3046
      ],
      "color": "rgb(14, 165, 233)",
      "render": {
        "backgroundColor": "rgb(14, 165, 233)",
        "color": "#000000",
        "border": null,
        "overviewRulerColor": "rgb(14, 165, 233)"
      }
    },
    {
      "index": 60,
      "line": 135,
      "column": 14,
      "text": "$brand-strong",
      "range": [
        3060,
        3073
      ],
      "color": "rgb(14, 165, 233)",
      "render": {
        "backgroundColor": "rgb(14, 165, 233)",
        "color": "#000000",
        "border": null,
        "overviewRulerColor": "rgb(14, 165, 233)"
      }
    },
    {
      "index": 61,
      "line": 138,
      "column": 9,
      "text": "$brand-strong",
      "range": [
        3097,
        3110
      ],
      "color": "rgb(14, 165, 233)",
      "render": {
        "backgroundColor": "rgb(14, 165, 233)",
        "color": "#000000",
        "border": null,
        "overviewRulerColor": "rgb(14, 165, 233)"
      }
    },
    {
      "index": 62,
      "line": 139,
      "column": 18,
      "text": "$brand-ring",
      "range": [
        3128,
        3139
      ],
      "color": "rgb(14, 165, 233)",
      "render": {
        "backgroundColor": "rgb(14, 165, 233)",
        "color": "#000000",
        "border": null,
        "overviewRulerColor": "rgb(14, 165, 233)"
      }
    },
    {
      "index": 63,
      "line": 142,
      "column": 8,
      "text": "#ff0000",
      "range": [
        3224,
        3231
      ],
      "color": "rgb(255, 0, 0)",
      "render": {
        "backgroundColor": "rgb(255, 0, 0)",
        "color": "#000000",
        "border": null,
        "overviewRulerColor": "rgb(255, 0, 0)"
      }
    },
    {
      "index": 64,
      "line": 143,
      "column": 9,
      "text": "$red",
      "range": [
        3240,
        3244
      ],
      "color": "rgb(255, 0, 0)",
      "render": {
        "backgroundColor": "rgb(255, 0, 0)",
        "color": "#000000",
        "border": null,
        "overviewRulerColor": "rgb(255, 0, 0)"
      }
    },
    {
      "index": 65,
      "line": 144,
      "column": 12,
      "text": "$red2",
      "range": [
        3256,
        3261
      ],
      "color": "rgb(255, 0, 0)",
      "render": {
        "backgroundColor": "rgb(255, 0, 0)",
        "color": "#000000",
        "border": null,
        "overviewRulerColor": "rgb(255, 0, 0)"
      }
    },
    {
      "index": 66,
      "line": 147,
      "column": 9,
      "text": "$red2",
      "range": [
        3290,
        3295
      ],
      "color": "rgb(255, 0, 0)",
      "render": {
        "backgroundColor": "rgb(255, 0, 0)",
        "color": "#000000",
        "border": null,
        "overviewRulerColor": "rgb(255, 0, 0)"
      }
    },
    {
      "index": 67,
      "line": 148,
      "column": 16,
      "text": "$red-long",
      "range": [
        3311,
        3320
      ],
      "color": "rgb(255, 0, 0)",
      "render": {
        "backgroundColor": "rgb(255, 0, 0)",
        "color": "#000000",
        "border": null,
        "overviewRulerColor": "rgb(255, 0, 0)"
      }
    },
    {
      "index": 68,
      "line": 149,
      "column": 24,
      "text": "$red",
      "range": [
        3344,
        3348
      ],
      "color": "rgb(255, 0, 0)",
      "render": {
        "backgroundColor": "rgb(255, 0, 0)",
        "color": "#000000",
        "border": null,
        "overviewRulerColor": "rgb(255, 0, 0)"
      }
    },
    {
      "index": 69,
      "line": 156,
      "column": 22,
      "text": "color(display-p3 1 0.2 0.1)",
      "range": [
        3579,
        3606
      ],
      "color": "rgb(255, 0, 0)",
      "render": {
        "backgroundColor": "rgb(255, 0, 0)",
        "color": "#000000",
        "border": null,
        "overviewRulerColor": "rgb(255, 0, 0)"
      }
    },
    {
      "index": 70,
      "line": 157,
      "column": 19,
      "text": "color(rec2020 0.8 0.2 0.1 / 0.75)",
      "range": [
        3625,
        3658
      ],
      "color": "rgba(255, 0, 22, 0.75)",
      "render": {
        "backgroundColor": "rgb(255, 0, 22)",
        "color": "#000000",
        "border": null,
        "overviewRulerColor": "rgb(255, 0, 22)"
      }
    },
    {
      "index": 71,
      "line": 158,
      "column": 20,
      "text": "color(prophoto-rgb 0.7 0.3 0.2)",
      "range": [
        3678,
        3709
      ],
      "color": "rgb(252, 39, 58)",
      "render": {
        "backgroundColor": "rgb(252, 39, 58)",
        "color": "#000000",
        "border": null,
        "overviewRulerColor": "rgb(252, 39, 58)"
      }
    },
    {
      "index": 72,
      "line": 161,
      "column": 9,
      "text": "$display-p3-accent",
      "range": [
        3737,
        3755
      ],
      "color": "rgb(255, 0, 0)",
      "render": {
        "backgroundColor": "rgb(255, 0, 0)",
        "color": "#000000",
        "border": null,
        "overviewRulerColor": "rgb(255, 0, 0)"
      }
    },
    {
      "index": 73,
      "line": 162,
      "column": 14,
      "text": "$rec2020-accent",
      "range": [
        3769,
        3784
      ],
      "color": "rgba(255, 0, 22, 0.75)",
      "render": {
        "backgroundColor": "rgb(255, 0, 22)",
        "color": "#000000",
        "border": null,
        "overviewRulerColor": "rgb(255, 0, 22)"
      }
    },
    {
      "index": 74,
      "line": 163,
      "column": 16,
      "text": "$prophoto-accent",
      "range": [
        3800,
        3816
      ],
      "color": "rgb(252, 39, 58)",
      "render": {
        "backgroundColor": "rgb(252, 39, 58)",
        "color": "#000000",
        "border": null,
        "overviewRulerColor": "rgb(252, 39, 58)"
      }
    },
    {
      "index": 75,
      "line": 166,
      "column": 4,
      "text": "0xff6600",
      "range": [
        3879,
        3887
      ],
      "color": "rgb(255, 102, 0)",
      "render": {
        "backgroundColor": "rgb(255, 102, 0)",
        "color": "#000000",
        "border": null,
        "overviewRulerColor": "rgb(255, 102, 0)"
      }
    }
  ]
}